Archive member included because of file (symbol)

C:\Users\bruno\SimplicityStudio\v4_workspace\botao_panico_custom_board\protocol\bluetooth_2.7\lib\EFR32BG1B\GCC\libbluetooth.a(bgapi.c.obj)
                              ./User/functions.o (gecko_rsp_msg_buf)
C:\Users\bruno\SimplicityStudio\v4_workspace\botao_panico_custom_board\protocol\bluetooth_2.7\lib\EFR32BG1B\GCC\libbluetooth.a(bgapi_endpoint.c.obj)
                              ./User/functions.o (sli_bt_cmd_endpoint_close)
C:\Users\bruno\SimplicityStudio\v4_workspace\botao_panico_custom_board\protocol\bluetooth_2.7\lib\EFR32BG1B\GCC\libbluetooth.a(bgapi_gap.c.obj)
                              ./User/functions.o (sli_bt_cmd_le_gap_set_mode)
C:\Users\bruno\SimplicityStudio\v4_workspace\botao_panico_custom_board\protocol\bluetooth_2.7\lib\EFR32BG1B\GCC\libbluetooth.a(bgapi_gatt.c.obj)
                              C:\Users\bruno\SimplicityStudio\v4_workspace\botao_panico_custom_board\protocol\bluetooth_2.7\lib\EFR32BG1B\GCC\libbluetooth.a(bgapi.c.obj) (bgapi_gatt_listener)
C:\Users\bruno\SimplicityStudio\v4_workspace\botao_panico_custom_board\protocol\bluetooth_2.7\lib\EFR32BG1B\GCC\libbluetooth.a(bgapi_gatt_lib.c.obj)
                              ./User/functions.o (sli_bt_cmd_gatt_server_send_user_write_response)
C:\Users\bruno\SimplicityStudio\v4_workspace\botao_panico_custom_board\protocol\bluetooth_2.7\lib\EFR32BG1B\GCC\libbluetooth.a(bgapi_le_connection.c.obj)
                              ./User/functions.o (sli_bt_cmd_le_connection_set_parameters)
C:\Users\bruno\SimplicityStudio\v4_workspace\botao_panico_custom_board\protocol\bluetooth_2.7\lib\EFR32BG1B\GCC\libbluetooth.a(bgapi_ps.c.obj)
                              ./User/functions.o (sli_bt_cmd_flash_ps_save)
C:\Users\bruno\SimplicityStudio\v4_workspace\botao_panico_custom_board\protocol\bluetooth_2.7\lib\EFR32BG1B\GCC\libbluetooth.a(bgapi_system.c.obj)
                              ./User/functions.o (sli_bt_cmd_system_get_bt_address)
C:\Users\bruno\SimplicityStudio\v4_workspace\botao_panico_custom_board\protocol\bluetooth_2.7\lib\EFR32BG1B\GCC\libbluetooth.a(bgbuf.c.obj)
                              C:\Users\bruno\SimplicityStudio\v4_workspace\botao_panico_custom_board\protocol\bluetooth_2.7\lib\EFR32BG1B\GCC\libbluetooth.a(bgapi_gatt.c.obj) (bgbuf_chain_free)
C:\Users\bruno\SimplicityStudio\v4_workspace\botao_panico_custom_board\protocol\bluetooth_2.7\lib\EFR32BG1B\GCC\libbluetooth.a(bglib.c.obj)
                              ./User/functions.o (gecko_stack_init)
C:\Users\bruno\SimplicityStudio\v4_workspace\botao_panico_custom_board\protocol\bluetooth_2.7\lib\EFR32BG1B\GCC\libbluetooth.a(btl_interface.c.obj)
                              C:\Users\bruno\SimplicityStudio\v4_workspace\botao_panico_custom_board\protocol\bluetooth_2.7\lib\EFR32BG1B\GCC\libbluetooth.a(bgapi.c.obj) (bootloader_getInfo)
C:\Users\bruno\SimplicityStudio\v4_workspace\botao_panico_custom_board\protocol\bluetooth_2.7\lib\EFR32BG1B\GCC\libbluetooth.a(gap.c.obj)
                              C:\Users\bruno\SimplicityStudio\v4_workspace\botao_panico_custom_board\protocol\bluetooth_2.7\lib\EFR32BG1B\GCC\libbluetooth.a(bgapi_gap.c.obj) (ubt_gap_set_le_connection_parameters)
C:\Users\bruno\SimplicityStudio\v4_workspace\botao_panico_custom_board\protocol\bluetooth_2.7\lib\EFR32BG1B\GCC\libbluetooth.a(gap_resolver.c.obj)
                              C:\Users\bruno\SimplicityStudio\v4_workspace\botao_panico_custom_board\protocol\bluetooth_2.7\lib\EFR32BG1B\GCC\libbluetooth.a(gap.c.obj) (gap_address_resolver_step)
C:\Users\bruno\SimplicityStudio\v4_workspace\botao_panico_custom_board\protocol\bluetooth_2.7\lib\EFR32BG1B\GCC\libbluetooth.a(gatt.c.obj)
                              C:\Users\bruno\SimplicityStudio\v4_workspace\botao_panico_custom_board\protocol\bluetooth_2.7\lib\EFR32BG1B\GCC\libbluetooth.a(gap.c.obj) (gatt_init_connection)
C:\Users\bruno\SimplicityStudio\v4_workspace\botao_panico_custom_board\protocol\bluetooth_2.7\lib\EFR32BG1B\GCC\libbluetooth.a(gatt_client.c.obj)
                              C:\Users\bruno\SimplicityStudio\v4_workspace\botao_panico_custom_board\protocol\bluetooth_2.7\lib\EFR32BG1B\GCC\libbluetooth.a(bgapi_gatt_lib.c.obj) (gatt_client_init)
C:\Users\bruno\SimplicityStudio\v4_workspace\botao_panico_custom_board\protocol\bluetooth_2.7\lib\EFR32BG1B\GCC\libbluetooth.a(gatt_db_minimal.c.obj)
                              C:\Users\bruno\SimplicityStudio\v4_workspace\botao_panico_custom_board\protocol\bluetooth_2.7\lib\EFR32BG1B\GCC\libbluetooth.a(gatt.c.obj) (gatt_db_set_db)
C:\Users\bruno\SimplicityStudio\v4_workspace\botao_panico_custom_board\protocol\bluetooth_2.7\lib\EFR32BG1B\GCC\libbluetooth.a(gatt_server.c.obj)
                              C:\Users\bruno\SimplicityStudio\v4_workspace\botao_panico_custom_board\protocol\bluetooth_2.7\lib\EFR32BG1B\GCC\libbluetooth.a(gatt_db_minimal.c.obj) (gatt_server_send_attribute_value_event)
[...]
Memory Configuration

Name             Origin             Length             Attributes
FLASH_BOOTLOADER 0x00000000         0x00004000         xr
FLASH            0x00004000         0x0003b000         xr
RAM              0x20000000         0x00007bfc         xrw
*default*        0x00000000         0xffffffff

Linker script and memory map

LOAD c:/siliconlabs/simplicitystudio/v4/developer/toolchains/gnu_arm/4.9_2015q3/bin/../lib/gcc/arm-none-eabi/4.9.3/armv7e-m/softfp/crti.o
LOAD c:/siliconlabs/simplicitystudio/v4/developer/toolchains/gnu_arm/4.9_2015q3/bin/../lib/gcc/arm-none-eabi/4.9.3/armv7e-m/softfp/crtbegin.o
LOAD c:/siliconlabs/simplicitystudio/v4/developer/toolchains/gnu_arm/4.9_2015q3/bin/../lib/gcc/arm-none-eabi/4.9.3/../../../../arm-none-eabi/lib/armv7e-m/softfp/crt0.o
START GROUP
LOAD ./User/functions.o
LOAD ./User/my_adc.o
LOAD ./User/my_dma.o
LOAD ./User/my_gpio.o
LOAD ./User/my_ibeacon.o
LOAD ./User/my_init.o
LOAD ./User/my_leusart.o
LOAD ./User/my_usart.o
LOAD ./application_properties.o
LOAD ./bsp_trace.o
LOAD ./custom_adv.o
LOAD ./eeprom_emulation.o
LOAD ./gatt_db.o
LOAD ./init_app.o
LOAD ./init_board.o
LOAD ./init_mcu.o
LOAD ./interrupt.o
LOAD ./main.o
LOAD ./hardware/kit/common/bsp/bsp_stk.o
LOAD ./platform/Device/SiliconLabs/EFR32BG1B/Source/GCC/startup_efr32bg1b.o
LOAD ./platform/Device/SiliconLabs/EFR32BG1B/Source/system_efr32bg1b.o
LOAD ./platform/emdrv/sleep/src/sleep.o
LOAD ./platform/emdrv/tempdrv/src/tempdrv.o
LOAD ./platform/emlib/src/em_cmu.o
LOAD ./platform/emlib/src/em_core.o
LOAD ./platform/emlib/src/em_cryotimer.o
LOAD ./platform/emlib/src/em_crypto.o
LOAD ./platform/emlib/src/em_emu.o
LOAD ./platform/emlib/src/em_gpio.o
LOAD ./platform/emlib/src/em_i2c.o
LOAD ./platform/emlib/src/em_msc.o
LOAD ./platform/emlib/src/em_rmu.o
LOAD ./platform/emlib/src/em_rtcc.o
LOAD ./platform/emlib/src/em_system.o
LOAD ./platform/emlib/src/em_timer.o
LOAD ./platform/emlib/src/em_usart.o
LOAD C:\Users\bruno\SimplicityStudio\v4_workspace\botao_panico_custom_board\platform\radio\rail_lib\autogen\librail_release\librail_efr32xg1_gcc_release.a
LOAD C:\Users\bruno\SimplicityStudio\v4_workspace\botao_panico_custom_board\protocol\bluetooth_2.7\lib\EFR32BG1B\GCC\libbluetooth.a
LOAD C:\Users\bruno\SimplicityStudio\v4_workspace\botao_panico_custom_board\protocol\bluetooth_2.7\lib\EFR32BG1B\GCC\binapploader.o
LOAD C:\Users\bruno\SimplicityStudio\v4_workspace\botao_panico_custom_board\protocol\bluetooth_2.7\lib\EFR32BG1B\GCC\libpsstore.a
LOAD C:\Users\bruno\SimplicityStudio\v4_workspace\botao_panico_custom_board\protocol\bluetooth_2.7\lib\EFR32BG1B\GCC\libmbedtls.a
LOAD c:/siliconlabs/simplicitystudio/v4/developer/toolchains/gnu_arm/4.9_2015q3/bin/../lib/gcc/arm-none-eabi/4.9.3/../../../../arm-none-eabi/lib/armv7e-m/softfp\libm.a
END GROUP
START GROUP
LOAD c:/siliconlabs/simplicitystudio/v4/developer/toolchains/gnu_arm/4.9_2015q3/bin/../lib/gcc/arm-none-eabi/4.9.3/armv7e-m/softfp\libgcc.a
LOAD c:/siliconlabs/simplicitystudio/v4/developer/toolchains/gnu_arm/4.9_2015q3/bin/../lib/gcc/arm-none-eabi/4.9.3/../../../../arm-none-eabi/lib/armv7e-m/softfp\libc_nano.a
LOAD c:/siliconlabs/simplicitystudio/v4/developer/toolchains/gnu_arm/4.9_2015q3/bin/../lib/gcc/arm-none-eabi/4.9.3/../../../../arm-none-eabi/lib/armv7e-m/softfp\libnosys.a
END GROUP
START GROUP
LOAD c:/siliconlabs/simplicitystudio/v4/developer/toolchains/gnu_arm/4.9_2015q3/bin/../lib/gcc/arm-none-eabi/4.9.3/armv7e-m/softfp\libgcc.a
LOAD c:/siliconlabs/simplicitystudio/v4/developer/toolchains/gnu_arm/4.9_2015q3/bin/../lib/gcc/arm-none-eabi/4.9.3/../../../../arm-none-eabi/lib/armv7e-m/softfp\libg_nano.a
LOAD c:/siliconlabs/simplicitystudio/v4/developer/toolchains/gnu_arm/4.9_2015q3/bin/../lib/gcc/arm-none-eabi/4.9.3/../../../../arm-none-eabi/lib/armv7e-m/softfp\libc_nano.a
END GROUP
START GROUP
LOAD c:/siliconlabs/simplicitystudio/v4/developer/toolchains/gnu_arm/4.9_2015q3/bin/../lib/gcc/arm-none-eabi/4.9.3/armv7e-m/softfp\libgcc.a
LOAD c:/siliconlabs/simplicitystudio/v4/developer/toolchains/gnu_arm/4.9_2015q3/bin/../lib/gcc/arm-none-eabi/4.9.3/../../../../arm-none-eabi/lib/armv7e-m/softfp\libc_nano.a
END GROUP
LOAD c:/siliconlabs/simplicitystudio/v4/developer/toolchains/gnu_arm/4.9_2015q3/bin/../lib/gcc/arm-none-eabi/4.9.3/armv7e-m/softfp/crtend.o
LOAD c:/siliconlabs/simplicitystudio/v4/developer/toolchains/gnu_arm/4.9_2015q3/bin/../lib/gcc/arm-none-eabi/4.9.3/armv7e-m/softfp/crtn.o

.text_bootloader
                0x00000000        0x0
 *(.binbootloader*)
                0x00000000                . = ALIGN (0x4000)

.text_apploader
                0x00004000     0x8fc0
 *(.binapploader*)
 .binapploader  0x00004000     0x8fc0 C:\Users\bruno\SimplicityStudio\v4_workspace\botao_panico_custom_board\protocol\bluetooth_2.7\lib\EFR32BG1B\GCC\binapploader.o

.text_signature
                0x0000cfc0       0x40
                0x0000d000                . = ALIGN (0x800)
 *fill*         0x0000cfc0       0x40 
                0x0000d000                __text_start__ = .

.text_application
                0x0000d000    0x20824
 *(.vectors)
 .vectors       0x0000d000       0xc8 ./platform/Device/SiliconLabs/EFR32BG1B/Source/GCC/startup_efr32bg1b.o
                0x0000d000                __Vectors
                0x0000d0c8                __Vectors_End = .
                0x000000c8                __Vectors_Size = (__Vectors_End - __Vectors)
                0x0000d0c8                __end__ = .
 *(.application_properties)
 .application_properties
                0x0000d0c8       0x38 ./application_properties.o
                0x0000d0c8                applicationProperties
 *(.gecko_configuration)
 *(.xo_configuration)
 *(.gatt_header)
 .gatt_header   0x0000d100       0x34 ./gatt_db.o
                0x0000d100                bg_gattdb_data
 *(.gatt_data)
 .gatt_data     0x0000d134      0x266 ./gatt_db.o
                0x0000d134                bg_gattdb_data_adv_uuid128_map
                0x0000d144                bg_gattdb_data_adv_uuid16_map
                0x0000d148                bg_gattdb_data_attributes_dynamic_mapping_map
                0x0000d150                bg_gattdb_data_attributes_map
                0x0000d264                bg_gattdb_data_attribute_field_0
                0x0000d268                bg_gattdb_data_attribute_field_1
                0x0000d270                bg_gattdb_data_attribute_field_2
                0x0000d278                bg_gattdb_data_attribute_field_4
                0x0000d27c                bg_gattdb_data_attribute_field_5
                0x0000d284                bg_gattdb_data_attribute_field_6
                0x0000d28c                bg_gattdb_data_attribute_field_7
                0x0000d294                bg_gattdb_data_attribute_field_8
                0x0000d298                bg_gattdb_data_attribute_field_9
                0x0000d29c                bg_gattdb_data_attribute_field_10
                0x0000d2a4                bg_gattdb_data_attribute_field_11
                0x0000d2b0                bg_gattdb_data_attribute_field_12
                0x0000d2b8                bg_gattdb_data_attribute_field_13
                0x0000d2c8                bg_gattdb_data_attribute_field_14
                0x0000d2d0                bg_gattdb_data_attribute_field_15
                0x0000d2d8                bg_gattdb_data_attribute_field_16
                0x0000d2ec                bg_gattdb_data_attribute_field_17
                0x0000d304                bg_gattdb_data_attribute_field_18
                0x0000d30c                bg_gattdb_data_attribute_field_19
                0x0000d320                bg_gattdb_data_attribute_field_20
                0x0000d338                bg_gattdb_data_attribute_field_21
                0x0000d340                bg_gattdb_data_uuidtable_128_map
                0x0000d380                bg_gattdb_data_uuidtable_16_map
 *(.text*)
 *fill*         0x0000d39a        0x2 
 .text          0x0000d39c       0x5c c:/siliconlabs/simplicitystudio/v4/developer/toolchains/gnu_arm/4.9_2015q3/bin/../lib/gcc/arm-none-eabi/4.9.3/armv7e-m/softfp/crtbegin.o
 .text          0x0000d3f8       0x74 c:/siliconlabs/simplicitystudio/v4/developer/toolchains/gnu_arm/4.9_2015q3/bin/../lib/gcc/arm-none-eabi/4.9.3/../../../../arm-none-eabi/lib/armv7e-m/softfp/crt0.o
                0x0000d3f8                _start
                0x0000d3f8                _mainCRTStartup
 .text.gecko_cmd_gatt_server_send_characteristic_notification.constprop.1
                0x0000d46c       0x5c ./User/functions.o
 .text.ps_load_object
                0x0000d4c8       0x50 ./User/functions.o
                0x0000d4c8                ps_load_object
 .text.reset_variables
                0x0000d518       0x40 ./User/functions.o
                0x0000d518                reset_variables
 .text.configura_bluetooth_sleep
                0x0000d558       0x8c ./User/functions.o
                0x0000d558                configura_bluetooth_sleep
 .text.acorda   0x0000d5e4       0x24 ./User/functions.o
                0x0000d5e4                acorda
 .text.dorme    0x0000d608       0x90 ./User/functions.o
                0x0000d608                dorme
 .text.desconecta_bluetooth
                0x0000d698       0x38 ./User/functions.o
                0x0000d698                desconecta_bluetooth
 .text.registra_pressionamento
                0x0000d6d0       0x48 ./User/functions.o
                0x0000d6d0                registra_pressionamento
 .text.leitura_mac_address
                0x0000d718       0x98 ./User/functions.o
                0x0000d718                leitura_mac_address
 .text.trata_string_bluetooth
                0x0000d7b0      0x788 ./User/functions.o
                0x0000d7b0                trata_string_bluetooth
 .text.verifica_eventos_bluetooth
                0x0000df38      0x2e0 ./User/functions.o
                0x0000df38                verifica_eventos_bluetooth
 .text.bcnSetupAdvBeaconing
                0x0000e218      0x2ec ./User/my_ibeacon.o
                0x0000e218                bcnSetupAdvBeaconing
 .text.Init_CRYOTimer
                0x0000e504       0x5c ./User/my_init.o
                0x0000e504                Init_CRYOTimer
 .text.Init_GPIO
                0x0000e560       0x38 ./User/my_init.o
                0x0000e560                Init_GPIO
 .text.Init_Clocks
                0x0000e598       0x5c ./User/my_init.o
                0x0000e598                Init_Clocks
 .text.Init_External_Interrupt
                0x0000e5f4       0x3c ./User/my_init.o
                0x0000e5f4                Init_External_Interrupt
 .text.Init_PWM
                0x0000e630       0xd8 ./User/my_init.o
                0x0000e630                Init_PWM
 .text.Init_Usart
                0x0000e708       0xc8 ./User/my_usart.o
                0x0000e708                Init_Usart
 .text.USART0_RX_IRQHandler
                0x0000e7d0       0x48 ./User/my_usart.o
                0x0000e7d0                USART0_RX_IRQHandler
 .text.USART0_TX_IRQHandler
                0x0000e818       0x58 ./User/my_usart.o
                0x0000e818                USART0_TX_IRQHandler
 .text.USART_STR
                0x0000e870       0x1c ./User/my_usart.o
                0x0000e870                USART_STR
 .text.fill_adv_pairing_packet
                0x0000e88c      0x15c ./custom_adv.o
                0x0000e88c                fill_adv_pairing_packet
 .text.fill_adv_panic_packet
                0x0000e9e8      0x154 ./custom_adv.o
                0x0000e9e8                fill_adv_panic_packet
 .text.initBoard
                0x0000eb3c        0x4 ./init_board.o
                0x0000eb3c                initBoard
 .text.initMcu  0x0000eb40      0x150 ./init_mcu.o
                0x0000eb40                initMcu
 .text.TIMER0_IRQHandler
                0x0000ec90        0xc ./interrupt.o
                0x0000ec90                TIMER0_IRQHandler
 .text.TIMER1_IRQHandler
                0x0000ec9c        0xc ./interrupt.o
                0x0000ec9c                TIMER1_IRQHandler
 .text.CRYOTIMER_IRQHandler
                0x0000eca8      0x568 ./interrupt.o
                0x0000eca8                CRYOTIMER_IRQHandler
 .text.GPIO_ODD_IRQHandler
                0x0000f210      0x14c ./interrupt.o
                0x0000f210                GPIO_ODD_IRQHandler
 .text.GPIO_EVEN_IRQHandler
                0x0000f35c       0x18 ./interrupt.o
                0x0000f35c                GPIO_EVEN_IRQHandler
 .text.EMU_IRQHandler
                0x0000f374        0xc ./interrupt.o
                0x0000f374                EMU_IRQHandler
 .text.startup.main
                0x0000f380       0x38 ./main.o
                0x0000f380                main
 .text.Default_Handler
                0x0000f3b8        0x4 ./platform/Device/SiliconLabs/EFR32BG1B/Source/GCC/startup_efr32bg1b.o
                0x0000f3b8                DebugMon_Handler
                0x0000f3b8                I2C0_IRQHandler
                0x0000f3b8                HardFault_Handler
                0x0000f3b8                SysTick_Handler
                0x0000f3b8                USART1_RX_IRQHandler
                0x0000f3b8                PendSV_Handler
                0x0000f3b8                NMI_Handler
                0x0000f3b8                WDOG0_IRQHandler
                0x0000f3b8                USART1_TX_IRQHandler
                0x0000f3b8                MSC_IRQHandler
                0x0000f3b8                ADC0_IRQHandler
                0x0000f3b8                UsageFault_Handler
                0x0000f3b8                LEUART0_IRQHandler
                0x0000f3b8                FPUEH_IRQHandler
                0x0000f3b8                LDMA_IRQHandler
                0x0000f3b8                LETIMER0_IRQHandler
                0x0000f3b8                Default_Handler
                0x0000f3b8                PCNT0_IRQHandler
                0x0000f3b8                ACMP0_IRQHandler
                0x0000f3b8                MemManage_Handler
                0x0000f3b8                SVC_Handler
                0x0000f3b8                RTCC_IRQHandler
                0x0000f3b8                CRYPTO_IRQHandler
                0x0000f3b8                CMU_IRQHandler
                0x0000f3b8                BusFault_Handler
                0x0000f3b8                IDAC0_IRQHandler
 .text.Reset_Handler
                0x0000f3bc       0x38 ./platform/Device/SiliconLabs/EFR32BG1B/Source/GCC/startup_efr32bg1b.o
                0x0000f3bc                Reset_Handler
 .text.SystemMaxCoreClockGet
                0x0000f3f4        0x8 ./platform/Device/SiliconLabs/EFR32BG1B/Source/system_efr32bg1b.o
                0x0000f3f4                SystemMaxCoreClockGet
 .text.SystemHFClockGet
                0x0000f3fc       0x50 ./platform/Device/SiliconLabs/EFR32BG1B/Source/system_efr32bg1b.o
                0x0000f3fc                SystemHFClockGet
 .text.SystemCoreClockGet
                0x0000f44c       0x24 ./platform/Device/SiliconLabs/EFR32BG1B/Source/system_efr32bg1b.o
                0x0000f44c                SystemCoreClockGet
 .text.SystemHFXOClockGet
                0x0000f470        0xc ./platform/Device/SiliconLabs/EFR32BG1B/Source/system_efr32bg1b.o
                0x0000f470                SystemHFXOClockGet
 .text.SystemHFXOClockSet
                0x0000f47c       0x20 ./platform/Device/SiliconLabs/EFR32BG1B/Source/system_efr32bg1b.o
                0x0000f47c                SystemHFXOClockSet
 .text.SystemInit
                0x0000f49c       0x4c ./platform/Device/SiliconLabs/EFR32BG1B/Source/system_efr32bg1b.o
                0x0000f49c                SystemInit
 .text.SystemLFRCOClockGet
                0x0000f4e8        0x8 ./platform/Device/SiliconLabs/EFR32BG1B/Source/system_efr32bg1b.o
                0x0000f4e8                SystemLFRCOClockGet
 .text.SystemULFRCOClockGet
                0x0000f4f0        0x8 ./platform/Device/SiliconLabs/EFR32BG1B/Source/system_efr32bg1b.o
                0x0000f4f0                SystemULFRCOClockGet
 .text.SystemLFXOClockGet
                0x0000f4f8        0xc ./platform/Device/SiliconLabs/EFR32BG1B/Source/system_efr32bg1b.o
                0x0000f4f8                SystemLFXOClockGet
 .text.SystemLFXOClockSet
                0x0000f504       0x20 ./platform/Device/SiliconLabs/EFR32BG1B/Source/system_efr32bg1b.o
                0x0000f504                SystemLFXOClockSet
 .text.sleepCallbackWrapper
                0x0000f524       0x14 ./platform/emdrv/sleep/src/sleep.o
 .text.enterEMx
                0x0000f538       0x70 ./platform/emdrv/sleep/src/sleep.o
 .text.SLEEP_Init
                0x0000f5a8       0x44 ./platform/emdrv/sleep/src/sleep.o
                0x0000f5a8                SLEEP_Init
 .text.SLEEP_Sleep
                0x0000f5ec       0x70 ./platform/emdrv/sleep/src/sleep.o
                0x0000f5ec                SLEEP_Sleep
 .text.SLEEP_SleepBlockBegin
                0x0000f65c       0x28 ./platform/emdrv/sleep/src/sleep.o
                0x0000f65c                SLEEP_SleepBlockBegin
 .text.SLEEP_SleepBlockEnd
                0x0000f684       0x2c ./platform/emdrv/sleep/src/sleep.o
                0x0000f684                SLEEP_SleepBlockEnd
 .text.SLEEP_LowestEnergyModeGet
                0x0000f6b0       0x1c ./platform/emdrv/sleep/src/sleep.o
                0x0000f6b0                SLEEP_LowestEnergyModeGet
 .text.flashWaitStateControl.isra.0
                0x0000f6cc       0x48 ./platform/emlib/src/em_cmu.o
 .text.CMU_OscillatorTuningSet.part.3
                0x0000f714       0x3c ./platform/emlib/src/em_cmu.o
 .text.CMU_ClockEnable
                0x0000f750       0x8c ./platform/emlib/src/em_cmu.o
                0x0000f750                CMU_ClockEnable
 .text.CMU_ClockPrescGet
                0x0000f7dc       0x94 ./platform/emlib/src/em_cmu.o
                0x0000f7dc                CMU_ClockPrescGet
 .text.CMU_ClockSelectGet
                0x0000f870       0xc4 ./platform/emlib/src/em_cmu.o
                0x0000f870                CMU_ClockSelectGet
 .text.lfClkGet
                0x0000f934       0x94 ./platform/emlib/src/em_cmu.o
 .text.CMU_ClockFreqGet
                0x0000f9c8      0x160 ./platform/emlib/src/em_cmu.o
                0x0000f9c8                CMU_ClockFreqGet
 .text.CMU_HFXOAutostartEnable
                0x0000fb28       0x74 ./platform/emlib/src/em_cmu.o
                0x0000fb28                CMU_HFXOAutostartEnable
 .text.CMU_OscillatorTuningWait
                0x0000fb9c       0x5c ./platform/emlib/src/em_cmu.o
                0x0000fb9c                CMU_OscillatorTuningWait
 .text.CMU_OscillatorEnable
                0x0000fbf8      0x110 ./platform/emlib/src/em_cmu.o
                0x0000fbf8                CMU_OscillatorEnable
 .text.CMU_ClockSelectSet
                0x0000fd08      0x200 ./platform/emlib/src/em_cmu.o
                0x0000fd08                CMU_ClockSelectSet
 .text.CMU_HFXOInit
                0x0000ff08       0x88 ./platform/emlib/src/em_cmu.o
                0x0000ff08                CMU_HFXOInit
 .text.CMU_LFXOInit
                0x0000ff90       0x40 ./platform/emlib/src/em_cmu.o
                0x0000ff90                CMU_LFXOInit
 .text.CORE_EnterCritical
                0x0000ffd0        0x8 ./platform/emlib/src/em_core.o
                0x0000ffd0                CORE_EnterCritical
 .text.CORE_ExitCritical
                0x0000ffd8        0x8 ./platform/emlib/src/em_core.o
                0x0000ffd8                CORE_ExitCritical
 .text.CORE_EnterAtomic
                0x0000ffe0        0x8 ./platform/emlib/src/em_core.o
                0x0000ffe0                CORE_EnterAtomic
 .text.CORE_ExitAtomic
                0x0000ffe8        0x8 ./platform/emlib/src/em_core.o
                0x0000ffe8                CORE_ExitAtomic
 .text.CORE_SetNvicRamTableHandler
                0x0000fff0       0x10 ./platform/emlib/src/em_core.o
                0x0000fff0                CORE_SetNvicRamTableHandler
 .text.CORE_InitNvicVectorTable
                0x00010000       0x48 ./platform/emlib/src/em_core.o
                0x00010000                CORE_InitNvicVectorTable
 .text.CRYOTIMER_Init
                0x00010048       0x3c ./platform/emlib/src/em_cryotimer.o
                0x00010048                CRYOTIMER_Init
 .text.CRYPTO_ModulusSet
                0x00010084       0x38 ./platform/emlib/src/em_crypto.o
                0x00010084                CRYPTO_ModulusSet
 .text.CRYPTO_KeyRead
                0x000100bc       0x2c ./platform/emlib/src/em_crypto.o
                0x000100bc                CRYPTO_KeyRead
 .text.currentLimitersUpdate
                0x000100e8       0x74 ./platform/emlib/src/em_emu.o
 .text.dcdcHsFixLnBlock.part.0
                0x0001015c       0x30 ./platform/emlib/src/em_emu.o
 .text.dcdcFetCntSet.part.1
                0x0001018c       0x20 ./platform/emlib/src/em_emu.o
 .text.emState.part.2
                0x000101ac       0x24 ./platform/emlib/src/em_emu.o
 .text.emState  0x000101d0       0x60 ./platform/emlib/src/em_emu.o
 .text.EMU_EnterEM2
                0x00010230       0x5c ./platform/emlib/src/em_emu.o
                0x00010230                EMU_EnterEM2
 .text.EMU_EnterEM3
                0x0001028c       0x80 ./platform/emlib/src/em_emu.o
                0x0001028c                EMU_EnterEM3
 .text.EMU_Save
                0x0001030c        0x4 ./platform/emlib/src/em_emu.o
                0x0001030c                EMU_Save
 .text.EMU_Restore
                0x00010310        0x8 ./platform/emlib/src/em_emu.o
                0x00010310                EMU_Restore
 .text.EMU_DCDCModeSet
                0x00010318       0x64 ./platform/emlib/src/em_emu.o
                0x00010318                EMU_DCDCModeSet
 .text.EMU_EnterEM4
                0x0001037c       0x98 ./platform/emlib/src/em_emu.o
                0x0001037c                EMU_EnterEM4
 .text.EMU_DCDCOptimizeSlice
                0x00010414       0x94 ./platform/emlib/src/em_emu.o
                0x00010414                EMU_DCDCOptimizeSlice
 .text.EMU_DCDCLnRcoBandSet
                0x000104a8       0x24 ./platform/emlib/src/em_emu.o
                0x000104a8                EMU_DCDCLnRcoBandSet
 .text.GPIO_ExtIntConfig
                0x000104cc       0xb0 ./platform/emlib/src/em_gpio.o
                0x000104cc                GPIO_ExtIntConfig
 .text.GPIO_PinModeSet
                0x0001057c       0x84 ./platform/emlib/src/em_gpio.o
                0x0001057c                GPIO_PinModeSet
 .text.MSC_Init
                0x00010600       0x18 ./platform/emlib/src/em_msc.o
                0x00010600                MSC_Init
 .text.MSC_Deinit
                0x00010618       0x14 ./platform/emlib/src/em_msc.o
                0x00010618                MSC_Deinit
 .text.RMU_ResetCauseClear
                0x0001062c        0xc ./platform/emlib/src/em_rmu.o
                0x0001062c                RMU_ResetCauseClear
 .text.RMU_ResetCauseGet
                0x00010638       0x7c ./platform/emlib/src/em_rmu.o
                0x00010638                RMU_ResetCauseGet
 .text.RTCC_ChannelInit
                0x000106b4       0x3c ./platform/emlib/src/em_rtcc.o
                0x000106b4                RTCC_ChannelInit
 .text.RTCC_Init
                0x000106f0       0x6c ./platform/emlib/src/em_rtcc.o
                0x000106f0                RTCC_Init
 .text.SYSTEM_ChipRevisionGet
                0x0001075c       0x34 ./platform/emlib/src/em_system.o
                0x0001075c                SYSTEM_ChipRevisionGet
 .text.TIMER_Init
                0x00010790       0xb0 ./platform/emlib/src/em_timer.o
                0x00010790                TIMER_Init
 .text.TIMER_InitCC
                0x00010840       0x84 ./platform/emlib/src/em_timer.o
                0x00010840                TIMER_InitCC
 .text.USART_BaudrateAsyncSet
                0x000108c4       0x68 ./platform/emlib/src/em_usart.o
                0x000108c4                USART_BaudrateAsyncSet
 .text.USART_Enable
                0x0001092c       0x10 ./platform/emlib/src/em_usart.o
                0x0001092c                USART_Enable
 .text.USART_InitAsync
                0x0001093c       0xb0 ./platform/emlib/src/em_usart.o
                0x0001093c                USART_InitAsync
 .text.USART_Rx
                0x000109ec        0xc ./platform/emlib/src/em_usart.o
                0x000109ec                USART_Rx
 .text.USART_Tx
                0x000109f8        0xc ./platform/emlib/src/em_usart.o
                0x000109f8                USART_Tx
 .text.register_message_handler
                0x00010a04        0xc C:\Users\bruno\SimplicityStudio\v4_workspace\botao_panico_custom_board\protocol\bluetooth_2.7\lib\EFR32BG1B\GCC\libbluetooth.a(bgapi.c.obj)
                0x00010a04                register_message_handler
 .text.bgapi_gap_set_legacy_mode
                0x00010a10       0x1c C:\Users\bruno\SimplicityStudio\v4_workspace\botao_panico_custom_board\protocol\bluetooth_2.7\lib\EFR32BG1B\GCC\libbluetooth.a(bgapi.c.obj)
                0x00010a10                bgapi_gap_set_legacy_mode
 .text.bgapi_ubt_listener
                0x00010a2c      0x3e8 C:\Users\bruno\SimplicityStudio\v4_workspace\botao_panico_custom_board\protocol\bluetooth_2.7\lib\EFR32BG1B\GCC\libbluetooth.a(bgapi.c.obj)
                0x00010a2c                bgapi_ubt_listener
 .text.bgapi_init
                0x00010e14       0x10 C:\Users\bruno\SimplicityStudio\v4_workspace\botao_panico_custom_board\protocol\bluetooth_2.7\lib\EFR32BG1B\GCC\libbluetooth.a(bgapi.c.obj)
                0x00010e14                bgapi_init
 .text.bgapi_buffer_init
                0x00010e24       0x30 C:\Users\bruno\SimplicityStudio\v4_workspace\botao_panico_custom_board\protocol\bluetooth_2.7\lib\EFR32BG1B\GCC\libbluetooth.a(bgapi.c.obj)
                0x00010e24                bgapi_buffer_init
 .text.lib_endpoint_handler_init
                0x00010e54        0x2 C:\Users\bruno\SimplicityStudio\v4_workspace\botao_panico_custom_board\protocol\bluetooth_2.7\lib\EFR32BG1B\GCC\libbluetooth.a(bgapi_endpoint.c.obj)
                0x00010e54                lib_endpoint_handler_init
 *fill*         0x00010e56        0x2 
 .text.sli_bt_cmd_endpoint_close
                0x00010e58       0x3c C:\Users\bruno\SimplicityStudio\v4_workspace\botao_panico_custom_board\protocol\bluetooth_2.7\lib\EFR32BG1B\GCC\libbluetooth.a(bgapi_endpoint.c.obj)
                0x00010e58                sli_bt_cmd_endpoint_close
 .text.set_adv_data
                0x00010e94       0x34 C:\Users\bruno\SimplicityStudio\v4_workspace\botao_panico_custom_board\protocol\bluetooth_2.7\lib\EFR32BG1B\GCC\libbluetooth.a(bgapi_gap.c.obj)
 .text.lib_le_gap_handler_init
                0x00010ec8        0x2 C:\Users\bruno\SimplicityStudio\v4_workspace\botao_panico_custom_board\protocol\bluetooth_2.7\lib\EFR32BG1B\GCC\libbluetooth.a(bgapi_gap.c.obj)
                0x00010ec8                lib_le_gap_handler_init
 *fill*         0x00010eca        0x2 
 .text.sli_bt_cmd_le_gap_set_mode
                0x00010ecc       0x48 C:\Users\bruno\SimplicityStudio\v4_workspace\botao_panico_custom_board\protocol\bluetooth_2.7\lib\EFR32BG1B\GCC\libbluetooth.a(bgapi_gap.c.obj)
                0x00010ecc                sli_bt_cmd_le_gap_set_mode
 .text.sli_bt_cmd_le_gap_set_adv_data
                0x00010f14       0x38 C:\Users\bruno\SimplicityStudio\v4_workspace\botao_panico_custom_board\protocol\bluetooth_2.7\lib\EFR32BG1B\GCC\libbluetooth.a(bgapi_gap.c.obj)
                0x00010f14                sli_bt_cmd_le_gap_set_adv_data
 .text.sli_bt_cmd_le_gap_set_adv_parameters
                0x00010f4c       0x34 C:\Users\bruno\SimplicityStudio\v4_workspace\botao_panico_custom_board\protocol\bluetooth_2.7\lib\EFR32BG1B\GCC\libbluetooth.a(bgapi_gap.c.obj)
                0x00010f4c                sli_bt_cmd_le_gap_set_adv_parameters
 .text.bgapi_gatt_listener
                0x00010f80      0x27c C:\Users\bruno\SimplicityStudio\v4_workspace\botao_panico_custom_board\protocol\bluetooth_2.7\lib\EFR32BG1B\GCC\libbluetooth.a(bgapi_gatt.c.obj)
                0x00010f80                bgapi_gatt_listener
 .text.lib_gatt_handler_init
                0x000111fc        0x4 C:\Users\bruno\SimplicityStudio\v4_workspace\botao_panico_custom_board\protocol\bluetooth_2.7\lib\EFR32BG1B\GCC\libbluetooth.a(bgapi_gatt_lib.c.obj)
                0x000111fc                lib_gatt_handler_init
 .text.lib_gatt_server_handler_init
                0x00011200        0x2 C:\Users\bruno\SimplicityStudio\v4_workspace\botao_panico_custom_board\protocol\bluetooth_2.7\lib\EFR32BG1B\GCC\libbluetooth.a(bgapi_gatt_lib.c.obj)
                0x00011200                lib_gatt_server_handler_init
 *fill*         0x00011202        0x2 
 .text.sli_bt_cmd_gatt_server_send_user_write_response
                0x00011204       0x34 C:\Users\bruno\SimplicityStudio\v4_workspace\botao_panico_custom_board\protocol\bluetooth_2.7\lib\EFR32BG1B\GCC\libbluetooth.a(bgapi_gatt_lib.c.obj)
                0x00011204                sli_bt_cmd_gatt_server_send_user_write_response
 .text.sli_bt_cmd_gatt_server_send_characteristic_notification
                0x00011238       0x44 C:\Users\bruno\SimplicityStudio\v4_workspace\botao_panico_custom_board\protocol\bluetooth_2.7\lib\EFR32BG1B\GCC\libbluetooth.a(bgapi_gatt_lib.c.obj)
                0x00011238                sli_bt_cmd_gatt_server_send_characteristic_notification
 .text.lib_le_connection_handler_init
                0x0001127c        0x2 C:\Users\bruno\SimplicityStudio\v4_workspace\botao_panico_custom_board\protocol\bluetooth_2.7\lib\EFR32BG1B\GCC\libbluetooth.a(bgapi_le_connection.c.obj)
                0x0001127c                lib_le_connection_handler_init
 *fill*         0x0001127e        0x2 
 .text.sli_bt_cmd_le_connection_set_parameters
                0x00011280       0x48 C:\Users\bruno\SimplicityStudio\v4_workspace\botao_panico_custom_board\protocol\bluetooth_2.7\lib\EFR32BG1B\GCC\libbluetooth.a(bgapi_le_connection.c.obj)
                0x00011280                sli_bt_cmd_le_connection_set_parameters
 .text.bgapi_close_le_connection
                0x000112c8       0x16 C:\Users\bruno\SimplicityStudio\v4_workspace\botao_panico_custom_board\protocol\bluetooth_2.7\lib\EFR32BG1B\GCC\libbluetooth.a(bgapi_le_connection.c.obj)
                0x000112c8                bgapi_close_le_connection
 *fill*         0x000112de        0x2 
 .text.sli_bt_cmd_le_connection_close
                0x000112e0       0x2c C:\Users\bruno\SimplicityStudio\v4_workspace\botao_panico_custom_board\protocol\bluetooth_2.7\lib\EFR32BG1B\GCC\libbluetooth.a(bgapi_le_connection.c.obj)
                0x000112e0                sli_bt_cmd_le_connection_close
 .text.pskey_user_accessible
                0x0001130c       0x1c C:\Users\bruno\SimplicityStudio\v4_workspace\botao_panico_custom_board\protocol\bluetooth_2.7\lib\EFR32BG1B\GCC\libbluetooth.a(bgapi_ps.c.obj)
 .text.bgapi_ps_dump_listener
                0x00011328       0x40 C:\Users\bruno\SimplicityStudio\v4_workspace\botao_panico_custom_board\protocol\bluetooth_2.7\lib\EFR32BG1B\GCC\libbluetooth.a(bgapi_ps.c.obj)
                0x00011328                bgapi_ps_dump_listener
 .text.lib_flash_handler_init
                0x00011368       0x14 C:\Users\bruno\SimplicityStudio\v4_workspace\botao_panico_custom_board\protocol\bluetooth_2.7\lib\EFR32BG1B\GCC\libbluetooth.a(bgapi_ps.c.obj)
                0x00011368                lib_flash_handler_init
 .text.sli_bt_cmd_flash_ps_save
                0x0001137c       0x50 C:\Users\bruno\SimplicityStudio\v4_workspace\botao_panico_custom_board\protocol\bluetooth_2.7\lib\EFR32BG1B\GCC\libbluetooth.a(bgapi_ps.c.obj)
                0x0001137c                sli_bt_cmd_flash_ps_save
 .text.sli_bt_cmd_flash_ps_load
                0x000113cc       0x60 C:\Users\bruno\SimplicityStudio\v4_workspace\botao_panico_custom_board\protocol\bluetooth_2.7\lib\EFR32BG1B\GCC\libbluetooth.a(bgapi_ps.c.obj)
                0x000113cc                sli_bt_cmd_flash_ps_load
 .text.bgapi_system_listener
                0x0001142c       0x30 C:\Users\bruno\SimplicityStudio\v4_workspace\botao_panico_custom_board\protocol\bluetooth_2.7\lib\EFR32BG1B\GCC\libbluetooth.a(bgapi_system.c.obj)
                0x0001142c                bgapi_system_listener
 .text.lib_system_handler_init
                0x0001145c       0x14 C:\Users\bruno\SimplicityStudio\v4_workspace\botao_panico_custom_board\protocol\bluetooth_2.7\lib\EFR32BG1B\GCC\libbluetooth.a(bgapi_system.c.obj)
                0x0001145c                lib_system_handler_init
 .text.sli_bt_cmd_system_get_bt_address
                0x00011470       0x34 C:\Users\bruno\SimplicityStudio\v4_workspace\botao_panico_custom_board\protocol\bluetooth_2.7\lib\EFR32BG1B\GCC\libbluetooth.a(bgapi_system.c.obj)
                0x00011470                sli_bt_cmd_system_get_bt_address
 .text.sli_bt_cmd_system_set_tx_power
                0x000114a4       0x30 C:\Users\bruno\SimplicityStudio\v4_workspace\botao_panico_custom_board\protocol\bluetooth_2.7\lib\EFR32BG1B\GCC\libbluetooth.a(bgapi_system.c.obj)
                0x000114a4                sli_bt_cmd_system_set_tx_power
 .text.sli_bt_cmd_system_reset
                0x000114d4        0x6 C:\Users\bruno\SimplicityStudio\v4_workspace\botao_panico_custom_board\protocol\bluetooth_2.7\lib\EFR32BG1B\GCC\libbluetooth.a(bgapi_system.c.obj)
                0x000114d4                sli_bt_cmd_system_reset
 *fill*         0x000114da        0x2 
 .text.bgbuf_alloc_int
                0x000114dc       0xa0 C:\Users\bruno\SimplicityStudio\v4_workspace\botao_panico_custom_board\protocol\bluetooth_2.7\lib\EFR32BG1B\GCC\libbluetooth.a(bgbuf.c.obj)
 .text.bgbuf_init
                0x0001157c       0x28 C:\Users\bruno\SimplicityStudio\v4_workspace\botao_panico_custom_board\protocol\bluetooth_2.7\lib\EFR32BG1B\GCC\libbluetooth.a(bgbuf.c.obj)
                0x0001157c                bgbuf_init
 .text.bgbuf_alloc
                0x000115a4        0xc C:\Users\bruno\SimplicityStudio\v4_workspace\botao_panico_custom_board\protocol\bluetooth_2.7\lib\EFR32BG1B\GCC\libbluetooth.a(bgbuf.c.obj)
                0x000115a4                bgbuf_alloc
 .text.bgbuf_alloc_size
                0x000115b0       0x10 C:\Users\bruno\SimplicityStudio\v4_workspace\botao_panico_custom_board\protocol\bluetooth_2.7\lib\EFR32BG1B\GCC\libbluetooth.a(bgbuf.c.obj)
                0x000115b0                bgbuf_alloc_size
 .text.bgbuf_free
                0x000115c0       0x7c C:\Users\bruno\SimplicityStudio\v4_workspace\botao_panico_custom_board\protocol\bluetooth_2.7\lib\EFR32BG1B\GCC\libbluetooth.a(bgbuf.c.obj)
                0x000115c0                bgbuf_free
 .text.bgbuf_append
                0x0001163c       0x16 C:\Users\bruno\SimplicityStudio\v4_workspace\botao_panico_custom_board\protocol\bluetooth_2.7\lib\EFR32BG1B\GCC\libbluetooth.a(bgbuf.c.obj)
                0x0001163c                bgbuf_append
 .text.bgbuf_append_data
                0x00011652       0x24 C:\Users\bruno\SimplicityStudio\v4_workspace\botao_panico_custom_board\protocol\bluetooth_2.7\lib\EFR32BG1B\GCC\libbluetooth.a(bgbuf.c.obj)
                0x00011652                bgbuf_append_data
 .text.bgbuf_copy_to
                0x00011676       0x64 C:\Users\bruno\SimplicityStudio\v4_workspace\botao_panico_custom_board\protocol\bluetooth_2.7\lib\EFR32BG1B\GCC\libbluetooth.a(bgbuf.c.obj)
                0x00011676                bgbuf_copy_to
 .text.bgbuf_chain_free
                0x000116da       0x14 C:\Users\bruno\SimplicityStudio\v4_workspace\botao_panico_custom_board\protocol\bluetooth_2.7\lib\EFR32BG1B\GCC\libbluetooth.a(bgbuf.c.obj)
                0x000116da                bgbuf_chain_free
 .text.bgbuf_clone
                0x000116ee       0x70 C:\Users\bruno\SimplicityStudio\v4_workspace\botao_panico_custom_board\protocol\bluetooth_2.7\lib\EFR32BG1B\GCC\libbluetooth.a(bgbuf.c.obj)
                0x000116ee                bgbuf_clone
 .text.bgbuf_chain_pop_packet
                0x0001175e       0x26 C:\Users\bruno\SimplicityStudio\v4_workspace\botao_panico_custom_board\protocol\bluetooth_2.7\lib\EFR32BG1B\GCC\libbluetooth.a(bgbuf.c.obj)
                0x0001175e                bgbuf_chain_pop_packet
 .text.bgbuf_prepend_no_alloc
                0x00011784       0x3c C:\Users\bruno\SimplicityStudio\v4_workspace\botao_panico_custom_board\protocol\bluetooth_2.7\lib\EFR32BG1B\GCC\libbluetooth.a(bgbuf.c.obj)
                0x00011784                bgbuf_prepend_no_alloc
 .text.bgbuf_prepend
                0x000117c0       0x24 C:\Users\bruno\SimplicityStudio\v4_workspace\botao_panico_custom_board\protocol\bluetooth_2.7\lib\EFR32BG1B\GCC\libbluetooth.a(bgbuf.c.obj)
                0x000117c0                bgbuf_prepend
 .text.bgbuf_split
                0x000117e4       0x50 C:\Users\bruno\SimplicityStudio\v4_workspace\botao_panico_custom_board\protocol\bluetooth_2.7\lib\EFR32BG1B\GCC\libbluetooth.a(bgbuf.c.obj)
                0x000117e4                bgbuf_split
 .text.bgbuf_chain_get
                0x00011834       0x40 C:\Users\bruno\SimplicityStudio\v4_workspace\botao_panico_custom_board\protocol\bluetooth_2.7\lib\EFR32BG1B\GCC\libbluetooth.a(bgbuf.c.obj)
                0x00011834                bgbuf_chain_get
 .text.bgbuf_chain_get_head
                0x00011874       0x10 C:\Users\bruno\SimplicityStudio\v4_workspace\botao_panico_custom_board\protocol\bluetooth_2.7\lib\EFR32BG1B\GCC\libbluetooth.a(bgbuf.c.obj)
                0x00011874                bgbuf_chain_get_head
 .text.bgbuf_chain_len
                0x00011884       0x14 C:\Users\bruno\SimplicityStudio\v4_workspace\botao_panico_custom_board\protocol\bluetooth_2.7\lib\EFR32BG1B\GCC\libbluetooth.a(bgbuf.c.obj)
                0x00011884                bgbuf_chain_len
 .text.bgbuf_memcmp
                0x00011898       0x44 C:\Users\bruno\SimplicityStudio\v4_workspace\botao_panico_custom_board\protocol\bluetooth_2.7\lib\EFR32BG1B\GCC\libbluetooth.a(bgbuf.c.obj)
                0x00011898                bgbuf_memcmp
 .text.bgbuf_cmp
                0x000118dc       0xac C:\Users\bruno\SimplicityStudio\v4_workspace\botao_panico_custom_board\protocol\bluetooth_2.7\lib\EFR32BG1B\GCC\libbluetooth.a(bgbuf.c.obj)
                0x000118dc                bgbuf_cmp
 .text.bgbuf_chain_add
                0x00011988       0x14 C:\Users\bruno\SimplicityStudio\v4_workspace\botao_panico_custom_board\protocol\bluetooth_2.7\lib\EFR32BG1B\GCC\libbluetooth.a(bgbuf.c.obj)
                0x00011988                bgbuf_chain_add
 .text.bgbuf_chain_append_data
                0x0001199c       0x6c C:\Users\bruno\SimplicityStudio\v4_workspace\botao_panico_custom_board\protocol\bluetooth_2.7\lib\EFR32BG1B\GCC\libbluetooth.a(bgbuf.c.obj)
                0x0001199c                bgbuf_chain_append_data
 .text.bgbuf_alloc_copy_data
                0x00011a08       0x2a C:\Users\bruno\SimplicityStudio\v4_workspace\botao_panico_custom_board\protocol\bluetooth_2.7\lib\EFR32BG1B\GCC\libbluetooth.a(bgbuf.c.obj)
                0x00011a08                bgbuf_alloc_copy_data
 .text.bgbuf_chain_drop
                0x00011a32       0x2e C:\Users\bruno\SimplicityStudio\v4_workspace\botao_panico_custom_board\protocol\bluetooth_2.7\lib\EFR32BG1B\GCC\libbluetooth.a(bgbuf.c.obj)
                0x00011a32                bgbuf_chain_drop
 .text.bgbuf_chain_drop_end
                0x00011a60       0x42 C:\Users\bruno\SimplicityStudio\v4_workspace\botao_panico_custom_board\protocol\bluetooth_2.7\lib\EFR32BG1B\GCC\libbluetooth.a(bgbuf.c.obj)
                0x00011a60                bgbuf_chain_drop_end
 .text.bgbuf_chain_defragment
                0x00011aa2       0x92 C:\Users\bruno\SimplicityStudio\v4_workspace\botao_panico_custom_board\protocol\bluetooth_2.7\lib\EFR32BG1B\GCC\libbluetooth.a(bgbuf.c.obj)
                0x00011aa2                bgbuf_chain_defragment
 .text.bgbuf_add_callback
                0x00011b34       0x1c C:\Users\bruno\SimplicityStudio\v4_workspace\botao_panico_custom_board\protocol\bluetooth_2.7\lib\EFR32BG1B\GCC\libbluetooth.a(bgbuf.c.obj)
                0x00011b34                bgbuf_add_callback
 .text.gecko_init_alloc
                0x00011b50       0x38 C:\Users\bruno\SimplicityStudio\v4_workspace\botao_panico_custom_board\protocol\bluetooth_2.7\lib\EFR32BG1B\GCC\libbluetooth.a(bglib.c.obj)
                0x00011b50                gecko_init_alloc
 .text.user_signal_message_handler
                0x00011b88       0x2c C:\Users\bruno\SimplicityStudio\v4_workspace\botao_panico_custom_board\protocol\bluetooth_2.7\lib\EFR32BG1B\GCC\libbluetooth.a(bglib.c.obj)
 .text.gecko_process_event
                0x00011bb4       0x50 C:\Users\bruno\SimplicityStudio\v4_workspace\botao_panico_custom_board\protocol\bluetooth_2.7\lib\EFR32BG1B\GCC\libbluetooth.a(bglib.c.obj)
 .text.set_ctune
                0x00011c04       0x64 C:\Users\bruno\SimplicityStudio\v4_workspace\botao_panico_custom_board\protocol\bluetooth_2.7\lib\EFR32BG1B\GCC\libbluetooth.a(bglib.c.obj)
                0x00011c04                set_ctune
 .text.check_ctune_override
                0x00011c68       0x1e C:\Users\bruno\SimplicityStudio\v4_workspace\botao_panico_custom_board\protocol\bluetooth_2.7\lib\EFR32BG1B\GCC\libbluetooth.a(bglib.c.obj)
                0x00011c68                check_ctune_override
 *fill*         0x00011c86        0x2 
 .text.gecko_stack_init
                0x00011c88      0x1cc C:\Users\bruno\SimplicityStudio\v4_workspace\botao_panico_custom_board\protocol\bluetooth_2.7\lib\EFR32BG1B\GCC\libbluetooth.a(bglib.c.obj)
                0x00011c88                gecko_stack_init
 .text.gecko_wait_event
                0x00011e54        0x6 C:\Users\bruno\SimplicityStudio\v4_workspace\botao_panico_custom_board\protocol\bluetooth_2.7\lib\EFR32BG1B\GCC\libbluetooth.a(bglib.c.obj)
                0x00011e54                gecko_wait_event
 .text.gecko_peek_event
                0x00011e5a        0x6 C:\Users\bruno\SimplicityStudio\v4_workspace\botao_panico_custom_board\protocol\bluetooth_2.7\lib\EFR32BG1B\GCC\libbluetooth.a(bglib.c.obj)
                0x00011e5a                gecko_peek_event
 .text.gecko_stack_update_callback
                0x00011e60       0x10 C:\Users\bruno\SimplicityStudio\v4_workspace\botao_panico_custom_board\protocol\bluetooth_2.7\lib\EFR32BG1B\GCC\libbluetooth.a(bglib.c.obj)
                0x00011e60                gecko_stack_update_callback
 .text.bootloader_getInfo
                0x00011e70       0x30 C:\Users\bruno\SimplicityStudio\v4_workspace\botao_panico_custom_board\protocol\bluetooth_2.7\lib\EFR32BG1B\GCC\libbluetooth.a(btl_interface.c.obj)
                0x00011e70                bootloader_getInfo
 .text.gap_adv_add_attribute
                0x00011ea0       0x92 C:\Users\bruno\SimplicityStudio\v4_workspace\botao_panico_custom_board\protocol\bluetooth_2.7\lib\EFR32BG1B\GCC\libbluetooth.a(gap.c.obj)
 *fill*         0x00011f32        0x2 
 .text.validate_adv_parameters
                0x00011f34       0x48 C:\Users\bruno\SimplicityStudio\v4_workspace\botao_panico_custom_board\protocol\bluetooth_2.7\lib\EFR32BG1B\GCC\libbluetooth.a(gap.c.obj)
 .text.gap_is_scanning_or_advertising.part.1
                0x00011f7c       0x24 C:\Users\bruno\SimplicityStudio\v4_workspace\botao_panico_custom_board\protocol\bluetooth_2.7\lib\EFR32BG1B\GCC\libbluetooth.a(gap.c.obj)
 .text.gap_adv_add_name.part.3
                0x00011fa0       0x84 C:\Users\bruno\SimplicityStudio\v4_workspace\botao_panico_custom_board\protocol\bluetooth_2.7\lib\EFR32BG1B\GCC\libbluetooth.a(gap.c.obj)
 .text.check_private_address_and_timer
                0x00012024       0x68 C:\Users\bruno\SimplicityStudio\v4_workspace\botao_panico_custom_board\protocol\bluetooth_2.7\lib\EFR32BG1B\GCC\libbluetooth.a(gap.c.obj)
 .text.gap_alloc_mem
                0x0001208c       0x28 C:\Users\bruno\SimplicityStudio\v4_workspace\botao_panico_custom_board\protocol\bluetooth_2.7\lib\EFR32BG1B\GCC\libbluetooth.a(gap.c.obj)
                0x0001208c                gap_alloc_mem
 .text.gap_init
                0x000120b4       0x90 C:\Users\bruno\SimplicityStudio\v4_workspace\botao_panico_custom_board\protocol\bluetooth_2.7\lib\EFR32BG1B\GCC\libbluetooth.a(gap.c.obj)
                0x000120b4                gap_init
 .text.gap_notify_connection_parameters
                0x00012144       0x60 C:\Users\bruno\SimplicityStudio\v4_workspace\botao_panico_custom_board\protocol\bluetooth_2.7\lib\EFR32BG1B\GCC\libbluetooth.a(gap.c.obj)
                0x00012144                gap_notify_connection_parameters
 .text.gap_connection_complete.part.6
                0x000121a4       0xc8 C:\Users\bruno\SimplicityStudio\v4_workspace\botao_panico_custom_board\protocol\bluetooth_2.7\lib\EFR32BG1B\GCC\libbluetooth.a(gap.c.obj)
 .text.gap_notify_phy_status
                0x0001226c       0x3c C:\Users\bruno\SimplicityStudio\v4_workspace\botao_panico_custom_board\protocol\bluetooth_2.7\lib\EFR32BG1B\GCC\libbluetooth.a(gap.c.obj)
                0x0001226c                gap_notify_phy_status
 .text.gap_resolver_completed
                0x000122a8       0x78 C:\Users\bruno\SimplicityStudio\v4_workspace\botao_panico_custom_board\protocol\bluetooth_2.7\lib\EFR32BG1B\GCC\libbluetooth.a(gap.c.obj)
                0x000122a8                gap_resolver_completed
 .text.gap_find_ad_data
                0x00012320       0x24 C:\Users\bruno\SimplicityStudio\v4_workspace\botao_panico_custom_board\protocol\bluetooth_2.7\lib\EFR32BG1B\GCC\libbluetooth.a(gap.c.obj)
                0x00012320                gap_find_ad_data
 .text.gap_packet_handle
                0x00012344      0x100 C:\Users\bruno\SimplicityStudio\v4_workspace\botao_panico_custom_board\protocol\bluetooth_2.7\lib\EFR32BG1B\GCC\libbluetooth.a(gap.c.obj)
                0x00012344                gap_packet_handle
 .text.ubt_gap_set_le_connection_parameters
                0x00012444       0xa4 C:\Users\bruno\SimplicityStudio\v4_workspace\botao_panico_custom_board\protocol\bluetooth_2.7\lib\EFR32BG1B\GCC\libbluetooth.a(gap.c.obj)
                0x00012444                ubt_gap_set_le_connection_parameters
 .text.gap_adv_terminated_callback
                0x000124e8       0x60 C:\Users\bruno\SimplicityStudio\v4_workspace\botao_panico_custom_board\protocol\bluetooth_2.7\lib\EFR32BG1B\GCC\libbluetooth.a(gap.c.obj)
                0x000124e8                gap_adv_terminated_callback
 .text.gap_update
                0x00012548      0x1dc C:\Users\bruno\SimplicityStudio\v4_workspace\botao_panico_custom_board\protocol\bluetooth_2.7\lib\EFR32BG1B\GCC\libbluetooth.a(gap.c.obj)
                0x00012548                gap_update
 .text.ubt_gap_set_adv_data
                0x00012724       0x68 C:\Users\bruno\SimplicityStudio\v4_workspace\botao_panico_custom_board\protocol\bluetooth_2.7\lib\EFR32BG1B\GCC\libbluetooth.a(gap.c.obj)
                0x00012724                ubt_gap_set_adv_data
 .text.ubt_gap_set_adv_parameters
                0x0001278c       0x60 C:\Users\bruno\SimplicityStudio\v4_workspace\botao_panico_custom_board\protocol\bluetooth_2.7\lib\EFR32BG1B\GCC\libbluetooth.a(gap.c.obj)
                0x0001278c                ubt_gap_set_adv_parameters
 .text.gap_listener
                0x000127ec       0x80 C:\Users\bruno\SimplicityStudio\v4_workspace\botao_panico_custom_board\protocol\bluetooth_2.7\lib\EFR32BG1B\GCC\libbluetooth.a(gap.c.obj)
                0x000127ec                gap_listener
 .text.gap_acl_new
                0x0001286c       0x28 C:\Users\bruno\SimplicityStudio\v4_workspace\botao_panico_custom_board\protocol\bluetooth_2.7\lib\EFR32BG1B\GCC\libbluetooth.a(gap.c.obj)
                0x0001286c                gap_acl_new
 .text.gap_disconnect_acl
                0x00012894       0x12 C:\Users\bruno\SimplicityStudio\v4_workspace\botao_panico_custom_board\protocol\bluetooth_2.7\lib\EFR32BG1B\GCC\libbluetooth.a(gap.c.obj)
                0x00012894                gap_disconnect_acl
 *fill*         0x000128a6        0x2 
 .text.gap_connection_disconnected
                0x000128a8       0x34 C:\Users\bruno\SimplicityStudio\v4_workspace\botao_panico_custom_board\protocol\bluetooth_2.7\lib\EFR32BG1B\GCC\libbluetooth.a(gap.c.obj)
                0x000128a8                gap_connection_disconnected
 .text.gap_connection_complete
                0x000128dc       0x5c C:\Users\bruno\SimplicityStudio\v4_workspace\botao_panico_custom_board\protocol\bluetooth_2.7\lib\EFR32BG1B\GCC\libbluetooth.a(gap.c.obj)
                0x000128dc                gap_connection_complete
 .text.gap_encryption_changed
                0x00012938       0x50 C:\Users\bruno\SimplicityStudio\v4_workspace\botao_panico_custom_board\protocol\bluetooth_2.7\lib\EFR32BG1B\GCC\libbluetooth.a(gap.c.obj)
                0x00012938                gap_encryption_changed
 .text.gap_create_adv_data
                0x00012988       0x90 C:\Users\bruno\SimplicityStudio\v4_workspace\botao_panico_custom_board\protocol\bluetooth_2.7\lib\EFR32BG1B\GCC\libbluetooth.a(gap.c.obj)
                0x00012988                gap_create_adv_data
 .text.ubt_gap_set_le_mode
                0x00012a18      0x16c C:\Users\bruno\SimplicityStudio\v4_workspace\botao_panico_custom_board\protocol\bluetooth_2.7\lib\EFR32BG1B\GCC\libbluetooth.a(gap.c.obj)
                0x00012a18                ubt_gap_set_le_mode
 .text.gap_address_resolver_step
                0x00012b84       0x9c C:\Users\bruno\SimplicityStudio\v4_workspace\botao_panico_custom_board\protocol\bluetooth_2.7\lib\EFR32BG1B\GCC\libbluetooth.a(gap_resolver.c.obj)
                0x00012b84                gap_address_resolver_step
 .text.gap_resolver_start
                0x00012c20       0x40 C:\Users\bruno\SimplicityStudio\v4_workspace\botao_panico_custom_board\protocol\bluetooth_2.7\lib\EFR32BG1B\GCC\libbluetooth.a(gap_resolver.c.obj)
                0x00012c20                gap_resolver_start
 .text.gatt_init
                0x00012c60        0xc C:\Users\bruno\SimplicityStudio\v4_workspace\botao_panico_custom_board\protocol\bluetooth_2.7\lib\EFR32BG1B\GCC\libbluetooth.a(gatt.c.obj)
                0x00012c60                gatt_init
 .text.gatt_set_gattdb
                0x00012c6c       0x36 C:\Users\bruno\SimplicityStudio\v4_workspace\botao_panico_custom_board\protocol\bluetooth_2.7\lib\EFR32BG1B\GCC\libbluetooth.a(gatt.c.obj)
                0x00012c6c                gatt_set_gattdb
 *fill*         0x00012ca2        0x2 
 .text.gatt_init_connection
                0x00012ca4       0x50 C:\Users\bruno\SimplicityStudio\v4_workspace\botao_panico_custom_board\protocol\bluetooth_2.7\lib\EFR32BG1B\GCC\libbluetooth.a(gatt.c.obj)
                0x00012ca4                gatt_init_connection
 .text.gatt_free_connection
                0x00012cf4       0x50 C:\Users\bruno\SimplicityStudio\v4_workspace\botao_panico_custom_board\protocol\bluetooth_2.7\lib\EFR32BG1B\GCC\libbluetooth.a(gatt.c.obj)
                0x00012cf4                gatt_free_connection
 .text.send_gatt_mtu_exchanged_event
                0x00012d44       0x2a C:\Users\bruno\SimplicityStudio\v4_workspace\botao_panico_custom_board\protocol\bluetooth_2.7\lib\EFR32BG1B\GCC\libbluetooth.a(gatt.c.obj)
                0x00012d44                send_gatt_mtu_exchanged_event
 .text.gatt_start_procedure_timeout_timer
                0x00012d6e       0x16 C:\Users\bruno\SimplicityStudio\v4_workspace\botao_panico_custom_board\protocol\bluetooth_2.7\lib\EFR32BG1B\GCC\libbluetooth.a(gatt.c.obj)
                0x00012d6e                gatt_start_procedure_timeout_timer
 .text.gatt_stop_procedure_timeout_timer
                0x00012d84        0x6 C:\Users\bruno\SimplicityStudio\v4_workspace\botao_panico_custom_board\protocol\bluetooth_2.7\lib\EFR32BG1B\GCC\libbluetooth.a(gatt.c.obj)
                0x00012d84                gatt_stop_procedure_timeout_timer
 .text.gatt_procedure_timeout
                0x00012d8a       0x2e C:\Users\bruno\SimplicityStudio\v4_workspace\botao_panico_custom_board\protocol\bluetooth_2.7\lib\EFR32BG1B\GCC\libbluetooth.a(gatt.c.obj)
                0x00012d8a                gatt_procedure_timeout
 .text.gatt_listener
                0x00012db8       0x60 C:\Users\bruno\SimplicityStudio\v4_workspace\botao_panico_custom_board\protocol\bluetooth_2.7\lib\EFR32BG1B\GCC\libbluetooth.a(gatt.c.obj)
 .text.gatt_get_connection
                0x00012e18        0xc C:\Users\bruno\SimplicityStudio\v4_workspace\botao_panico_custom_board\protocol\bluetooth_2.7\lib\EFR32BG1B\GCC\libbluetooth.a(gatt.c.obj)
                0x00012e18                gatt_get_connection
 .text.gatt_get_next_connection
                0x00012e24       0x1a C:\Users\bruno\SimplicityStudio\v4_workspace\botao_panico_custom_board\protocol\bluetooth_2.7\lib\EFR32BG1B\GCC\libbluetooth.a(gatt.c.obj)
                0x00012e24                gatt_get_next_connection
 .text.free_params_data
                0x00012e3e        0xc C:\Users\bruno\SimplicityStudio\v4_workspace\botao_panico_custom_board\protocol\bluetooth_2.7\lib\EFR32BG1B\GCC\libbluetooth.a(gatt_client.c.obj)
 .text.alloc_params_data
                0x00012e4a       0x2c C:\Users\bruno\SimplicityStudio\v4_workspace\botao_panico_custom_board\protocol\bluetooth_2.7\lib\EFR32BG1B\GCC\libbluetooth.a(gatt_client.c.obj)
 .text.should_start_long_read
                0x00012e76       0x36 C:\Users\bruno\SimplicityStudio\v4_workspace\botao_panico_custom_board\protocol\bluetooth_2.7\lib\EFR32BG1B\GCC\libbluetooth.a(gatt_client.c.obj)
 .text.send_service_event
                0x00012eac       0x4a C:\Users\bruno\SimplicityStudio\v4_workspace\botao_panico_custom_board\protocol\bluetooth_2.7\lib\EFR32BG1B\GCC\libbluetooth.a(gatt_client.c.obj)
 .text.send_descriptor_value_event
                0x00012ef6       0x3c C:\Users\bruno\SimplicityStudio\v4_workspace\botao_panico_custom_board\protocol\bluetooth_2.7\lib\EFR32BG1B\GCC\libbluetooth.a(gatt_client.c.obj)
 .text.end_procedure
                0x00012f32       0x3c C:\Users\bruno\SimplicityStudio\v4_workspace\botao_panico_custom_board\protocol\bluetooth_2.7\lib\EFR32BG1B\GCC\libbluetooth.a(gatt_client.c.obj)
 .text.abort_long_write
                0x00012f6e       0x20 C:\Users\bruno\SimplicityStudio\v4_workspace\botao_panico_custom_board\protocol\bluetooth_2.7\lib\EFR32BG1B\GCC\libbluetooth.a(gatt_client.c.obj)
 .text.send_characteristic_value_event
                0x00012f8e       0x76 C:\Users\bruno\SimplicityStudio\v4_workspace\botao_panico_custom_board\protocol\bluetooth_2.7\lib\EFR32BG1B\GCC\libbluetooth.a(gatt_client.c.obj)
 .text.write_value
                0x00013004       0x4a C:\Users\bruno\SimplicityStudio\v4_workspace\botao_panico_custom_board\protocol\bluetooth_2.7\lib\EFR32BG1B\GCC\libbluetooth.a(gatt_client.c.obj)
 *fill*         0x0001304e        0x2 
 .text.gatt_find_included_services_handler
                0x00013050       0xb8 C:\Users\bruno\SimplicityStudio\v4_workspace\botao_panico_custom_board\protocol\bluetooth_2.7\lib\EFR32BG1B\GCC\libbluetooth.a(gatt_client.c.obj)
                0x00013050                gatt_find_included_services_handler
 .text.gatt_handle_exchange_mtu_rsp
                0x00013108       0x1c C:\Users\bruno\SimplicityStudio\v4_workspace\botao_panico_custom_board\protocol\bluetooth_2.7\lib\EFR32BG1B\GCC\libbluetooth.a(gatt_client.c.obj)
                0x00013108                gatt_handle_exchange_mtu_rsp
 .text.gatt_handle_find_information_response
                0x00013124      0x152 C:\Users\bruno\SimplicityStudio\v4_workspace\botao_panico_custom_board\protocol\bluetooth_2.7\lib\EFR32BG1B\GCC\libbluetooth.a(gatt_client.c.obj)
                0x00013124                gatt_handle_find_information_response
 .text.gatt_handle_find_by_type_value_response
                0x00013276       0xa4 C:\Users\bruno\SimplicityStudio\v4_workspace\botao_panico_custom_board\protocol\bluetooth_2.7\lib\EFR32BG1B\GCC\libbluetooth.a(gatt_client.c.obj)
                0x00013276                gatt_handle_find_by_type_value_response
 *fill*         0x0001331a        0x2 
 .text.gatt_handle_read_response
                0x0001331c       0xf0 C:\Users\bruno\SimplicityStudio\v4_workspace\botao_panico_custom_board\protocol\bluetooth_2.7\lib\EFR32BG1B\GCC\libbluetooth.a(gatt_client.c.obj)
                0x0001331c                gatt_handle_read_response
 .text.read_long_value_handler
                0x0001340c       0x70 C:\Users\bruno\SimplicityStudio\v4_workspace\botao_panico_custom_board\protocol\bluetooth_2.7\lib\EFR32BG1B\GCC\libbluetooth.a(gatt_client.c.obj)
 .text.gatt_handle_read_blob_response
                0x0001347c       0x3c C:\Users\bruno\SimplicityStudio\v4_workspace\botao_panico_custom_board\protocol\bluetooth_2.7\lib\EFR32BG1B\GCC\libbluetooth.a(gatt_client.c.obj)
                0x0001347c                gatt_handle_read_blob_response
 .text.gatt_handle_read_multiple_response
                0x000134b8       0x3c C:\Users\bruno\SimplicityStudio\v4_workspace\botao_panico_custom_board\protocol\bluetooth_2.7\lib\EFR32BG1B\GCC\libbluetooth.a(gatt_client.c.obj)
                0x000134b8                gatt_handle_read_multiple_response
 .text.gatt_handle_read_by_type_response
                0x000134f4      0x148 C:\Users\bruno\SimplicityStudio\v4_workspace\botao_panico_custom_board\protocol\bluetooth_2.7\lib\EFR32BG1B\GCC\libbluetooth.a(gatt_client.c.obj)
                0x000134f4                gatt_handle_read_by_type_response
 .text.gatt_handle_read_by_group_type_response
                0x0001363c       0xa6 C:\Users\bruno\SimplicityStudio\v4_workspace\botao_panico_custom_board\protocol\bluetooth_2.7\lib\EFR32BG1B\GCC\libbluetooth.a(gatt_client.c.obj)
                0x0001363c                gatt_handle_read_by_group_type_response
 .text.gatt_handle_write_response
                0x000136e2       0x14 C:\Users\bruno\SimplicityStudio\v4_workspace\botao_panico_custom_board\protocol\bluetooth_2.7\lib\EFR32BG1B\GCC\libbluetooth.a(gatt_client.c.obj)
                0x000136e2                gatt_handle_write_response
 .text.gatt_handle_prepare_write_response
                0x000136f6       0xc2 C:\Users\bruno\SimplicityStudio\v4_workspace\botao_panico_custom_board\protocol\bluetooth_2.7\lib\EFR32BG1B\GCC\libbluetooth.a(gatt_client.c.obj)
                0x000136f6                gatt_handle_prepare_write_response
 .text.gatt_handle_execute_write_response
                0x000137b8       0x3c C:\Users\bruno\SimplicityStudio\v4_workspace\botao_panico_custom_board\protocol\bluetooth_2.7\lib\EFR32BG1B\GCC\libbluetooth.a(gatt_client.c.obj)
                0x000137b8                gatt_handle_execute_write_response
 .text.gatt_client_handle_value_notification
                0x000137f4       0x12 C:\Users\bruno\SimplicityStudio\v4_workspace\botao_panico_custom_board\protocol\bluetooth_2.7\lib\EFR32BG1B\GCC\libbluetooth.a(gatt_client.c.obj)
                0x000137f4                gatt_client_handle_value_notification
 .text.gatt_client_handle_value_indication
                0x00013806       0x14 C:\Users\bruno\SimplicityStudio\v4_workspace\botao_panico_custom_board\protocol\bluetooth_2.7\lib\EFR32BG1B\GCC\libbluetooth.a(gatt_client.c.obj)
                0x00013806                gatt_client_handle_value_indication
 *fill*         0x0001381a        0x2 
 .text.gatt_client_init
                0x0001381c        0xc C:\Users\bruno\SimplicityStudio\v4_workspace\botao_panico_custom_board\protocol\bluetooth_2.7\lib\EFR32BG1B\GCC\libbluetooth.a(gatt_client.c.obj)
                0x0001381c                gatt_client_init
 .text.get_att_uuid16
                0x00013828       0x24 C:\Users\bruno\SimplicityStudio\v4_workspace\botao_panico_custom_board\protocol\bluetooth_2.7\lib\EFR32BG1B\GCC\libbluetooth.a(gatt_db_minimal.c.obj)
 .text.get_client_conf
                0x0001384c       0x24 C:\Users\bruno\SimplicityStudio\v4_workspace\botao_panico_custom_board\protocol\bluetooth_2.7\lib\EFR32BG1B\GCC\libbluetooth.a(gatt_db_minimal.c.obj)
 .text.gatt_db_set_db
                0x00013870       0x14 C:\Users\bruno\SimplicityStudio\v4_workspace\botao_panico_custom_board\protocol\bluetooth_2.7\lib\EFR32BG1B\GCC\libbluetooth.a(gatt_db_minimal.c.obj)
                0x00013870                gatt_db_set_db
 .text.gatt_db_invalidate_checksum
                0x00013884       0x10 C:\Users\bruno\SimplicityStudio\v4_workspace\botao_panico_custom_board\protocol\bluetooth_2.7\lib\EFR32BG1B\GCC\libbluetooth.a(gatt_db_minimal.c.obj)
                0x00013884                gatt_db_invalidate_checksum
 .text.gatt_db_get_checksum
                0x00013894       0x98 C:\Users\bruno\SimplicityStudio\v4_workspace\botao_panico_custom_board\protocol\bluetooth_2.7\lib\EFR32BG1B\GCC\libbluetooth.a(gatt_db_minimal.c.obj)
                0x00013894                gatt_db_get_checksum
 .text.gatt_db_handle_inrange
                0x0001392c       0x18 C:\Users\bruno\SimplicityStudio\v4_workspace\botao_panico_custom_board\protocol\bluetooth_2.7\lib\EFR32BG1B\GCC\libbluetooth.a(gatt_db_minimal.c.obj)
                0x0001392c                gatt_db_handle_inrange
 .text.gatt_db_handle_active
                0x00013944       0x34 C:\Users\bruno\SimplicityStudio\v4_workspace\botao_panico_custom_board\protocol\bluetooth_2.7\lib\EFR32BG1B\GCC\libbluetooth.a(gatt_db_minimal.c.obj)
                0x00013944                gatt_db_handle_active
 .text.get_client_conf_index
                0x00013978       0x44 C:\Users\bruno\SimplicityStudio\v4_workspace\botao_panico_custom_board\protocol\bluetooth_2.7\lib\EFR32BG1B\GCC\libbluetooth.a(gatt_db_minimal.c.obj)
 .text.gatt_db_get_char_properties
                0x000139bc       0x4c C:\Users\bruno\SimplicityStudio\v4_workspace\botao_panico_custom_board\protocol\bluetooth_2.7\lib\EFR32BG1B\GCC\libbluetooth.a(gatt_db_minimal.c.obj)
                0x000139bc                gatt_db_get_char_properties
 .text.gatt_db_user_value
                0x00013a08       0x1c C:\Users\bruno\SimplicityStudio\v4_workspace\botao_panico_custom_board\protocol\bluetooth_2.7\lib\EFR32BG1B\GCC\libbluetooth.a(gatt_db_minimal.c.obj)
                0x00013a08                gatt_db_user_value
 .text.gatt_db_load_client_conf
                0x00013a24       0x32 C:\Users\bruno\SimplicityStudio\v4_workspace\botao_panico_custom_board\protocol\bluetooth_2.7\lib\EFR32BG1B\GCC\libbluetooth.a(gatt_db_minimal.c.obj)
                0x00013a24                gatt_db_load_client_conf
 *fill*         0x00013a56        0x2 
 .text.gatt_db_get_client_conf
                0x00013a58       0x64 C:\Users\bruno\SimplicityStudio\v4_workspace\botao_panico_custom_board\protocol\bluetooth_2.7\lib\EFR32BG1B\GCC\libbluetooth.a(gatt_db_minimal.c.obj)
                0x00013a58                gatt_db_get_client_conf
 .text.gatt_db_get_att_len
                0x00013abc       0x3c C:\Users\bruno\SimplicityStudio\v4_workspace\botao_panico_custom_board\protocol\bluetooth_2.7\lib\EFR32BG1B\GCC\libbluetooth.a(gatt_db_minimal.c.obj)
                0x00013abc                gatt_db_get_att_len
 .text.gatt_db_check_permissions
                0x00013af8      0x124 C:\Users\bruno\SimplicityStudio\v4_workspace\botao_panico_custom_board\protocol\bluetooth_2.7\lib\EFR32BG1B\GCC\libbluetooth.a(gatt_db_minimal.c.obj)
                0x00013af8                gatt_db_check_permissions
 .text.gatt_db_get_data
                0x00013c1c       0x88 C:\Users\bruno\SimplicityStudio\v4_workspace\botao_panico_custom_board\protocol\bluetooth_2.7\lib\EFR32BG1B\GCC\libbluetooth.a(gatt_db_minimal.c.obj)
                0x00013c1c                gatt_db_get_data
 .text.gatt_db_find_attribute_by_type
                0x00013ca4       0x38 C:\Users\bruno\SimplicityStudio\v4_workspace\botao_panico_custom_board\protocol\bluetooth_2.7\lib\EFR32BG1B\GCC\libbluetooth.a(gatt_db_minimal.c.obj)
                0x00013ca4                gatt_db_find_attribute_by_type
 .text.gatt_db_find_group_end
                0x00013cdc       0x48 C:\Users\bruno\SimplicityStudio\v4_workspace\botao_panico_custom_board\protocol\bluetooth_2.7\lib\EFR32BG1B\GCC\libbluetooth.a(gatt_db_minimal.c.obj)
                0x00013cdc                gatt_db_find_group_end
 .text.gatt_db_find_by_type_value
                0x00013d24       0x90 C:\Users\bruno\SimplicityStudio\v4_workspace\botao_panico_custom_board\protocol\bluetooth_2.7\lib\EFR32BG1B\GCC\libbluetooth.a(gatt_db_minimal.c.obj)
                0x00013d24                gatt_db_find_by_type_value
 .text.gatt_db_populate_adv_services
                0x00013db4      0x130 C:\Users\bruno\SimplicityStudio\v4_workspace\botao_panico_custom_board\protocol\bluetooth_2.7\lib\EFR32BG1B\GCC\libbluetooth.a(gatt_db_minimal.c.obj)
                0x00013db4                gatt_db_populate_adv_services
 .text.gatt_db_get_attribute_type
                0x00013ee4       0x34 C:\Users\bruno\SimplicityStudio\v4_workspace\botao_panico_custom_board\protocol\bluetooth_2.7\lib\EFR32BG1B\GCC\libbluetooth.a(gatt_db_minimal.c.obj)
                0x00013ee4                gatt_db_get_attribute_type
 .text.gatt_db_get_16bit_char_handle
                0x00013f18       0x26 C:\Users\bruno\SimplicityStudio\v4_workspace\botao_panico_custom_board\protocol\bluetooth_2.7\lib\EFR32BG1B\GCC\libbluetooth.a(gatt_db_minimal.c.obj)
                0x00013f18                gatt_db_get_16bit_char_handle
 *fill*         0x00013f3e        0x2 
 .text.set_client_conf
                0x00013f40       0xb4 C:\Users\bruno\SimplicityStudio\v4_workspace\botao_panico_custom_board\protocol\bluetooth_2.7\lib\EFR32BG1B\GCC\libbluetooth.a(gatt_db_minimal.c.obj)
 .text.gatt_db_set_data
                0x00013ff4      0x16c C:\Users\bruno\SimplicityStudio\v4_workspace\botao_panico_custom_board\protocol\bluetooth_2.7\lib\EFR32BG1B\GCC\libbluetooth.a(gatt_db_minimal.c.obj)
                0x00013ff4                gatt_db_set_data
 .text.gatt_db_reset_client_conf
                0x00014160       0x36 C:\Users\bruno\SimplicityStudio\v4_workspace\botao_panico_custom_board\protocol\bluetooth_2.7\lib\EFR32BG1B\GCC\libbluetooth.a(gatt_db_minimal.c.obj)
                0x00014160                gatt_db_reset_client_conf
 .text.send_user_write_request_event
                0x00014196       0x3a C:\Users\bruno\SimplicityStudio\v4_workspace\botao_panico_custom_board\protocol\bluetooth_2.7\lib\EFR32BG1B\GCC\libbluetooth.a(gatt_server.c.obj)
 .text.send_execute_write_completed_event
                0x000141d0       0x2a C:\Users\bruno\SimplicityStudio\v4_workspace\botao_panico_custom_board\protocol\bluetooth_2.7\lib\EFR32BG1B\GCC\libbluetooth.a(gatt_server.c.obj)
 .text.finish_read_req
                0x000141fa       0x42 C:\Users\bruno\SimplicityStudio\v4_workspace\botao_panico_custom_board\protocol\bluetooth_2.7\lib\EFR32BG1B\GCC\libbluetooth.a(gatt_server.c.obj)
 .text.handle_read_req
                0x0001423c       0x96 C:\Users\bruno\SimplicityStudio\v4_workspace\botao_panico_custom_board\protocol\bluetooth_2.7\lib\EFR32BG1B\GCC\libbluetooth.a(gatt_server.c.obj)
 .text.finish_execute_write_req
                0x000142d2       0x9e C:\Users\bruno\SimplicityStudio\v4_workspace\botao_panico_custom_board\protocol\bluetooth_2.7\lib\EFR32BG1B\GCC\libbluetooth.a(gatt_server.c.obj)
 .text.send_notification
                0x00014370       0x70 C:\Users\bruno\SimplicityStudio\v4_workspace\botao_panico_custom_board\protocol\bluetooth_2.7\lib\EFR32BG1B\GCC\libbluetooth.a(gatt_server.c.obj)
 .text.gatt_server_send_attribute_value_event
                0x000143e0       0x3a C:\Users\bruno\SimplicityStudio\v4_workspace\botao_panico_custom_board\protocol\bluetooth_2.7\lib\EFR32BG1B\GCC\libbluetooth.a(gatt_server.c.obj)
                0x000143e0                gatt_server_send_attribute_value_event
 .text.gatt_server_send_characteristic_status_event
                0x0001441a       0x32 C:\Users\bruno\SimplicityStudio\v4_workspace\botao_panico_custom_board\protocol\bluetooth_2.7\lib\EFR32BG1B\GCC\libbluetooth.a(gatt_server.c.obj)
                0x0001441a                gatt_server_send_characteristic_status_event
 .text.gatt_server_handle_exchange_mtu_req
                0x0001444c       0x3c C:\Users\bruno\SimplicityStudio\v4_workspace\botao_panico_custom_board\protocol\bluetooth_2.7\lib\EFR32BG1B\GCC\libbluetooth.a(gatt_server.c.obj)
                0x0001444c                gatt_server_handle_exchange_mtu_req
 .text.gatt_server_handle_read_by_group_type
                0x00014488      0x134 C:\Users\bruno\SimplicityStudio\v4_workspace\botao_panico_custom_board\protocol\bluetooth_2.7\lib\EFR32BG1B\GCC\libbluetooth.a(gatt_server.c.obj)
                0x00014488                gatt_server_handle_read_by_group_type
 .text.gatt_server_handle_read_by_type
                0x000145bc      0x138 C:\Users\bruno\SimplicityStudio\v4_workspace\botao_panico_custom_board\protocol\bluetooth_2.7\lib\EFR32BG1B\GCC\libbluetooth.a(gatt_server.c.obj)
                0x000145bc                gatt_server_handle_read_by_type
 .text.gatt_server_handle_find_information
                0x000146f4       0xf6 C:\Users\bruno\SimplicityStudio\v4_workspace\botao_panico_custom_board\protocol\bluetooth_2.7\lib\EFR32BG1B\GCC\libbluetooth.a(gatt_server.c.obj)
                0x000146f4                gatt_server_handle_find_information
 .text.gatt_server_handle_find_by_type_value_req
                0x000147ea       0xcc C:\Users\bruno\SimplicityStudio\v4_workspace\botao_panico_custom_board\protocol\bluetooth_2.7\lib\EFR32BG1B\GCC\libbluetooth.a(gatt_server.c.obj)
                0x000147ea                gatt_server_handle_find_by_type_value_req
 .text.gatt_server_handle_read_req
                0x000148b6        0xc C:\Users\bruno\SimplicityStudio\v4_workspace\botao_panico_custom_board\protocol\bluetooth_2.7\lib\EFR32BG1B\GCC\libbluetooth.a(gatt_server.c.obj)
                0x000148b6                gatt_server_handle_read_req
 .text.gatt_server_handle_read_blob_req
                0x000148c2        0xa C:\Users\bruno\SimplicityStudio\v4_workspace\botao_panico_custom_board\protocol\bluetooth_2.7\lib\EFR32BG1B\GCC\libbluetooth.a(gatt_server.c.obj)
                0x000148c2                gatt_server_handle_read_blob_req
 .text.gatt_server_handle_read_multiple_req
                0x000148cc       0xcc C:\Users\bruno\SimplicityStudio\v4_workspace\botao_panico_custom_board\protocol\bluetooth_2.7\lib\EFR32BG1B\GCC\libbluetooth.a(gatt_server.c.obj)
                0x000148cc                gatt_server_handle_read_multiple_req
 .text.gatt_server_handle_write_req
                0x00014998       0x70 C:\Users\bruno\SimplicityStudio\v4_workspace\botao_panico_custom_board\protocol\bluetooth_2.7\lib\EFR32BG1B\GCC\libbluetooth.a(gatt_server.c.obj)
                0x00014998                gatt_server_handle_write_req
 .text.gatt_server_handle_write_cmd
                0x00014a08       0x5e C:\Users\bruno\SimplicityStudio\v4_workspace\botao_panico_custom_board\protocol\bluetooth_2.7\lib\EFR32BG1B\GCC\libbluetooth.a(gatt_server.c.obj)
                0x00014a08                gatt_server_handle_write_cmd
 .text.gatt_server_handle_prepare_write_req
                0x00014a66       0x9e C:\Users\bruno\SimplicityStudio\v4_workspace\botao_panico_custom_board\protocol\bluetooth_2.7\lib\EFR32BG1B\GCC\libbluetooth.a(gatt_server.c.obj)
                0x00014a66                gatt_server_handle_prepare_write_req
 .text.gatt_server_handle_execute_write_req
                0x00014b04       0x28 C:\Users\bruno\SimplicityStudio\v4_workspace\botao_panico_custom_board\protocol\bluetooth_2.7\lib\EFR32BG1B\GCC\libbluetooth.a(gatt_server.c.obj)
                0x00014b04                gatt_server_handle_execute_write_req
 .text.gatt_server_handle_value_cfm
                0x00014b2c       0x50 C:\Users\bruno\SimplicityStudio\v4_workspace\botao_panico_custom_board\protocol\bluetooth_2.7\lib\EFR32BG1B\GCC\libbluetooth.a(gatt_server.c.obj)
                0x00014b2c                gatt_server_handle_value_cfm
 .text.gatt_server_send_characteristic_notification
                0x00014b7c       0x84 C:\Users\bruno\SimplicityStudio\v4_workspace\botao_panico_custom_board\protocol\bluetooth_2.7\lib\EFR32BG1B\GCC\libbluetooth.a(gatt_server.c.obj)
                0x00014b7c                gatt_server_send_characteristic_notification
 .text.gatt_server_send_user_write_response
                0x00014c00       0x6c C:\Users\bruno\SimplicityStudio\v4_workspace\botao_panico_custom_board\protocol\bluetooth_2.7\lib\EFR32BG1B\GCC\libbluetooth.a(gatt_server.c.obj)
                0x00014c00                gatt_server_send_user_write_response
 .text.gatt_server_report_gattdb_change
                0x00014c6c       0x60 C:\Users\bruno\SimplicityStudio\v4_workspace\botao_panico_custom_board\protocol\bluetooth_2.7\lib\EFR32BG1B\GCC\libbluetooth.a(gatt_server.c.obj)
                0x00014c6c                gatt_server_report_gattdb_change
 .text.gatt_server_report_client_config
                0x00014ccc       0xa8 C:\Users\bruno\SimplicityStudio\v4_workspace\botao_panico_custom_board\protocol\bluetooth_2.7\lib\EFR32BG1B\GCC\libbluetooth.a(gatt_server.c.obj)
                0x00014ccc                gatt_server_report_client_config
 .text.gecko_bgapi_class_dfu_init
                0x00014d74       0x12 C:\Users\bruno\SimplicityStudio\v4_workspace\botao_panico_custom_board\protocol\bluetooth_2.7\lib\EFR32BG1B\GCC\libbluetooth.a(gecko_bgapi_dfu.c.obj)
                0x00014d74                gecko_bgapi_class_dfu_init
 .text.gecko_bgapi_class_endpoint_init
                0x00014d86       0x12 C:\Users\bruno\SimplicityStudio\v4_workspace\botao_panico_custom_board\protocol\bluetooth_2.7\lib\EFR32BG1B\GCC\libbluetooth.a(gecko_bgapi_endpoint.c.obj)
                0x00014d86                gecko_bgapi_class_endpoint_init
 .text.gecko_bgapi_class_experiment_init
                0x00014d98       0x12 C:\Users\bruno\SimplicityStudio\v4_workspace\botao_panico_custom_board\protocol\bluetooth_2.7\lib\EFR32BG1B\GCC\libbluetooth.a(gecko_bgapi_experiment.c.obj)
                0x00014d98                gecko_bgapi_class_experiment_init
 .text.gecko_bgapi_class_flash_init
                0x00014daa       0x12 C:\Users\bruno\SimplicityStudio\v4_workspace\botao_panico_custom_board\protocol\bluetooth_2.7\lib\EFR32BG1B\GCC\libbluetooth.a(gecko_bgapi_flash.c.obj)
                0x00014daa                gecko_bgapi_class_flash_init
 .text.gecko_bgapi_class_le_gap_init
                0x00014dbc       0x12 C:\Users\bruno\SimplicityStudio\v4_workspace\botao_panico_custom_board\protocol\bluetooth_2.7\lib\EFR32BG1B\GCC\libbluetooth.a(gecko_bgapi_gap.c.obj)
                0x00014dbc                gecko_bgapi_class_le_gap_init
 .text.gecko_bgapi_class_gatt_init
                0x00014dce       0x12 C:\Users\bruno\SimplicityStudio\v4_workspace\botao_panico_custom_board\protocol\bluetooth_2.7\lib\EFR32BG1B\GCC\libbluetooth.a(gecko_bgapi_gatt.c.obj)
                0x00014dce                gecko_bgapi_class_gatt_init
 .text.gecko_bgapi_class_gatt_server_init
                0x00014de0       0x12 C:\Users\bruno\SimplicityStudio\v4_workspace\botao_panico_custom_board\protocol\bluetooth_2.7\lib\EFR32BG1B\GCC\libbluetooth.a(gecko_bgapi_gatt_server.c.obj)
                0x00014de0                gecko_bgapi_class_gatt_server_init
 .text.gecko_bgapi_class_hardware_init
                0x00014df2       0x12 C:\Users\bruno\SimplicityStudio\v4_workspace\botao_panico_custom_board\protocol\bluetooth_2.7\lib\EFR32BG1B\GCC\libbluetooth.a(gecko_bgapi_hardware.c.obj)
                0x00014df2                gecko_bgapi_class_hardware_init
 .text.gecko_bgapi_class_le_connection_init
                0x00014e04       0x12 C:\Users\bruno\SimplicityStudio\v4_workspace\botao_panico_custom_board\protocol\bluetooth_2.7\lib\EFR32BG1B\GCC\libbluetooth.a(gecko_bgapi_le_connection.c.obj)
                0x00014e04                gecko_bgapi_class_le_connection_init
 .text.gecko_bgapi_class_sm_init
                0x00014e16       0x12 C:\Users\bruno\SimplicityStudio\v4_workspace\botao_panico_custom_board\protocol\bluetooth_2.7\lib\EFR32BG1B\GCC\libbluetooth.a(gecko_bgapi_sm.c.obj)
                0x00014e16                gecko_bgapi_class_sm_init
 .text.gecko_bgapi_class_system_init
                0x00014e28       0x12 C:\Users\bruno\SimplicityStudio\v4_workspace\botao_panico_custom_board\protocol\bluetooth_2.7\lib\EFR32BG1B\GCC\libbluetooth.a(gecko_bgapi_system.c.obj)
                0x00014e28                gecko_bgapi_class_system_init
 .text.gecko_bgapi_class_test_init
                0x00014e3a       0x12 C:\Users\bruno\SimplicityStudio\v4_workspace\botao_panico_custom_board\protocol\bluetooth_2.7\lib\EFR32BG1B\GCC\libbluetooth.a(gecko_bgapi_test.c.obj)
                0x00014e3a                gecko_bgapi_class_test_init
 .text.handle_bgapi_output
                0x00014e4c       0x70 C:\Users\bruno\SimplicityStudio\v4_workspace\botao_panico_custom_board\protocol\bluetooth_2.7\lib\EFR32BG1B\GCC\libbluetooth.a(gecko_endpoints.c.obj)
 .text.finish_command.isra.0
                0x00014ebc       0x28 C:\Users\bruno\SimplicityStudio\v4_workspace\botao_panico_custom_board\protocol\bluetooth_2.7\lib\EFR32BG1B\GCC\libbluetooth.a(gecko_endpoints.c.obj)
 .text.gecko_release_evt
                0x00014ee4       0x14 C:\Users\bruno\SimplicityStudio\v4_workspace\botao_panico_custom_board\protocol\bluetooth_2.7\lib\EFR32BG1B\GCC\libbluetooth.a(gecko_endpoints.c.obj)
                0x00014ee4                gecko_release_evt
 .text.gecko_get_evt
                0x00014ef8       0x10 C:\Users\bruno\SimplicityStudio\v4_workspace\botao_panico_custom_board\protocol\bluetooth_2.7\lib\EFR32BG1B\GCC\libbluetooth.a(gecko_endpoints.c.obj)
                0x00014ef8                gecko_get_evt
 .text.gecko_register_bgapi_library
                0x00014f08       0x38 C:\Users\bruno\SimplicityStudio\v4_workspace\botao_panico_custom_board\protocol\bluetooth_2.7\lib\EFR32BG1B\GCC\libbluetooth.a(gecko_endpoints.c.obj)
                0x00014f08                gecko_register_bgapi_library
 .text.gecko_handle_library_packet
                0x00014f40       0x10 C:\Users\bruno\SimplicityStudio\v4_workspace\botao_panico_custom_board\protocol\bluetooth_2.7\lib\EFR32BG1B\GCC\libbluetooth.a(gecko_endpoints.c.obj)
                0x00014f40                gecko_handle_library_packet
 .text.sli_bt_cmd_handler_delegate
                0x00014f50       0x78 C:\Users\bruno\SimplicityStudio\v4_workspace\botao_panico_custom_board\protocol\bluetooth_2.7\lib\EFR32BG1B\GCC\libbluetooth.a(gecko_endpoints.c.obj)
                0x00014f50                sli_bt_cmd_handler_delegate
 .text.hci_increase_token
                0x00014fc8       0x12 C:\Users\bruno\SimplicityStudio\v4_workspace\botao_panico_custom_board\protocol\bluetooth_2.7\lib\EFR32BG1B\GCC\libbluetooth.a(hci.c.obj)
 *fill*         0x00014fda        0x2 
 .text.hci_init
                0x00014fdc       0x1c C:\Users\bruno\SimplicityStudio\v4_workspace\botao_panico_custom_board\protocol\bluetooth_2.7\lib\EFR32BG1B\GCC\libbluetooth.a(hci.c.obj)
                0x00014fdc                hci_init
 .text.hci_command_status_handle
                0x00014ff8       0x40 C:\Users\bruno\SimplicityStudio\v4_workspace\botao_panico_custom_board\protocol\bluetooth_2.7\lib\EFR32BG1B\GCC\libbluetooth.a(hci.c.obj)
                0x00014ff8                hci_command_status_handle
 .text.hci_command_complete_handle
                0x00015038      0x168 C:\Users\bruno\SimplicityStudio\v4_workspace\botao_panico_custom_board\protocol\bluetooth_2.7\lib\EFR32BG1B\GCC\libbluetooth.a(hci.c.obj)
                0x00015038                hci_command_complete_handle
 .text.hci_inject_acl
                0x000151a0        0xc C:\Users\bruno\SimplicityStudio\v4_workspace\botao_panico_custom_board\protocol\bluetooth_2.7\lib\EFR32BG1B\GCC\libbluetooth.a(hci.c.obj)
                0x000151a0                hci_inject_acl
 .text.hci_packets_waiting
                0x000151ac       0x18 C:\Users\bruno\SimplicityStudio\v4_workspace\botao_panico_custom_board\protocol\bluetooth_2.7\lib\EFR32BG1B\GCC\libbluetooth.a(hci.c.obj)
                0x000151ac                hci_packets_waiting
 .text.hci_get_acl_packet
                0x000151c4       0x14 C:\Users\bruno\SimplicityStudio\v4_workspace\botao_panico_custom_board\protocol\bluetooth_2.7\lib\EFR32BG1B\GCC\libbluetooth.a(hci.c.obj)
                0x000151c4                hci_get_acl_packet
 .text.hci_send_command
                0x000151d8       0x12 C:\Users\bruno\SimplicityStudio\v4_workspace\botao_panico_custom_board\protocol\bluetooth_2.7\lib\EFR32BG1B\GCC\libbluetooth.a(hci.c.obj)
                0x000151d8                hci_send_command
 .text.hci_read_bdaddr
                0x000151ea       0x1c C:\Users\bruno\SimplicityStudio\v4_workspace\botao_panico_custom_board\protocol\bluetooth_2.7\lib\EFR32BG1B\GCC\libbluetooth.a(hci.c.obj)
                0x000151ea                hci_read_bdaddr
 *fill*         0x00015206        0x2 
 .text.hci_state_listener
                0x00015208       0x14 C:\Users\bruno\SimplicityStudio\v4_workspace\botao_panico_custom_board\protocol\bluetooth_2.7\lib\EFR32BG1B\GCC\libbluetooth.a(hci.c.obj)
                0x00015208                hci_state_listener
 .text.hci_set_state
                0x0001521c       0x1c C:\Users\bruno\SimplicityStudio\v4_workspace\botao_panico_custom_board\protocol\bluetooth_2.7\lib\EFR32BG1B\GCC\libbluetooth.a(hci.c.obj)
                0x0001521c                hci_set_state
 .text.hci_state_listener_init
                0x00015238       0x10 C:\Users\bruno\SimplicityStudio\v4_workspace\botao_panico_custom_board\protocol\bluetooth_2.7\lib\EFR32BG1B\GCC\libbluetooth.a(hci.c.obj)
                0x00015238                hci_state_listener_init
 .text.hci_state_listener_init_default_data_length
                0x00015248       0x68 C:\Users\bruno\SimplicityStudio\v4_workspace\botao_panico_custom_board\protocol\bluetooth_2.7\lib\EFR32BG1B\GCC\libbluetooth.a(hci.c.obj)
                0x00015248                hci_state_listener_init_default_data_length
 .text.hci_run  0x000152b0        0x6 C:\Users\bruno\SimplicityStudio\v4_workspace\botao_panico_custom_board\protocol\bluetooth_2.7\lib\EFR32BG1B\GCC\libbluetooth.a(hci.c.obj)
                0x000152b0                hci_run
 .text.hci_start
                0x000152b6        0x6 C:\Users\bruno\SimplicityStudio\v4_workspace\botao_panico_custom_board\protocol\bluetooth_2.7\lib\EFR32BG1B\GCC\libbluetooth.a(hci.c.obj)
                0x000152b6                hci_start
 .text.hci_cleanup_acl
                0x000152bc       0x28 C:\Users\bruno\SimplicityStudio\v4_workspace\botao_panico_custom_board\protocol\bluetooth_2.7\lib\EFR32BG1B\GCC\libbluetooth.a(hci.c.obj)
                0x000152bc                hci_cleanup_acl
 .text.hci_send_acl
                0x000152e4       0xb0 C:\Users\bruno\SimplicityStudio\v4_workspace\botao_panico_custom_board\protocol\bluetooth_2.7\lib\EFR32BG1B\GCC\libbluetooth.a(hci.c.obj)
                0x000152e4                hci_send_acl
 .text.hci_le_set_random_address
                0x00015394       0x30 C:\Users\bruno\SimplicityStudio\v4_workspace\botao_panico_custom_board\protocol\bluetooth_2.7\lib\EFR32BG1B\GCC\libbluetooth.a(hci.c.obj)
                0x00015394                hci_le_set_random_address
 .text.hci_le_set_extended_advertising_parameters
                0x000153c4       0xe8 C:\Users\bruno\SimplicityStudio\v4_workspace\botao_panico_custom_board\protocol\bluetooth_2.7\lib\EFR32BG1B\GCC\libbluetooth.a(hci.c.obj)
                0x000153c4                hci_le_set_extended_advertising_parameters
 .text.hci_le_set_advertising_set_random_address
                0x000154ac       0x30 C:\Users\bruno\SimplicityStudio\v4_workspace\botao_panico_custom_board\protocol\bluetooth_2.7\lib\EFR32BG1B\GCC\libbluetooth.a(hci.c.obj)
                0x000154ac                hci_le_set_advertising_set_random_address
 .text.hci_le_set_extended_advertising_data
                0x000154dc       0x44 C:\Users\bruno\SimplicityStudio\v4_workspace\botao_panico_custom_board\protocol\bluetooth_2.7\lib\EFR32BG1B\GCC\libbluetooth.a(hci.c.obj)
                0x000154dc                hci_le_set_extended_advertising_data
 .text.hci_le_set_extended_scan_response_data
                0x00015520       0x44 C:\Users\bruno\SimplicityStudio\v4_workspace\botao_panico_custom_board\protocol\bluetooth_2.7\lib\EFR32BG1B\GCC\libbluetooth.a(hci.c.obj)
                0x00015520                hci_le_set_extended_scan_response_data
 .text.hci_le_set_extended_advertising_enable
                0x00015564       0x40 C:\Users\bruno\SimplicityStudio\v4_workspace\botao_panico_custom_board\protocol\bluetooth_2.7\lib\EFR32BG1B\GCC\libbluetooth.a(hci.c.obj)
                0x00015564                hci_le_set_extended_advertising_enable
 .text.hci_le_set_scan_parameters
                0x000155a4       0x40 C:\Users\bruno\SimplicityStudio\v4_workspace\botao_panico_custom_board\protocol\bluetooth_2.7\lib\EFR32BG1B\GCC\libbluetooth.a(hci.c.obj)
                0x000155a4                hci_le_set_scan_parameters
 .text.hci_le_set_scan_enable
                0x000155e4       0x2c C:\Users\bruno\SimplicityStudio\v4_workspace\botao_panico_custom_board\protocol\bluetooth_2.7\lib\EFR32BG1B\GCC\libbluetooth.a(hci.c.obj)
                0x000155e4                hci_le_set_scan_enable
 .text.hci_le_create_connection_cancel
                0x00015610       0x14 C:\Users\bruno\SimplicityStudio\v4_workspace\botao_panico_custom_board\protocol\bluetooth_2.7\lib\EFR32BG1B\GCC\libbluetooth.a(hci.c.obj)
                0x00015610                hci_le_create_connection_cancel
 .text.hci_close_acl
                0x00015624       0x42 C:\Users\bruno\SimplicityStudio\v4_workspace\botao_panico_custom_board\protocol\bluetooth_2.7\lib\EFR32BG1B\GCC\libbluetooth.a(hci.c.obj)
                0x00015624                hci_close_acl
 *fill*         0x00015666        0x2 
 .text.hci_le_connection_update
                0x00015668       0x58 C:\Users\bruno\SimplicityStudio\v4_workspace\botao_panico_custom_board\protocol\bluetooth_2.7\lib\EFR32BG1B\GCC\libbluetooth.a(hci.c.obj)
                0x00015668                hci_le_connection_update
 .text.hci_le_start_encryption
                0x000156c0       0x50 C:\Users\bruno\SimplicityStudio\v4_workspace\botao_panico_custom_board\protocol\bluetooth_2.7\lib\EFR32BG1B\GCC\libbluetooth.a(hci.c.obj)
                0x000156c0                hci_le_start_encryption
 .text.hci_le_ltk_reply
                0x00015710       0x4a C:\Users\bruno\SimplicityStudio\v4_workspace\botao_panico_custom_board\protocol\bluetooth_2.7\lib\EFR32BG1B\GCC\libbluetooth.a(hci.c.obj)
                0x00015710                hci_le_ltk_reply
 *fill*         0x0001575a        0x2 
 .text.hci_le_remote_connection_parameter_request_reply
                0x0001575c       0x54 C:\Users\bruno\SimplicityStudio\v4_workspace\botao_panico_custom_board\protocol\bluetooth_2.7\lib\EFR32BG1B\GCC\libbluetooth.a(hci.c.obj)
                0x0001575c                hci_le_remote_connection_parameter_request_reply
 .text.hci_event_handle_le_meta
                0x000157b0      0x260 C:\Users\bruno\SimplicityStudio\v4_workspace\botao_panico_custom_board\protocol\bluetooth_2.7\lib\EFR32BG1B\GCC\libbluetooth.a(hci.c.obj)
                0x000157b0                hci_event_handle_le_meta
 .text.hci_event_handle
                0x00015a10       0xf4 C:\Users\bruno\SimplicityStudio\v4_workspace\botao_panico_custom_board\protocol\bluetooth_2.7\lib\EFR32BG1B\GCC\libbluetooth.a(hci.c.obj)
                0x00015a10                hci_event_handle
 .text.hci_get_and_handle
                0x00015b04       0x2e C:\Users\bruno\SimplicityStudio\v4_workspace\botao_panico_custom_board\protocol\bluetooth_2.7\lib\EFR32BG1B\GCC\libbluetooth.a(hci.c.obj)
                0x00015b04                hci_get_and_handle
 *fill*         0x00015b32        0x2 
 .text.hci_state_listener_idle
                0x00015b34       0x1c C:\Users\bruno\SimplicityStudio\v4_workspace\botao_panico_custom_board\protocol\bluetooth_2.7\lib\EFR32BG1B\GCC\libbluetooth.a(hci.c.obj)
                0x00015b34                hci_state_listener_idle
 .text.cmd2bgbuf
                0x00015b50        0x4 C:\Users\bruno\SimplicityStudio\v4_workspace\botao_panico_custom_board\protocol\bluetooth_2.7\lib\EFR32BG1B\GCC\libbluetooth.a(hci_pck.c.obj)
                0x00015b50                cmd2bgbuf
 .text.hci_command_alloc
                0x00015b54       0x2e C:\Users\bruno\SimplicityStudio\v4_workspace\botao_panico_custom_board\protocol\bluetooth_2.7\lib\EFR32BG1B\GCC\libbluetooth.a(hci_pck.c.obj)
                0x00015b54                hci_command_alloc
 *fill*         0x00015b82        0x2 
 .text.hci_get_output_acl
                0x00015b84        0xc C:\Users\bruno\SimplicityStudio\v4_workspace\botao_panico_custom_board\protocol\bluetooth_2.7\lib\EFR32BG1B\GCC\libbluetooth.a(hci_pck.c.obj)
                0x00015b84                hci_get_output_acl
 .text.hci_get_event
                0x00015b90       0x14 C:\Users\bruno\SimplicityStudio\v4_workspace\botao_panico_custom_board\protocol\bluetooth_2.7\lib\EFR32BG1B\GCC\libbluetooth.a(hci_pck.c.obj)
                0x00015b90                hci_get_event
 .text.hci_inject_event
                0x00015ba4       0x18 C:\Users\bruno\SimplicityStudio\v4_workspace\botao_panico_custom_board\protocol\bluetooth_2.7\lib\EFR32BG1B\GCC\libbluetooth.a(hci_pck.c.obj)
                0x00015ba4                hci_inject_event
 .text.bg_pre_sleep
                0x00015bbc        0x2 C:\Users\bruno\SimplicityStudio\v4_workspace\botao_panico_custom_board\protocol\bluetooth_2.7\lib\EFR32BG1B\GCC\libbluetooth.a(init.c.obj)
                0x00015bbc                bg_pre_sleep
 .text.bg_post_wakeup
                0x00015bbe        0x2 C:\Users\bruno\SimplicityStudio\v4_workspace\botao_panico_custom_board\protocol\bluetooth_2.7\lib\EFR32BG1B\GCC\libbluetooth.a(init.c.obj)
                0x00015bbe                bg_post_wakeup
 .text.set_power_curves.constprop.0
                0x00015bc0       0x40 C:\Users\bruno\SimplicityStudio\v4_workspace\botao_panico_custom_board\protocol\bluetooth_2.7\lib\EFR32BG1B\GCC\libbluetooth.a(init.c.obj)
 .text.bg_low_init
                0x00015c00       0x30 C:\Users\bruno\SimplicityStudio\v4_workspace\botao_panico_custom_board\protocol\bluetooth_2.7\lib\EFR32BG1B\GCC\libbluetooth.a(init.c.obj)
                0x00015c00                bg_low_init
 .text.bg_radio_pa_set_tx_power
                0x00015c30       0xb0 C:\Users\bruno\SimplicityStudio\v4_workspace\botao_panico_custom_board\protocol\bluetooth_2.7\lib\EFR32BG1B\GCC\libbluetooth.a(init.c.obj)
                0x00015c30                bg_radio_pa_set_tx_power
 .text.bg_radio_init
                0x00015ce0       0xe0 C:\Users\bruno\SimplicityStudio\v4_workspace\botao_panico_custom_board\protocol\bluetooth_2.7\lib\EFR32BG1B\GCC\libbluetooth.a(init.c.obj)
                0x00015ce0                bg_radio_init
 .text.irq_init
                0x00015dc0       0x78 C:\Users\bruno\SimplicityStudio\v4_workspace\botao_panico_custom_board\protocol\bluetooth_2.7\lib\EFR32BG1B\GCC\libbluetooth.a(irq.c.obj)
                0x00015dc0                irq_init
 .text.l2cap_send_update_parameters_response
                0x00015e38       0x4a C:\Users\bruno\SimplicityStudio\v4_workspace\botao_panico_custom_board\protocol\bluetooth_2.7\lib\EFR32BG1B\GCC\libbluetooth.a(l2cap.c.obj)
 *fill*         0x00015e82        0x2 
 .text.l2cap_message_handler
                0x00015e84       0x34 C:\Users\bruno\SimplicityStudio\v4_workspace\botao_panico_custom_board\protocol\bluetooth_2.7\lib\EFR32BG1B\GCC\libbluetooth.a(l2cap.c.obj)
                0x00015e84                l2cap_message_handler
 .text.l2cap_send_command_reject.constprop.1
                0x00015eb8       0x4a C:\Users\bruno\SimplicityStudio\v4_workspace\botao_panico_custom_board\protocol\bluetooth_2.7\lib\EFR32BG1B\GCC\libbluetooth.a(l2cap.c.obj)
 *fill*         0x00015f02        0x2 
 .text.l2cap_init
                0x00015f04       0x20 C:\Users\bruno\SimplicityStudio\v4_workspace\botao_panico_custom_board\protocol\bluetooth_2.7\lib\EFR32BG1B\GCC\libbluetooth.a(l2cap.c.obj)
                0x00015f04                l2cap_init
 .text.l2cap_send_fixed_channel
                0x00015f24       0x40 C:\Users\bruno\SimplicityStudio\v4_workspace\botao_panico_custom_board\protocol\bluetooth_2.7\lib\EFR32BG1B\GCC\libbluetooth.a(l2cap.c.obj)
                0x00015f24                l2cap_send_fixed_channel
 .text.l2cap_connection_parameters_update
                0x00015f64       0x6c C:\Users\bruno\SimplicityStudio\v4_workspace\botao_panico_custom_board\protocol\bluetooth_2.7\lib\EFR32BG1B\GCC\libbluetooth.a(l2cap.c.obj)
                0x00015f64                l2cap_connection_parameters_update
 .text.acl_packet_handle
                0x00015fd0      0x15c C:\Users\bruno\SimplicityStudio\v4_workspace\botao_panico_custom_board\protocol\bluetooth_2.7\lib\EFR32BG1B\GCC\libbluetooth.a(l2cap.c.obj)
                0x00015fd0                acl_packet_handle