Archive member included because of file (symbol)

C:\Users\Bruno\SimplicityStudio\v4_workspace\botao_panico_custom_board\protocol\bluetooth_2.7\lib\EFR32BG1B\GCC\libbluetooth.a(bgapi.c.obj)
                              ./User/functions.o (gecko_rsp_msg_buf)
C:\Users\Bruno\SimplicityStudio\v4_workspace\botao_panico_custom_board\protocol\bluetooth_2.7\lib\EFR32BG1B\GCC\libbluetooth.a(bgapi_endpoint.c.obj)
                              ./User/functions.o (sli_bt_cmd_endpoint_close)
C:\Users\Bruno\SimplicityStudio\v4_workspace\botao_panico_custom_board\protocol\bluetooth_2.7\lib\EFR32BG1B\GCC\libbluetooth.a(bgapi_gap.c.obj)
                              ./User/functions.o (sli_bt_cmd_le_gap_set_mode)
C:\Users\Bruno\SimplicityStudio\v4_workspace\botao_panico_custom_board\protocol\bluetooth_2.7\lib\EFR32BG1B\GCC\libbluetooth.a(bgapi_gatt.c.obj)
                              C:\Users\Bruno\SimplicityStudio\v4_workspace\botao_panico_custom_board\protocol\bluetooth_2.7\lib\EFR32BG1B\GCC\libbluetooth.a(bgapi.c.obj) (bgapi_gatt_listener)
C:\Users\Bruno\SimplicityStudio\v4_workspace\botao_panico_custom_board\protocol\bluetooth_2.7\lib\EFR32BG1B\GCC\libbluetooth.a(bgapi_gatt_lib.c.obj)
                              ./User/functions.o (sli_bt_cmd_gatt_server_send_user_write_response)
C:\Users\Bruno\SimplicityStudio\v4_workspace\botao_panico_custom_board\protocol\bluetooth_2.7\lib\EFR32BG1B\GCC\libbluetooth.a(bgapi_le_connection.c.obj)
                              ./User/functions.o (sli_bt_cmd_le_connection_set_parameters)
C:\Users\Bruno\SimplicityStudio\v4_workspace\botao_panico_custom_board\protocol\bluetooth_2.7\lib\EFR32BG1B\GCC\libbluetooth.a(bgapi_ps.c.obj)
                              ./User/functions.o (sli_bt_cmd_flash_ps_save)
C:\Users\Bruno\SimplicityStudio\v4_workspace\botao_panico_custom_board\protocol\bluetooth_2.7\lib\EFR32BG1B\GCC\libbluetooth.a(bgapi_system.c.obj)
                              ./User/functions.o (sli_bt_cmd_system_get_bt_address)
C:\Users\Bruno\SimplicityStudio\v4_workspace\botao_panico_custom_board\protocol\bluetooth_2.7\lib\EFR32BG1B\GCC\libbluetooth.a(bgbuf.c.obj)
                              C:\Users\Bruno\SimplicityStudio\v4_workspace\botao_panico_custom_board\protocol\bluetooth_2.7\lib\EFR32BG1B\GCC\libbluetooth.a(bgapi_gatt.c.obj) (bgbuf_chain_free)
C:\Users\Bruno\SimplicityStudio\v4_workspace\botao_panico_custom_board\protocol\bluetooth_2.7\lib\EFR32BG1B\GCC\libbluetooth.a(bglib.c.obj)
                              ./User/functions.o (gecko_stack_init)
C:\Users\Bruno\SimplicityStudio\v4_workspace\botao_panico_custom_board\protocol\bluetooth_2.7\lib\EFR32BG1B\GCC\libbluetooth.a(btl_interface.c.obj)
                              C:\Users\Bruno\SimplicityStudio\v4_workspace\botao_panico_custom_board\protocol\bluetooth_2.7\lib\EFR32BG1B\GCC\libbluetooth.a(bgapi.c.obj) (bootloader_getInfo)
C:\Users\Bruno\SimplicityStudio\v4_workspace\botao_panico_custom_board\protocol\bluetooth_2.7\lib\EFR32BG1B\GCC\libbluetooth.a(gap.c.obj)
                              C:\Users\Bruno\SimplicityStudio\v4_workspace\botao_panico_custom_board\protocol\bluetooth_2.7\lib\EFR32BG1B\GCC\libbluetooth.a(bgapi_gap.c.obj) (ubt_gap_set_le_connection_parameters)
C:\Users\Bruno\SimplicityStudio\v4_workspace\botao_panico_custom_board\protocol\bluetooth_2.7\lib\EFR32BG1B\GCC\libbluetooth.a(gap_resolver.c.obj)
                              C:\Users\Bruno\SimplicityStudio\v4_workspace\botao_panico_custom_board\protocol\bluetooth_2.7\lib\EFR32BG1B\GCC\libbluetooth.a(gap.c.obj) (gap_address_resolver_step)
C:\Users\Bruno\SimplicityStudio\v4_workspace\botao_panico_custom_board\protocol\bluetooth_2.7\lib\EFR32BG1B\GCC\libbluetooth.a(gatt.c.obj)
                              C:\Users\Bruno\SimplicityStudio\v4_workspace\botao_panico_custom_board\protocol\bluetooth_2.7\lib\EFR32BG1B\GCC\libbluetooth.a(gap.c.obj) (gatt_init_connection)
C:\Users\Bruno\SimplicityStudio\v4_workspace\botao_panico_custom_board\protocol\bluetooth_2.7\lib\EFR32BG1B\GCC\libbluetooth.a(gatt_client.c.obj)
                              C:\Users\Bruno\SimplicityStudio\v4_workspace\botao_panico_custom_board\protocol\bluetooth_2.7\lib\EFR32BG1B\GCC\libbluetooth.a(bgapi_gatt_lib.c.obj) (gatt_client_init)
C:\Users\Bruno\SimplicityStudio\v4_workspace\botao_panico_custom_board\protocol\bluetooth_2.7\lib\EFR32BG1B\GCC\libbluetooth.a(gatt_db_minimal.c.obj)
                              C:\Users\Bruno\SimplicityStudio\v4_workspace\botao_panico_custom_board\protocol\bluetooth_2.7\lib\EFR32BG1B\GCC\libbluetooth.a(gatt.c.obj) (gatt_db_set_db)
C:\Users\Bruno\SimplicityStudio\v4_workspace\botao_panico_custom_board\protocol\bluetooth_2.7\lib\EFR32BG1B\GCC\libbluetooth.a(gatt_server.c.obj)
                              C:\Users\Bruno\SimplicityStudio\v4_workspace\botao_panico_custom_board\protocol\bluetooth_2.7\lib\EFR32BG1B\GCC\libbluetooth.a(gatt_db_minimal.c.obj) (gatt_server_send_attribute_value_event)
[...]
Memory Configuration

Name             Origin             Length             Attributes
FLASH_BOOTLOADER 0x00000000         0x00004000         xr
FLASH            0x00004000         0x0003b000         xr
RAM              0x20000000         0x00007bfc         xrw
*default*        0x00000000         0xffffffff

Linker script and memory map

LOAD c:/siliconlabs/simplicitystudio/v4/developer/toolchains/gnu_arm/4.9_2015q3/bin/../lib/gcc/arm-none-eabi/4.9.3/armv7e-m/softfp/crti.o
LOAD c:/siliconlabs/simplicitystudio/v4/developer/toolchains/gnu_arm/4.9_2015q3/bin/../lib/gcc/arm-none-eabi/4.9.3/armv7e-m/softfp/crtbegin.o
LOAD c:/siliconlabs/simplicitystudio/v4/developer/toolchains/gnu_arm/4.9_2015q3/bin/../lib/gcc/arm-none-eabi/4.9.3/../../../../arm-none-eabi/lib/armv7e-m/softfp/crt0.o
START GROUP
LOAD ./User/functions.o
LOAD ./User/my_adc.o
LOAD ./User/my_dma.o
LOAD ./User/my_gpio.o
LOAD ./User/my_ibeacon.o
LOAD ./User/my_init.o
LOAD ./User/my_leusart.o
LOAD ./User/my_usart.o
LOAD ./application_properties.o
LOAD ./bsp_trace.o
LOAD ./custom_adv.o
LOAD ./eeprom_emulation.o
LOAD ./gatt_db.o
LOAD ./init_app.o
LOAD ./init_board.o
LOAD ./init_mcu.o
LOAD ./interrupt.o
LOAD ./main.o
LOAD ./hardware/kit/common/bsp/bsp_stk.o
LOAD ./platform/Device/SiliconLabs/EFR32BG1B/Source/GCC/startup_efr32bg1b.o
LOAD ./platform/Device/SiliconLabs/EFR32BG1B/Source/system_efr32bg1b.o
LOAD ./platform/emdrv/sleep/src/sleep.o
LOAD ./platform/emdrv/tempdrv/src/tempdrv.o
LOAD ./platform/emlib/src/em_cmu.o
LOAD ./platform/emlib/src/em_core.o
LOAD ./platform/emlib/src/em_cryotimer.o
LOAD ./platform/emlib/src/em_crypto.o
LOAD ./platform/emlib/src/em_emu.o
LOAD ./platform/emlib/src/em_gpio.o
LOAD ./platform/emlib/src/em_i2c.o
LOAD ./platform/emlib/src/em_msc.o
LOAD ./platform/emlib/src/em_rmu.o
LOAD ./platform/emlib/src/em_rtcc.o
LOAD ./platform/emlib/src/em_system.o
LOAD ./platform/emlib/src/em_timer.o
LOAD ./platform/emlib/src/em_usart.o
LOAD C:\Users\Bruno\SimplicityStudio\v4_workspace\botao_panico_custom_board\platform\radio\rail_lib\autogen\librail_release\librail_efr32xg1_gcc_release.a
LOAD C:\Users\Bruno\SimplicityStudio\v4_workspace\botao_panico_custom_board\protocol\bluetooth_2.7\lib\EFR32BG1B\GCC\libbluetooth.a
LOAD C:\Users\Bruno\SimplicityStudio\v4_workspace\botao_panico_custom_board\protocol\bluetooth_2.7\lib\EFR32BG1B\GCC\binapploader.o
LOAD C:\Users\Bruno\SimplicityStudio\v4_workspace\botao_panico_custom_board\protocol\bluetooth_2.7\lib\EFR32BG1B\GCC\libpsstore.a
LOAD C:\Users\Bruno\SimplicityStudio\v4_workspace\botao_panico_custom_board\protocol\bluetooth_2.7\lib\EFR32BG1B\GCC\libmbedtls.a
LOAD c:/siliconlabs/simplicitystudio/v4/developer/toolchains/gnu_arm/4.9_2015q3/bin/../lib/gcc/arm-none-eabi/4.9.3/../../../../arm-none-eabi/lib/armv7e-m/softfp\libm.a
END GROUP
START GROUP
LOAD c:/siliconlabs/simplicitystudio/v4/developer/toolchains/gnu_arm/4.9_2015q3/bin/../lib/gcc/arm-none-eabi/4.9.3/armv7e-m/softfp\libgcc.a
LOAD c:/siliconlabs/simplicitystudio/v4/developer/toolchains/gnu_arm/4.9_2015q3/bin/../lib/gcc/arm-none-eabi/4.9.3/../../../../arm-none-eabi/lib/armv7e-m/softfp\libc_nano.a
LOAD c:/siliconlabs/simplicitystudio/v4/developer/toolchains/gnu_arm/4.9_2015q3/bin/../lib/gcc/arm-none-eabi/4.9.3/../../../../arm-none-eabi/lib/armv7e-m/softfp\libnosys.a
END GROUP
START GROUP
LOAD c:/siliconlabs/simplicitystudio/v4/developer/toolchains/gnu_arm/4.9_2015q3/bin/../lib/gcc/arm-none-eabi/4.9.3/armv7e-m/softfp\libgcc.a
LOAD c:/siliconlabs/simplicitystudio/v4/developer/toolchains/gnu_arm/4.9_2015q3/bin/../lib/gcc/arm-none-eabi/4.9.3/../../../../arm-none-eabi/lib/armv7e-m/softfp\libg_nano.a
LOAD c:/siliconlabs/simplicitystudio/v4/developer/toolchains/gnu_arm/4.9_2015q3/bin/../lib/gcc/arm-none-eabi/4.9.3/../../../../arm-none-eabi/lib/armv7e-m/softfp\libc_nano.a
END GROUP
START GROUP
LOAD c:/siliconlabs/simplicitystudio/v4/developer/toolchains/gnu_arm/4.9_2015q3/bin/../lib/gcc/arm-none-eabi/4.9.3/armv7e-m/softfp\libgcc.a
LOAD c:/siliconlabs/simplicitystudio/v4/developer/toolchains/gnu_arm/4.9_2015q3/bin/../lib/gcc/arm-none-eabi/4.9.3/../../../../arm-none-eabi/lib/armv7e-m/softfp\libc_nano.a
END GROUP
LOAD c:/siliconlabs/simplicitystudio/v4/developer/toolchains/gnu_arm/4.9_2015q3/bin/../lib/gcc/arm-none-eabi/4.9.3/armv7e-m/softfp/crtend.o
LOAD c:/siliconlabs/simplicitystudio/v4/developer/toolchains/gnu_arm/4.9_2015q3/bin/../lib/gcc/arm-none-eabi/4.9.3/armv7e-m/softfp/crtn.o

.text_bootloader
                0x00000000        0x0
 *(.binbootloader*)
                0x00000000                . = ALIGN (0x4000)

.text_apploader
                0x00004000     0x8fc0
 *(.binapploader*)
 .binapploader  0x00004000     0x8fc0 C:\Users\Bruno\SimplicityStudio\v4_workspace\botao_panico_custom_board\protocol\bluetooth_2.7\lib\EFR32BG1B\GCC\binapploader.o

.text_signature
                0x0000cfc0       0x40
                0x0000d000                . = ALIGN (0x800)
 *fill*         0x0000cfc0       0x40 
                0x0000d000                __text_start__ = .

.text_application
                0x0000d000    0x20624
 *(.vectors)
 .vectors       0x0000d000       0xc8 ./platform/Device/SiliconLabs/EFR32BG1B/Source/GCC/startup_efr32bg1b.o
                0x0000d000                __Vectors
                0x0000d0c8                __Vectors_End = .
                0x000000c8                __Vectors_Size = (__Vectors_End - __Vectors)
                0x0000d0c8                __end__ = .
 *(.application_properties)
 .application_properties
                0x0000d0c8       0x38 ./application_properties.o
                0x0000d0c8                applicationProperties
 *(.gecko_configuration)
 *(.xo_configuration)
 *(.gatt_header)
 .gatt_header   0x0000d100       0x34 ./gatt_db.o
                0x0000d100                bg_gattdb_data
 *(.gatt_data)
 .gatt_data     0x0000d134      0x266 ./gatt_db.o
                0x0000d134                bg_gattdb_data_adv_uuid128_map
                0x0000d144                bg_gattdb_data_adv_uuid16_map
                0x0000d148                bg_gattdb_data_attributes_dynamic_mapping_map
                0x0000d150                bg_gattdb_data_attributes_map
                0x0000d264                bg_gattdb_data_attribute_field_0
                0x0000d268                bg_gattdb_data_attribute_field_1
                0x0000d270                bg_gattdb_data_attribute_field_2
                0x0000d278                bg_gattdb_data_attribute_field_4
                0x0000d27c                bg_gattdb_data_attribute_field_5
                0x0000d284                bg_gattdb_data_attribute_field_6
                0x0000d28c                bg_gattdb_data_attribute_field_7
                0x0000d294                bg_gattdb_data_attribute_field_8
                0x0000d298                bg_gattdb_data_attribute_field_9
                0x0000d29c                bg_gattdb_data_attribute_field_10
                0x0000d2a4                bg_gattdb_data_attribute_field_11
                0x0000d2b0                bg_gattdb_data_attribute_field_12
                0x0000d2b8                bg_gattdb_data_attribute_field_13
                0x0000d2c8                bg_gattdb_data_attribute_field_14
                0x0000d2d0                bg_gattdb_data_attribute_field_15
                0x0000d2d8                bg_gattdb_data_attribute_field_16
                0x0000d2ec                bg_gattdb_data_attribute_field_17
                0x0000d304                bg_gattdb_data_attribute_field_18
                0x0000d30c                bg_gattdb_data_attribute_field_19
                0x0000d320                bg_gattdb_data_attribute_field_20
                0x0000d338                bg_gattdb_data_attribute_field_21
                0x0000d340                bg_gattdb_data_uuidtable_128_map
                0x0000d380                bg_gattdb_data_uuidtable_16_map
 *(.text*)
 *fill*         0x0000d39a        0x2 
 .text          0x0000d39c       0x5c c:/siliconlabs/simplicitystudio/v4/developer/toolchains/gnu_arm/4.9_2015q3/bin/../lib/gcc/arm-none-eabi/4.9.3/armv7e-m/softfp/crtbegin.o
 .text          0x0000d3f8       0x74 c:/siliconlabs/simplicitystudio/v4/developer/toolchains/gnu_arm/4.9_2015q3/bin/../lib/gcc/arm-none-eabi/4.9.3/../../../../arm-none-eabi/lib/armv7e-m/softfp/crt0.o
                0x0000d3f8                _start
                0x0000d3f8                _mainCRTStartup
 .text.gecko_cmd_gatt_server_send_characteristic_notification.constprop.1
                0x0000d46c       0x5c ./User/functions.o
 .text.ps_load_object
                0x0000d4c8       0x50 ./User/functions.o
                0x0000d4c8                ps_load_object
 .text.reset_variables
                0x0000d518       0x40 ./User/functions.o
                0x0000d518                reset_variables
 .text.configura_bluetooth_sleep
                0x0000d558       0x8c ./User/functions.o
                0x0000d558                configura_bluetooth_sleep
 .text.acorda   0x0000d5e4       0x24 ./User/functions.o
                0x0000d5e4                acorda
 .text.dorme    0x0000d608       0x90 ./User/functions.o
                0x0000d608                dorme
 .text.desconecta_bluetooth
                0x0000d698       0x38 ./User/functions.o
                0x0000d698                desconecta_bluetooth
 .text.registra_pressionamento
                0x0000d6d0       0x48 ./User/functions.o
                0x0000d6d0                registra_pressionamento
 .text.leitura_mac_address
                0x0000d718       0x98 ./User/functions.o
                0x0000d718                leitura_mac_address
 .text.trata_string_bluetooth
                0x0000d7b0      0x788 ./User/functions.o
                0x0000d7b0                trata_string_bluetooth
 .text.verifica_eventos_bluetooth
                0x0000df38      0x2e0 ./User/functions.o
                0x0000df38                verifica_eventos_bluetooth
 .text.bcnSetupAdvBeaconing
                0x0000e218      0x2f4 ./User/my_ibeacon.o
                0x0000e218                bcnSetupAdvBeaconing
 .text.Init_CRYOTimer
                0x0000e50c       0x5c ./User/my_init.o
                0x0000e50c                Init_CRYOTimer
 .text.Init_GPIO
                0x0000e568       0x38 ./User/my_init.o
                0x0000e568                Init_GPIO
 .text.Init_Clocks
                0x0000e5a0       0x5c ./User/my_init.o
                0x0000e5a0                Init_Clocks
 .text.Init_External_Interrupt
                0x0000e5fc       0x3c ./User/my_init.o
                0x0000e5fc                Init_External_Interrupt
 .text.Init_PWM
                0x0000e638       0xd8 ./User/my_init.o
                0x0000e638                Init_PWM
 .text.Init_Usart
                0x0000e710       0xc8 ./User/my_usart.o
                0x0000e710                Init_Usart
 .text.USART0_RX_IRQHandler
                0x0000e7d8       0x48 ./User/my_usart.o
                0x0000e7d8                USART0_RX_IRQHandler
 .text.USART0_TX_IRQHandler
                0x0000e820       0x58 ./User/my_usart.o
                0x0000e820                USART0_TX_IRQHandler
 .text.USART_STR
                0x0000e878       0x1c ./User/my_usart.o
                0x0000e878                USART_STR
 .text.fill_adv_packet
                0x0000e894      0x16c ./custom_adv.o
                0x0000e894                fill_adv_packet
 .text.initBoard
                0x0000ea00        0x4 ./init_board.o
                0x0000ea00                initBoard
 .text.initMcu  0x0000ea04      0x150 ./init_mcu.o
                0x0000ea04                initMcu
 .text.TIMER0_IRQHandler
                0x0000eb54        0xc ./interrupt.o
                0x0000eb54                TIMER0_IRQHandler
 .text.TIMER1_IRQHandler
                0x0000eb60        0xc ./interrupt.o
                0x0000eb60                TIMER1_IRQHandler
 .text.CRYOTIMER_IRQHandler
                0x0000eb6c      0x514 ./interrupt.o
                0x0000eb6c                CRYOTIMER_IRQHandler
 .text.GPIO_ODD_IRQHandler
                0x0000f080      0x14c ./interrupt.o
                0x0000f080                GPIO_ODD_IRQHandler
 .text.GPIO_EVEN_IRQHandler
                0x0000f1cc       0x18 ./interrupt.o
                0x0000f1cc                GPIO_EVEN_IRQHandler
 .text.EMU_IRQHandler
                0x0000f1e4        0xc ./interrupt.o
                0x0000f1e4                EMU_IRQHandler
 .text.startup.main
                0x0000f1f0       0x38 ./main.o
                0x0000f1f0                main
 .text.Default_Handler
                0x0000f228        0x4 ./platform/Device/SiliconLabs/EFR32BG1B/Source/GCC/startup_efr32bg1b.o
                0x0000f228                DebugMon_Handler
                0x0000f228                I2C0_IRQHandler
                0x0000f228                HardFault_Handler
                0x0000f228                SysTick_Handler
                0x0000f228                USART1_RX_IRQHandler
                0x0000f228                PendSV_Handler
                0x0000f228                NMI_Handler
                0x0000f228                WDOG0_IRQHandler
                0x0000f228                USART1_TX_IRQHandler
                0x0000f228                MSC_IRQHandler
                0x0000f228                ADC0_IRQHandler
                0x0000f228                UsageFault_Handler
                0x0000f228                LEUART0_IRQHandler
                0x0000f228                FPUEH_IRQHandler
                0x0000f228                LDMA_IRQHandler
                0x0000f228                LETIMER0_IRQHandler
                0x0000f228                Default_Handler
                0x0000f228                PCNT0_IRQHandler
                0x0000f228                ACMP0_IRQHandler
                0x0000f228                MemManage_Handler
                0x0000f228                SVC_Handler
                0x0000f228                RTCC_IRQHandler
                0x0000f228                CRYPTO_IRQHandler
                0x0000f228                CMU_IRQHandler
                0x0000f228                BusFault_Handler
                0x0000f228                IDAC0_IRQHandler
 .text.Reset_Handler
                0x0000f22c       0x38 ./platform/Device/SiliconLabs/EFR32BG1B/Source/GCC/startup_efr32bg1b.o
                0x0000f22c                Reset_Handler
 .text.SystemMaxCoreClockGet
                0x0000f264        0x8 ./platform/Device/SiliconLabs/EFR32BG1B/Source/system_efr32bg1b.o
                0x0000f264                SystemMaxCoreClockGet
 .text.SystemHFClockGet
                0x0000f26c       0x50 ./platform/Device/SiliconLabs/EFR32BG1B/Source/system_efr32bg1b.o
                0x0000f26c                SystemHFClockGet
 .text.SystemCoreClockGet
                0x0000f2bc       0x24 ./platform/Device/SiliconLabs/EFR32BG1B/Source/system_efr32bg1b.o
                0x0000f2bc                SystemCoreClockGet
 .text.SystemHFXOClockGet
                0x0000f2e0        0xc ./platform/Device/SiliconLabs/EFR32BG1B/Source/system_efr32bg1b.o
                0x0000f2e0                SystemHFXOClockGet
 .text.SystemHFXOClockSet
                0x0000f2ec       0x20 ./platform/Device/SiliconLabs/EFR32BG1B/Source/system_efr32bg1b.o
                0x0000f2ec                SystemHFXOClockSet
 .text.SystemInit
                0x0000f30c       0x4c ./platform/Device/SiliconLabs/EFR32BG1B/Source/system_efr32bg1b.o
                0x0000f30c                SystemInit
 .text.SystemLFRCOClockGet
                0x0000f358        0x8 ./platform/Device/SiliconLabs/EFR32BG1B/Source/system_efr32bg1b.o
                0x0000f358                SystemLFRCOClockGet
 .text.SystemULFRCOClockGet
                0x0000f360        0x8 ./platform/Device/SiliconLabs/EFR32BG1B/Source/system_efr32bg1b.o
                0x0000f360                SystemULFRCOClockGet
 .text.SystemLFXOClockGet
                0x0000f368        0xc ./platform/Device/SiliconLabs/EFR32BG1B/Source/system_efr32bg1b.o
                0x0000f368                SystemLFXOClockGet
 .text.SystemLFXOClockSet
                0x0000f374       0x20 ./platform/Device/SiliconLabs/EFR32BG1B/Source/system_efr32bg1b.o
                0x0000f374                SystemLFXOClockSet
 .text.sleepCallbackWrapper
                0x0000f394       0x14 ./platform/emdrv/sleep/src/sleep.o
 .text.enterEMx
                0x0000f3a8       0x70 ./platform/emdrv/sleep/src/sleep.o
 .text.SLEEP_Init
                0x0000f418       0x44 ./platform/emdrv/sleep/src/sleep.o
                0x0000f418                SLEEP_Init
 .text.SLEEP_Sleep
                0x0000f45c       0x70 ./platform/emdrv/sleep/src/sleep.o
                0x0000f45c                SLEEP_Sleep
 .text.SLEEP_SleepBlockBegin
                0x0000f4cc       0x28 ./platform/emdrv/sleep/src/sleep.o
                0x0000f4cc                SLEEP_SleepBlockBegin
 .text.SLEEP_SleepBlockEnd
                0x0000f4f4       0x2c ./platform/emdrv/sleep/src/sleep.o
                0x0000f4f4                SLEEP_SleepBlockEnd
 .text.SLEEP_LowestEnergyModeGet
                0x0000f520       0x1c ./platform/emdrv/sleep/src/sleep.o
                0x0000f520                SLEEP_LowestEnergyModeGet
 .text.flashWaitStateControl.isra.0
                0x0000f53c       0x48 ./platform/emlib/src/em_cmu.o
 .text.CMU_OscillatorTuningSet.part.3
                0x0000f584       0x3c ./platform/emlib/src/em_cmu.o
 .text.CMU_ClockEnable
                0x0000f5c0       0x8c ./platform/emlib/src/em_cmu.o
                0x0000f5c0                CMU_ClockEnable
 .text.CMU_ClockPrescGet
                0x0000f64c       0x94 ./platform/emlib/src/em_cmu.o
                0x0000f64c                CMU_ClockPrescGet
 .text.CMU_ClockSelectGet
                0x0000f6e0       0xc4 ./platform/emlib/src/em_cmu.o
                0x0000f6e0                CMU_ClockSelectGet
 .text.lfClkGet
                0x0000f7a4       0x94 ./platform/emlib/src/em_cmu.o
 .text.CMU_ClockFreqGet
                0x0000f838      0x160 ./platform/emlib/src/em_cmu.o
                0x0000f838                CMU_ClockFreqGet
 .text.CMU_HFXOAutostartEnable
                0x0000f998       0x74 ./platform/emlib/src/em_cmu.o
                0x0000f998                CMU_HFXOAutostartEnable
 .text.CMU_OscillatorTuningWait
                0x0000fa0c       0x5c ./platform/emlib/src/em_cmu.o
                0x0000fa0c                CMU_OscillatorTuningWait
 .text.CMU_OscillatorEnable
                0x0000fa68      0x110 ./platform/emlib/src/em_cmu.o
                0x0000fa68                CMU_OscillatorEnable
 .text.CMU_ClockSelectSet
                0x0000fb78      0x200 ./platform/emlib/src/em_cmu.o
                0x0000fb78                CMU_ClockSelectSet
 .text.CMU_HFXOInit
                0x0000fd78       0x88 ./platform/emlib/src/em_cmu.o
                0x0000fd78                CMU_HFXOInit
 .text.CMU_LFXOInit
                0x0000fe00       0x40 ./platform/emlib/src/em_cmu.o
                0x0000fe00                CMU_LFXOInit
 .text.CORE_EnterCritical
                0x0000fe40        0x8 ./platform/emlib/src/em_core.o
                0x0000fe40                CORE_EnterCritical
 .text.CORE_ExitCritical
                0x0000fe48        0x8 ./platform/emlib/src/em_core.o
                0x0000fe48                CORE_ExitCritical
 .text.CORE_EnterAtomic
                0x0000fe50        0x8 ./platform/emlib/src/em_core.o
                0x0000fe50                CORE_EnterAtomic
 .text.CORE_ExitAtomic
                0x0000fe58        0x8 ./platform/emlib/src/em_core.o
                0x0000fe58                CORE_ExitAtomic
 .text.CORE_SetNvicRamTableHandler
                0x0000fe60       0x10 ./platform/emlib/src/em_core.o
                0x0000fe60                CORE_SetNvicRamTableHandler
 .text.CORE_InitNvicVectorTable
                0x0000fe70       0x48 ./platform/emlib/src/em_core.o
                0x0000fe70                CORE_InitNvicVectorTable
 .text.CRYOTIMER_Init
                0x0000feb8       0x3c ./platform/emlib/src/em_cryotimer.o
                0x0000feb8                CRYOTIMER_Init
 .text.CRYPTO_ModulusSet
                0x0000fef4       0x38 ./platform/emlib/src/em_crypto.o
                0x0000fef4                CRYPTO_ModulusSet
 .text.CRYPTO_KeyRead
                0x0000ff2c       0x2c ./platform/emlib/src/em_crypto.o
                0x0000ff2c                CRYPTO_KeyRead
 .text.currentLimitersUpdate
                0x0000ff58       0x74 ./platform/emlib/src/em_emu.o
 .text.dcdcHsFixLnBlock.part.0
                0x0000ffcc       0x30 ./platform/emlib/src/em_emu.o
 .text.dcdcFetCntSet.part.1
                0x0000fffc       0x20 ./platform/emlib/src/em_emu.o
 .text.emState.part.2
                0x0001001c       0x24 ./platform/emlib/src/em_emu.o
 .text.emState  0x00010040       0x60 ./platform/emlib/src/em_emu.o
 .text.EMU_EnterEM2
                0x000100a0       0x5c ./platform/emlib/src/em_emu.o
                0x000100a0                EMU_EnterEM2
 .text.EMU_EnterEM3
                0x000100fc       0x80 ./platform/emlib/src/em_emu.o
                0x000100fc                EMU_EnterEM3
 .text.EMU_Save
                0x0001017c        0x4 ./platform/emlib/src/em_emu.o
                0x0001017c                EMU_Save
 .text.EMU_Restore
                0x00010180        0x8 ./platform/emlib/src/em_emu.o
                0x00010180                EMU_Restore
 .text.EMU_DCDCModeSet
                0x00010188       0x64 ./platform/emlib/src/em_emu.o
                0x00010188                EMU_DCDCModeSet
 .text.EMU_EnterEM4
                0x000101ec       0x98 ./platform/emlib/src/em_emu.o
                0x000101ec                EMU_EnterEM4
 .text.EMU_DCDCOptimizeSlice
                0x00010284       0x94 ./platform/emlib/src/em_emu.o
                0x00010284                EMU_DCDCOptimizeSlice
 .text.EMU_DCDCLnRcoBandSet
                0x00010318       0x24 ./platform/emlib/src/em_emu.o
                0x00010318                EMU_DCDCLnRcoBandSet
 .text.GPIO_ExtIntConfig
                0x0001033c       0xb0 ./platform/emlib/src/em_gpio.o
                0x0001033c                GPIO_ExtIntConfig
 .text.GPIO_PinModeSet
                0x000103ec       0x84 ./platform/emlib/src/em_gpio.o
                0x000103ec                GPIO_PinModeSet
 .text.MSC_Init
                0x00010470       0x18 ./platform/emlib/src/em_msc.o
                0x00010470                MSC_Init
 .text.MSC_Deinit
                0x00010488       0x14 ./platform/emlib/src/em_msc.o
                0x00010488                MSC_Deinit
 .text.RMU_ResetCauseClear
                0x0001049c        0xc ./platform/emlib/src/em_rmu.o
                0x0001049c                RMU_ResetCauseClear
 .text.RMU_ResetCauseGet
                0x000104a8       0x7c ./platform/emlib/src/em_rmu.o
                0x000104a8                RMU_ResetCauseGet
 .text.RTCC_ChannelInit
                0x00010524       0x3c ./platform/emlib/src/em_rtcc.o
                0x00010524                RTCC_ChannelInit
 .text.RTCC_Init
                0x00010560       0x6c ./platform/emlib/src/em_rtcc.o
                0x00010560                RTCC_Init
 .text.SYSTEM_ChipRevisionGet
                0x000105cc       0x34 ./platform/emlib/src/em_system.o
                0x000105cc                SYSTEM_ChipRevisionGet
 .text.TIMER_Init
                0x00010600       0xb0 ./platform/emlib/src/em_timer.o
                0x00010600                TIMER_Init
 .text.TIMER_InitCC
                0x000106b0       0x84 ./platform/emlib/src/em_timer.o
                0x000106b0                TIMER_InitCC
 .text.USART_BaudrateAsyncSet
                0x00010734       0x68 ./platform/emlib/src/em_usart.o
                0x00010734                USART_BaudrateAsyncSet
 .text.USART_Enable
                0x0001079c       0x10 ./platform/emlib/src/em_usart.o
                0x0001079c                USART_Enable
 .text.USART_InitAsync
                0x000107ac       0xb0 ./platform/emlib/src/em_usart.o
                0x000107ac                USART_InitAsync
 .text.USART_Rx
                0x0001085c        0xc ./platform/emlib/src/em_usart.o
                0x0001085c                USART_Rx
 .text.USART_Tx
                0x00010868        0xc ./platform/emlib/src/em_usart.o
                0x00010868                USART_Tx
 .text.register_message_handler
                0x00010874        0xc C:\Users\Bruno\SimplicityStudio\v4_workspace\botao_panico_custom_board\protocol\bluetooth_2.7\lib\EFR32BG1B\GCC\libbluetooth.a(bgapi.c.obj)
                0x00010874                register_message_handler
 .text.bgapi_gap_set_legacy_mode
                0x00010880       0x1c C:\Users\Bruno\SimplicityStudio\v4_workspace\botao_panico_custom_board\protocol\bluetooth_2.7\lib\EFR32BG1B\GCC\libbluetooth.a(bgapi.c.obj)
                0x00010880                bgapi_gap_set_legacy_mode
 .text.bgapi_ubt_listener
                0x0001089c      0x3e8 C:\Users\Bruno\SimplicityStudio\v4_workspace\botao_panico_custom_board\protocol\bluetooth_2.7\lib\EFR32BG1B\GCC\libbluetooth.a(bgapi.c.obj)
                0x0001089c                bgapi_ubt_listener
 .text.bgapi_init
                0x00010c84       0x10 C:\Users\Bruno\SimplicityStudio\v4_workspace\botao_panico_custom_board\protocol\bluetooth_2.7\lib\EFR32BG1B\GCC\libbluetooth.a(bgapi.c.obj)
                0x00010c84                bgapi_init
 .text.bgapi_buffer_init
                0x00010c94       0x30 C:\Users\Bruno\SimplicityStudio\v4_workspace\botao_panico_custom_board\protocol\bluetooth_2.7\lib\EFR32BG1B\GCC\libbluetooth.a(bgapi.c.obj)
                0x00010c94                bgapi_buffer_init
 .text.lib_endpoint_handler_init
                0x00010cc4        0x2 C:\Users\Bruno\SimplicityStudio\v4_workspace\botao_panico_custom_board\protocol\bluetooth_2.7\lib\EFR32BG1B\GCC\libbluetooth.a(bgapi_endpoint.c.obj)
                0x00010cc4                lib_endpoint_handler_init
 *fill*         0x00010cc6        0x2 
 .text.sli_bt_cmd_endpoint_close
                0x00010cc8       0x3c C:\Users\Bruno\SimplicityStudio\v4_workspace\botao_panico_custom_board\protocol\bluetooth_2.7\lib\EFR32BG1B\GCC\libbluetooth.a(bgapi_endpoint.c.obj)
                0x00010cc8                sli_bt_cmd_endpoint_close
 .text.set_adv_data
                0x00010d04       0x34 C:\Users\Bruno\SimplicityStudio\v4_workspace\botao_panico_custom_board\protocol\bluetooth_2.7\lib\EFR32BG1B\GCC\libbluetooth.a(bgapi_gap.c.obj)
 .text.lib_le_gap_handler_init
                0x00010d38        0x2 C:\Users\Bruno\SimplicityStudio\v4_workspace\botao_panico_custom_board\protocol\bluetooth_2.7\lib\EFR32BG1B\GCC\libbluetooth.a(bgapi_gap.c.obj)
                0x00010d38                lib_le_gap_handler_init
 *fill*         0x00010d3a        0x2 
 .text.sli_bt_cmd_le_gap_set_mode
                0x00010d3c       0x48 C:\Users\Bruno\SimplicityStudio\v4_workspace\botao_panico_custom_board\protocol\bluetooth_2.7\lib\EFR32BG1B\GCC\libbluetooth.a(bgapi_gap.c.obj)
                0x00010d3c                sli_bt_cmd_le_gap_set_mode
 .text.sli_bt_cmd_le_gap_set_adv_data
                0x00010d84       0x38 C:\Users\Bruno\SimplicityStudio\v4_workspace\botao_panico_custom_board\protocol\bluetooth_2.7\lib\EFR32BG1B\GCC\libbluetooth.a(bgapi_gap.c.obj)
                0x00010d84                sli_bt_cmd_le_gap_set_adv_data
 .text.sli_bt_cmd_le_gap_set_adv_parameters
                0x00010dbc       0x34 C:\Users\Bruno\SimplicityStudio\v4_workspace\botao_panico_custom_board\protocol\bluetooth_2.7\lib\EFR32BG1B\GCC\libbluetooth.a(bgapi_gap.c.obj)
                0x00010dbc                sli_bt_cmd_le_gap_set_adv_parameters
 .text.bgapi_gatt_listener
                0x00010df0      0x27c C:\Users\Bruno\SimplicityStudio\v4_workspace\botao_panico_custom_board\protocol\bluetooth_2.7\lib\EFR32BG1B\GCC\libbluetooth.a(bgapi_gatt.c.obj)
                0x00010df0                bgapi_gatt_listener
 .text.lib_gatt_handler_init
                0x0001106c        0x4 C:\Users\Bruno\SimplicityStudio\v4_workspace\botao_panico_custom_board\protocol\bluetooth_2.7\lib\EFR32BG1B\GCC\libbluetooth.a(bgapi_gatt_lib.c.obj)
                0x0001106c                lib_gatt_handler_init
 .text.lib_gatt_server_handler_init
                0x00011070        0x2 C:\Users\Bruno\SimplicityStudio\v4_workspace\botao_panico_custom_board\protocol\bluetooth_2.7\lib\EFR32BG1B\GCC\libbluetooth.a(bgapi_gatt_lib.c.obj)
                0x00011070                lib_gatt_server_handler_init
 *fill*         0x00011072        0x2 
 .text.sli_bt_cmd_gatt_server_send_user_write_response
                0x00011074       0x34 C:\Users\Bruno\SimplicityStudio\v4_workspace\botao_panico_custom_board\protocol\bluetooth_2.7\lib\EFR32BG1B\GCC\libbluetooth.a(bgapi_gatt_lib.c.obj)
                0x00011074                sli_bt_cmd_gatt_server_send_user_write_response
 .text.sli_bt_cmd_gatt_server_send_characteristic_notification
                0x000110a8       0x44 C:\Users\Bruno\SimplicityStudio\v4_workspace\botao_panico_custom_board\protocol\bluetooth_2.7\lib\EFR32BG1B\GCC\libbluetooth.a(bgapi_gatt_lib.c.obj)
                0x000110a8                sli_bt_cmd_gatt_server_send_characteristic_notification
 .text.lib_le_connection_handler_init
                0x000110ec        0x2 C:\Users\Bruno\SimplicityStudio\v4_workspace\botao_panico_custom_board\protocol\bluetooth_2.7\lib\EFR32BG1B\GCC\libbluetooth.a(bgapi_le_connection.c.obj)
                0x000110ec                lib_le_connection_handler_init
 *fill*         0x000110ee        0x2 
 .text.sli_bt_cmd_le_connection_set_parameters
                0x000110f0       0x48 C:\Users\Bruno\SimplicityStudio\v4_workspace\botao_panico_custom_board\protocol\bluetooth_2.7\lib\EFR32BG1B\GCC\libbluetooth.a(bgapi_le_connection.c.obj)
                0x000110f0                sli_bt_cmd_le_connection_set_parameters
 .text.bgapi_close_le_connection
                0x00011138       0x16 C:\Users\Bruno\SimplicityStudio\v4_workspace\botao_panico_custom_board\protocol\bluetooth_2.7\lib\EFR32BG1B\GCC\libbluetooth.a(bgapi_le_connection.c.obj)
                0x00011138                bgapi_close_le_connection
 *fill*         0x0001114e        0x2 
 .text.sli_bt_cmd_le_connection_close
                0x00011150       0x2c C:\Users\Bruno\SimplicityStudio\v4_workspace\botao_panico_custom_board\protocol\bluetooth_2.7\lib\EFR32BG1B\GCC\libbluetooth.a(bgapi_le_connection.c.obj)
                0x00011150                sli_bt_cmd_le_connection_close
 .text.pskey_user_accessible
                0x0001117c       0x1c C:\Users\Bruno\SimplicityStudio\v4_workspace\botao_panico_custom_board\protocol\bluetooth_2.7\lib\EFR32BG1B\GCC\libbluetooth.a(bgapi_ps.c.obj)
 .text.bgapi_ps_dump_listener
                0x00011198       0x40 C:\Users\Bruno\SimplicityStudio\v4_workspace\botao_panico_custom_board\protocol\bluetooth_2.7\lib\EFR32BG1B\GCC\libbluetooth.a(bgapi_ps.c.obj)
                0x00011198                bgapi_ps_dump_listener
 .text.lib_flash_handler_init
                0x000111d8       0x14 C:\Users\Bruno\SimplicityStudio\v4_workspace\botao_panico_custom_board\protocol\bluetooth_2.7\lib\EFR32BG1B\GCC\libbluetooth.a(bgapi_ps.c.obj)
                0x000111d8                lib_flash_handler_init
 .text.sli_bt_cmd_flash_ps_save
                0x000111ec       0x50 C:\Users\Bruno\SimplicityStudio\v4_workspace\botao_panico_custom_board\protocol\bluetooth_2.7\lib\EFR32BG1B\GCC\libbluetooth.a(bgapi_ps.c.obj)
                0x000111ec                sli_bt_cmd_flash_ps_save
 .text.sli_bt_cmd_flash_ps_load
                0x0001123c       0x60 C:\Users\Bruno\SimplicityStudio\v4_workspace\botao_panico_custom_board\protocol\bluetooth_2.7\lib\EFR32BG1B\GCC\libbluetooth.a(bgapi_ps.c.obj)
                0x0001123c                sli_bt_cmd_flash_ps_load
 .text.bgapi_system_listener
                0x0001129c       0x30 C:\Users\Bruno\SimplicityStudio\v4_workspace\botao_panico_custom_board\protocol\bluetooth_2.7\lib\EFR32BG1B\GCC\libbluetooth.a(bgapi_system.c.obj)
                0x0001129c                bgapi_system_listener
 .text.lib_system_handler_init
                0x000112cc       0x14 C:\Users\Bruno\SimplicityStudio\v4_workspace\botao_panico_custom_board\protocol\bluetooth_2.7\lib\EFR32BG1B\GCC\libbluetooth.a(bgapi_system.c.obj)
                0x000112cc                lib_system_handler_init
 .text.sli_bt_cmd_system_get_bt_address
                0x000112e0       0x34 C:\Users\Bruno\SimplicityStudio\v4_workspace\botao_panico_custom_board\protocol\bluetooth_2.7\lib\EFR32BG1B\GCC\libbluetooth.a(bgapi_system.c.obj)
                0x000112e0                sli_bt_cmd_system_get_bt_address
 .text.sli_bt_cmd_system_set_tx_power
                0x00011314       0x30 C:\Users\Bruno\SimplicityStudio\v4_workspace\botao_panico_custom_board\protocol\bluetooth_2.7\lib\EFR32BG1B\GCC\libbluetooth.a(bgapi_system.c.obj)
                0x00011314                sli_bt_cmd_system_set_tx_power
 .text.sli_bt_cmd_system_reset
                0x00011344        0x6 C:\Users\Bruno\SimplicityStudio\v4_workspace\botao_panico_custom_board\protocol\bluetooth_2.7\lib\EFR32BG1B\GCC\libbluetooth.a(bgapi_system.c.obj)
                0x00011344                sli_bt_cmd_system_reset
 *fill*         0x0001134a        0x2 
 .text.bgbuf_alloc_int
                0x0001134c       0xa0 C:\Users\Bruno\SimplicityStudio\v4_workspace\botao_panico_custom_board\protocol\bluetooth_2.7\lib\EFR32BG1B\GCC\libbluetooth.a(bgbuf.c.obj)
 .text.bgbuf_init
                0x000113ec       0x28 C:\Users\Bruno\SimplicityStudio\v4_workspace\botao_panico_custom_board\protocol\bluetooth_2.7\lib\EFR32BG1B\GCC\libbluetooth.a(bgbuf.c.obj)
                0x000113ec                bgbuf_init
 .text.bgbuf_alloc
                0x00011414        0xc C:\Users\Bruno\SimplicityStudio\v4_workspace\botao_panico_custom_board\protocol\bluetooth_2.7\lib\EFR32BG1B\GCC\libbluetooth.a(bgbuf.c.obj)
                0x00011414                bgbuf_alloc
 .text.bgbuf_alloc_size
                0x00011420       0x10 C:\Users\Bruno\SimplicityStudio\v4_workspace\botao_panico_custom_board\protocol\bluetooth_2.7\lib\EFR32BG1B\GCC\libbluetooth.a(bgbuf.c.obj)
                0x00011420                bgbuf_alloc_size
 .text.bgbuf_free
                0x00011430       0x7c C:\Users\Bruno\SimplicityStudio\v4_workspace\botao_panico_custom_board\protocol\bluetooth_2.7\lib\EFR32BG1B\GCC\libbluetooth.a(bgbuf.c.obj)
                0x00011430                bgbuf_free
 .text.bgbuf_append
                0x000114ac       0x16 C:\Users\Bruno\SimplicityStudio\v4_workspace\botao_panico_custom_board\protocol\bluetooth_2.7\lib\EFR32BG1B\GCC\libbluetooth.a(bgbuf.c.obj)
                0x000114ac                bgbuf_append
 .text.bgbuf_append_data
                0x000114c2       0x24 C:\Users\Bruno\SimplicityStudio\v4_workspace\botao_panico_custom_board\protocol\bluetooth_2.7\lib\EFR32BG1B\GCC\libbluetooth.a(bgbuf.c.obj)
                0x000114c2                bgbuf_append_data
 .text.bgbuf_copy_to
                0x000114e6       0x64 C:\Users\Bruno\SimplicityStudio\v4_workspace\botao_panico_custom_board\protocol\bluetooth_2.7\lib\EFR32BG1B\GCC\libbluetooth.a(bgbuf.c.obj)
                0x000114e6                bgbuf_copy_to
 .text.bgbuf_chain_free
                0x0001154a       0x14 C:\Users\Bruno\SimplicityStudio\v4_workspace\botao_panico_custom_board\protocol\bluetooth_2.7\lib\EFR32BG1B\GCC\libbluetooth.a(bgbuf.c.obj)
                0x0001154a                bgbuf_chain_free
 .text.bgbuf_clone
                0x0001155e       0x70 C:\Users\Bruno\SimplicityStudio\v4_workspace\botao_panico_custom_board\protocol\bluetooth_2.7\lib\EFR32BG1B\GCC\libbluetooth.a(bgbuf.c.obj)
                0x0001155e                bgbuf_clone
 .text.bgbuf_chain_pop_packet
                0x000115ce       0x26 C:\Users\Bruno\SimplicityStudio\v4_workspace\botao_panico_custom_board\protocol\bluetooth_2.7\lib\EFR32BG1B\GCC\libbluetooth.a(bgbuf.c.obj)
                0x000115ce                bgbuf_chain_pop_packet
 .text.bgbuf_prepend_no_alloc
                0x000115f4       0x3c C:\Users\Bruno\SimplicityStudio\v4_workspace\botao_panico_custom_board\protocol\bluetooth_2.7\lib\EFR32BG1B\GCC\libbluetooth.a(bgbuf.c.obj)
                0x000115f4                bgbuf_prepend_no_alloc
 .text.bgbuf_prepend
                0x00011630       0x24 C:\Users\Bruno\SimplicityStudio\v4_workspace\botao_panico_custom_board\protocol\bluetooth_2.7\lib\EFR32BG1B\GCC\libbluetooth.a(bgbuf.c.obj)
                0x00011630                bgbuf_prepend
 .text.bgbuf_split
                0x00011654       0x50 C:\Users\Bruno\SimplicityStudio\v4_workspace\botao_panico_custom_board\protocol\bluetooth_2.7\lib\EFR32BG1B\GCC\libbluetooth.a(bgbuf.c.obj)
                0x00011654                bgbuf_split
 .text.bgbuf_chain_get
                0x000116a4       0x40 C:\Users\Bruno\SimplicityStudio\v4_workspace\botao_panico_custom_board\protocol\bluetooth_2.7\lib\EFR32BG1B\GCC\libbluetooth.a(bgbuf.c.obj)
                0x000116a4                bgbuf_chain_get
 .text.bgbuf_chain_get_head
                0x000116e4       0x10 C:\Users\Bruno\SimplicityStudio\v4_workspace\botao_panico_custom_board\protocol\bluetooth_2.7\lib\EFR32BG1B\GCC\libbluetooth.a(bgbuf.c.obj)
                0x000116e4                bgbuf_chain_get_head
 .text.bgbuf_chain_len
                0x000116f4       0x14 C:\Users\Bruno\SimplicityStudio\v4_workspace\botao_panico_custom_board\protocol\bluetooth_2.7\lib\EFR32BG1B\GCC\libbluetooth.a(bgbuf.c.obj)
                0x000116f4                bgbuf_chain_len
 .text.bgbuf_memcmp
                0x00011708       0x44 C:\Users\Bruno\SimplicityStudio\v4_workspace\botao_panico_custom_board\protocol\bluetooth_2.7\lib\EFR32BG1B\GCC\libbluetooth.a(bgbuf.c.obj)
                0x00011708                bgbuf_memcmp
 .text.bgbuf_cmp
                0x0001174c       0xac C:\Users\Bruno\SimplicityStudio\v4_workspace\botao_panico_custom_board\protocol\bluetooth_2.7\lib\EFR32BG1B\GCC\libbluetooth.a(bgbuf.c.obj)
                0x0001174c                bgbuf_cmp
 .text.bgbuf_chain_add
                0x000117f8       0x14 C:\Users\Bruno\SimplicityStudio\v4_workspace\botao_panico_custom_board\protocol\bluetooth_2.7\lib\EFR32BG1B\GCC\libbluetooth.a(bgbuf.c.obj)
                0x000117f8                bgbuf_chain_add
 .text.bgbuf_chain_append_data
                0x0001180c       0x6c C:\Users\Bruno\SimplicityStudio\v4_workspace\botao_panico_custom_board\protocol\bluetooth_2.7\lib\EFR32BG1B\GCC\libbluetooth.a(bgbuf.c.obj)
                0x0001180c                bgbuf_chain_append_data
 .text.bgbuf_alloc_copy_data
                0x00011878       0x2a C:\Users\Bruno\SimplicityStudio\v4_workspace\botao_panico_custom_board\protocol\bluetooth_2.7\lib\EFR32BG1B\GCC\libbluetooth.a(bgbuf.c.obj)
                0x00011878                bgbuf_alloc_copy_data
 .text.bgbuf_chain_drop
                0x000118a2       0x2e C:\Users\Bruno\SimplicityStudio\v4_workspace\botao_panico_custom_board\protocol\bluetooth_2.7\lib\EFR32BG1B\GCC\libbluetooth.a(bgbuf.c.obj)
                0x000118a2                bgbuf_chain_drop
 .text.bgbuf_chain_drop_end
                0x000118d0       0x42 C:\Users\Bruno\SimplicityStudio\v4_workspace\botao_panico_custom_board\protocol\bluetooth_2.7\lib\EFR32BG1B\GCC\libbluetooth.a(bgbuf.c.obj)
                0x000118d0                bgbuf_chain_drop_end
 .text.bgbuf_chain_defragment
                0x00011912       0x92 C:\Users\Bruno\SimplicityStudio\v4_workspace\botao_panico_custom_board\protocol\bluetooth_2.7\lib\EFR32BG1B\GCC\libbluetooth.a(bgbuf.c.obj)
                0x00011912                bgbuf_chain_defragment
 .text.bgbuf_add_callback
                0x000119a4       0x1c C:\Users\Bruno\SimplicityStudio\v4_workspace\botao_panico_custom_board\protocol\bluetooth_2.7\lib\EFR32BG1B\GCC\libbluetooth.a(bgbuf.c.obj)
                0x000119a4                bgbuf_add_callback
 .text.gecko_init_alloc
                0x000119c0       0x38 C:\Users\Bruno\SimplicityStudio\v4_workspace\botao_panico_custom_board\protocol\bluetooth_2.7\lib\EFR32BG1B\GCC\libbluetooth.a(bglib.c.obj)
                0x000119c0                gecko_init_alloc
 .text.user_signal_message_handler
                0x000119f8       0x2c C:\Users\Bruno\SimplicityStudio\v4_workspace\botao_panico_custom_board\protocol\bluetooth_2.7\lib\EFR32BG1B\GCC\libbluetooth.a(bglib.c.obj)
 .text.gecko_process_event
                0x00011a24       0x50 C:\Users\Bruno\SimplicityStudio\v4_workspace\botao_panico_custom_board\protocol\bluetooth_2.7\lib\EFR32BG1B\GCC\libbluetooth.a(bglib.c.obj)
 .text.set_ctune
                0x00011a74       0x64 C:\Users\Bruno\SimplicityStudio\v4_workspace\botao_panico_custom_board\protocol\bluetooth_2.7\lib\EFR32BG1B\GCC\libbluetooth.a(bglib.c.obj)
                0x00011a74                set_ctune
 .text.check_ctune_override
                0x00011ad8       0x1e C:\Users\Bruno\SimplicityStudio\v4_workspace\botao_panico_custom_board\protocol\bluetooth_2.7\lib\EFR32BG1B\GCC\libbluetooth.a(bglib.c.obj)
                0x00011ad8                check_ctune_override
 *fill*         0x00011af6        0x2 
 .text.gecko_stack_init
                0x00011af8      0x1cc C:\Users\Bruno\SimplicityStudio\v4_workspace\botao_panico_custom_board\protocol\bluetooth_2.7\lib\EFR32BG1B\GCC\libbluetooth.a(bglib.c.obj)
                0x00011af8                gecko_stack_init
 .text.gecko_wait_event
                0x00011cc4        0x6 C:\Users\Bruno\SimplicityStudio\v4_workspace\botao_panico_custom_board\protocol\bluetooth_2.7\lib\EFR32BG1B\GCC\libbluetooth.a(bglib.c.obj)
                0x00011cc4                gecko_wait_event
 .text.gecko_peek_event
                0x00011cca        0x6 C:\Users\Bruno\SimplicityStudio\v4_workspace\botao_panico_custom_board\protocol\bluetooth_2.7\lib\EFR32BG1B\GCC\libbluetooth.a(bglib.c.obj)
                0x00011cca                gecko_peek_event
 .text.gecko_stack_update_callback
                0x00011cd0       0x10 C:\Users\Bruno\SimplicityStudio\v4_workspace\botao_panico_custom_board\protocol\bluetooth_2.7\lib\EFR32BG1B\GCC\libbluetooth.a(bglib.c.obj)
                0x00011cd0                gecko_stack_update_callback
 .text.bootloader_getInfo
                0x00011ce0       0x30 C:\Users\Bruno\SimplicityStudio\v4_workspace\botao_panico_custom_board\protocol\bluetooth_2.7\lib\EFR32BG1B\GCC\libbluetooth.a(btl_interface.c.obj)
                0x00011ce0                bootloader_getInfo
 .text.gap_adv_add_attribute
                0x00011d10       0x92 C:\Users\Bruno\SimplicityStudio\v4_workspace\botao_panico_custom_board\protocol\bluetooth_2.7\lib\EFR32BG1B\GCC\libbluetooth.a(gap.c.obj)
 *fill*         0x00011da2        0x2 
 .text.validate_adv_parameters
                0x00011da4       0x48 C:\Users\Bruno\SimplicityStudio\v4_workspace\botao_panico_custom_board\protocol\bluetooth_2.7\lib\EFR32BG1B\GCC\libbluetooth.a(gap.c.obj)
 .text.gap_is_scanning_or_advertising.part.1
                0x00011dec       0x24 C:\Users\Bruno\SimplicityStudio\v4_workspace\botao_panico_custom_board\protocol\bluetooth_2.7\lib\EFR32BG1B\GCC\libbluetooth.a(gap.c.obj)
 .text.gap_adv_add_name.part.3
                0x00011e10       0x84 C:\Users\Bruno\SimplicityStudio\v4_workspace\botao_panico_custom_board\protocol\bluetooth_2.7\lib\EFR32BG1B\GCC\libbluetooth.a(gap.c.obj)
 .text.check_private_address_and_timer
                0x00011e94       0x68 C:\Users\Bruno\SimplicityStudio\v4_workspace\botao_panico_custom_board\protocol\bluetooth_2.7\lib\EFR32BG1B\GCC\libbluetooth.a(gap.c.obj)
 .text.gap_alloc_mem
                0x00011efc       0x28 C:\Users\Bruno\SimplicityStudio\v4_workspace\botao_panico_custom_board\protocol\bluetooth_2.7\lib\EFR32BG1B\GCC\libbluetooth.a(gap.c.obj)
                0x00011efc                gap_alloc_mem
 .text.gap_init
                0x00011f24       0x90 C:\Users\Bruno\SimplicityStudio\v4_workspace\botao_panico_custom_board\protocol\bluetooth_2.7\lib\EFR32BG1B\GCC\libbluetooth.a(gap.c.obj)
                0x00011f24                gap_init
 .text.gap_notify_connection_parameters
                0x00011fb4       0x60 C:\Users\Bruno\SimplicityStudio\v4_workspace\botao_panico_custom_board\protocol\bluetooth_2.7\lib\EFR32BG1B\GCC\libbluetooth.a(gap.c.obj)
                0x00011fb4                gap_notify_connection_parameters
 .text.gap_connection_complete.part.6
                0x00012014       0xc8 C:\Users\Bruno\SimplicityStudio\v4_workspace\botao_panico_custom_board\protocol\bluetooth_2.7\lib\EFR32BG1B\GCC\libbluetooth.a(gap.c.obj)
 .text.gap_notify_phy_status
                0x000120dc       0x3c C:\Users\Bruno\SimplicityStudio\v4_workspace\botao_panico_custom_board\protocol\bluetooth_2.7\lib\EFR32BG1B\GCC\libbluetooth.a(gap.c.obj)
                0x000120dc                gap_notify_phy_status
 .text.gap_resolver_completed
                0x00012118       0x78 C:\Users\Bruno\SimplicityStudio\v4_workspace\botao_panico_custom_board\protocol\bluetooth_2.7\lib\EFR32BG1B\GCC\libbluetooth.a(gap.c.obj)
                0x00012118                gap_resolver_completed
 .text.gap_find_ad_data
                0x00012190       0x24 C:\Users\Bruno\SimplicityStudio\v4_workspace\botao_panico_custom_board\protocol\bluetooth_2.7\lib\EFR32BG1B\GCC\libbluetooth.a(gap.c.obj)
                0x00012190                gap_find_ad_data
 .text.gap_packet_handle
                0x000121b4      0x100 C:\Users\Bruno\SimplicityStudio\v4_workspace\botao_panico_custom_board\protocol\bluetooth_2.7\lib\EFR32BG1B\GCC\libbluetooth.a(gap.c.obj)
                0x000121b4                gap_packet_handle
 .text.ubt_gap_set_le_connection_parameters
                0x000122b4       0xa4 C:\Users\Bruno\SimplicityStudio\v4_workspace\botao_panico_custom_board\protocol\bluetooth_2.7\lib\EFR32BG1B\GCC\libbluetooth.a(gap.c.obj)
                0x000122b4                ubt_gap_set_le_connection_parameters
 .text.gap_adv_terminated_callback
                0x00012358       0x60 C:\Users\Bruno\SimplicityStudio\v4_workspace\botao_panico_custom_board\protocol\bluetooth_2.7\lib\EFR32BG1B\GCC\libbluetooth.a(gap.c.obj)
                0x00012358                gap_adv_terminated_callback
 .text.gap_update
                0x000123b8      0x1dc C:\Users\Bruno\SimplicityStudio\v4_workspace\botao_panico_custom_board\protocol\bluetooth_2.7\lib\EFR32BG1B\GCC\libbluetooth.a(gap.c.obj)
                0x000123b8                gap_update
 .text.ubt_gap_set_adv_data
                0x00012594       0x68 C:\Users\Bruno\SimplicityStudio\v4_workspace\botao_panico_custom_board\protocol\bluetooth_2.7\lib\EFR32BG1B\GCC\libbluetooth.a(gap.c.obj)
                0x00012594                ubt_gap_set_adv_data
 .text.ubt_gap_set_adv_parameters
                0x000125fc       0x60 C:\Users\Bruno\SimplicityStudio\v4_workspace\botao_panico_custom_board\protocol\bluetooth_2.7\lib\EFR32BG1B\GCC\libbluetooth.a(gap.c.obj)
                0x000125fc                ubt_gap_set_adv_parameters
 .text.gap_listener
                0x0001265c       0x80 C:\Users\Bruno\SimplicityStudio\v4_workspace\botao_panico_custom_board\protocol\bluetooth_2.7\lib\EFR32BG1B\GCC\libbluetooth.a(gap.c.obj)
                0x0001265c                gap_listener
 .text.gap_acl_new
                0x000126dc       0x28 C:\Users\Bruno\SimplicityStudio\v4_workspace\botao_panico_custom_board\protocol\bluetooth_2.7\lib\EFR32BG1B\GCC\libbluetooth.a(gap.c.obj)
                0x000126dc                gap_acl_new
 .text.gap_disconnect_acl
                0x00012704       0x12 C:\Users\Bruno\SimplicityStudio\v4_workspace\botao_panico_custom_board\protocol\bluetooth_2.7\lib\EFR32BG1B\GCC\libbluetooth.a(gap.c.obj)
                0x00012704                gap_disconnect_acl
 *fill*         0x00012716        0x2 
 .text.gap_connection_disconnected
                0x00012718       0x34 C:\Users\Bruno\SimplicityStudio\v4_workspace\botao_panico_custom_board\protocol\bluetooth_2.7\lib\EFR32BG1B\GCC\libbluetooth.a(gap.c.obj)
                0x00012718                gap_connection_disconnected
 .text.gap_connection_complete
                0x0001274c       0x5c C:\Users\Bruno\SimplicityStudio\v4_workspace\botao_panico_custom_board\protocol\bluetooth_2.7\lib\EFR32BG1B\GCC\libbluetooth.a(gap.c.obj)
                0x0001274c                gap_connection_complete
 .text.gap_encryption_changed
                0x000127a8       0x50 C:\Users\Bruno\SimplicityStudio\v4_workspace\botao_panico_custom_board\protocol\bluetooth_2.7\lib\EFR32BG1B\GCC\libbluetooth.a(gap.c.obj)
                0x000127a8                gap_encryption_changed
 .text.gap_create_adv_data
                0x000127f8       0x90 C:\Users\Bruno\SimplicityStudio\v4_workspace\botao_panico_custom_board\protocol\bluetooth_2.7\lib\EFR32BG1B\GCC\libbluetooth.a(gap.c.obj)
                0x000127f8                gap_create_adv_data
 .text.ubt_gap_set_le_mode
                0x00012888      0x16c C:\Users\Bruno\SimplicityStudio\v4_workspace\botao_panico_custom_board\protocol\bluetooth_2.7\lib\EFR32BG1B\GCC\libbluetooth.a(gap.c.obj)
                0x00012888                ubt_gap_set_le_mode
 .text.gap_address_resolver_step
                0x000129f4       0x9c C:\Users\Bruno\SimplicityStudio\v4_workspace\botao_panico_custom_board\protocol\bluetooth_2.7\lib\EFR32BG1B\GCC\libbluetooth.a(gap_resolver.c.obj)
                0x000129f4                gap_address_resolver_step
 .text.gap_resolver_start
                0x00012a90       0x40 C:\Users\Bruno\SimplicityStudio\v4_workspace\botao_panico_custom_board\protocol\bluetooth_2.7\lib\EFR32BG1B\GCC\libbluetooth.a(gap_resolver.c.obj)
                0x00012a90                gap_resolver_start
 .text.gatt_init
                0x00012ad0        0xc C:\Users\Bruno\SimplicityStudio\v4_workspace\botao_panico_custom_board\protocol\bluetooth_2.7\lib\EFR32BG1B\GCC\libbluetooth.a(gatt.c.obj)
                0x00012ad0                gatt_init
 .text.gatt_set_gattdb
                0x00012adc       0x36 C:\Users\Bruno\SimplicityStudio\v4_workspace\botao_panico_custom_board\protocol\bluetooth_2.7\lib\EFR32BG1B\GCC\libbluetooth.a(gatt.c.obj)
                0x00012adc                gatt_set_gattdb
 *fill*         0x00012b12        0x2 
 .text.gatt_init_connection
                0x00012b14       0x50 C:\Users\Bruno\SimplicityStudio\v4_workspace\botao_panico_custom_board\protocol\bluetooth_2.7\lib\EFR32BG1B\GCC\libbluetooth.a(gatt.c.obj)
                0x00012b14                gatt_init_connection
 .text.gatt_free_connection
                0x00012b64       0x50 C:\Users\Bruno\SimplicityStudio\v4_workspace\botao_panico_custom_board\protocol\bluetooth_2.7\lib\EFR32BG1B\GCC\libbluetooth.a(gatt.c.obj)
                0x00012b64                gatt_free_connection
 .text.send_gatt_mtu_exchanged_event
                0x00012bb4       0x2a C:\Users\Bruno\SimplicityStudio\v4_workspace\botao_panico_custom_board\protocol\bluetooth_2.7\lib\EFR32BG1B\GCC\libbluetooth.a(gatt.c.obj)
                0x00012bb4                send_gatt_mtu_exchanged_event
 .text.gatt_start_procedure_timeout_timer
                0x00012bde       0x16 C:\Users\Bruno\SimplicityStudio\v4_workspace\botao_panico_custom_board\protocol\bluetooth_2.7\lib\EFR32BG1B\GCC\libbluetooth.a(gatt.c.obj)
                0x00012bde                gatt_start_procedure_timeout_timer
 .text.gatt_stop_procedure_timeout_timer
                0x00012bf4        0x6 C:\Users\Bruno\SimplicityStudio\v4_workspace\botao_panico_custom_board\protocol\bluetooth_2.7\lib\EFR32BG1B\GCC\libbluetooth.a(gatt.c.obj)
                0x00012bf4                gatt_stop_procedure_timeout_timer
 .text.gatt_procedure_timeout
                0x00012bfa       0x2e C:\Users\Bruno\SimplicityStudio\v4_workspace\botao_panico_custom_board\protocol\bluetooth_2.7\lib\EFR32BG1B\GCC\libbluetooth.a(gatt.c.obj)
                0x00012bfa                gatt_procedure_timeout
 .text.gatt_listener
                0x00012c28       0x60 C:\Users\Bruno\SimplicityStudio\v4_workspace\botao_panico_custom_board\protocol\bluetooth_2.7\lib\EFR32BG1B\GCC\libbluetooth.a(gatt.c.obj)
 .text.gatt_get_connection
                0x00012c88        0xc C:\Users\Bruno\SimplicityStudio\v4_workspace\botao_panico_custom_board\protocol\bluetooth_2.7\lib\EFR32BG1B\GCC\libbluetooth.a(gatt.c.obj)
                0x00012c88                gatt_get_connection
 .text.gatt_get_next_connection
                0x00012c94       0x1a C:\Users\Bruno\SimplicityStudio\v4_workspace\botao_panico_custom_board\protocol\bluetooth_2.7\lib\EFR32BG1B\GCC\libbluetooth.a(gatt.c.obj)
                0x00012c94                gatt_get_next_connection
 .text.free_params_data
                0x00012cae        0xc C:\Users\Bruno\SimplicityStudio\v4_workspace\botao_panico_custom_board\protocol\bluetooth_2.7\lib\EFR32BG1B\GCC\libbluetooth.a(gatt_client.c.obj)
 .text.alloc_params_data
                0x00012cba       0x2c C:\Users\Bruno\SimplicityStudio\v4_workspace\botao_panico_custom_board\protocol\bluetooth_2.7\lib\EFR32BG1B\GCC\libbluetooth.a(gatt_client.c.obj)
 .text.should_start_long_read
                0x00012ce6       0x36 C:\Users\Bruno\SimplicityStudio\v4_workspace\botao_panico_custom_board\protocol\bluetooth_2.7\lib\EFR32BG1B\GCC\libbluetooth.a(gatt_client.c.obj)
 .text.send_service_event
                0x00012d1c       0x4a C:\Users\Bruno\SimplicityStudio\v4_workspace\botao_panico_custom_board\protocol\bluetooth_2.7\lib\EFR32BG1B\GCC\libbluetooth.a(gatt_client.c.obj)
 .text.send_descriptor_value_event
                0x00012d66       0x3c C:\Users\Bruno\SimplicityStudio\v4_workspace\botao_panico_custom_board\protocol\bluetooth_2.7\lib\EFR32BG1B\GCC\libbluetooth.a(gatt_client.c.obj)
 .text.end_procedure
                0x00012da2       0x3c C:\Users\Bruno\SimplicityStudio\v4_workspace\botao_panico_custom_board\protocol\bluetooth_2.7\lib\EFR32BG1B\GCC\libbluetooth.a(gatt_client.c.obj)
 .text.abort_long_write
                0x00012dde       0x20 C:\Users\Bruno\SimplicityStudio\v4_workspace\botao_panico_custom_board\protocol\bluetooth_2.7\lib\EFR32BG1B\GCC\libbluetooth.a(gatt_client.c.obj)
 .text.send_characteristic_value_event
                0x00012dfe       0x76 C:\Users\Bruno\SimplicityStudio\v4_workspace\botao_panico_custom_board\protocol\bluetooth_2.7\lib\EFR32BG1B\GCC\libbluetooth.a(gatt_client.c.obj)
 .text.write_value
                0x00012e74       0x4a C:\Users\Bruno\SimplicityStudio\v4_workspace\botao_panico_custom_board\protocol\bluetooth_2.7\lib\EFR32BG1B\GCC\libbluetooth.a(gatt_client.c.obj)
 *fill*         0x00012ebe        0x2 
 .text.gatt_find_included_services_handler
                0x00012ec0       0xb8 C:\Users\Bruno\SimplicityStudio\v4_workspace\botao_panico_custom_board\protocol\bluetooth_2.7\lib\EFR32BG1B\GCC\libbluetooth.a(gatt_client.c.obj)
                0x00012ec0                gatt_find_included_services_handler
 .text.gatt_handle_exchange_mtu_rsp
                0x00012f78       0x1c C:\Users\Bruno\SimplicityStudio\v4_workspace\botao_panico_custom_board\protocol\bluetooth_2.7\lib\EFR32BG1B\GCC\libbluetooth.a(gatt_client.c.obj)
                0x00012f78                gatt_handle_exchange_mtu_rsp
 .text.gatt_handle_find_information_response
                0x00012f94      0x152 C:\Users\Bruno\SimplicityStudio\v4_workspace\botao_panico_custom_board\protocol\bluetooth_2.7\lib\EFR32BG1B\GCC\libbluetooth.a(gatt_client.c.obj)
                0x00012f94                gatt_handle_find_information_response
 .text.gatt_handle_find_by_type_value_response
                0x000130e6       0xa4 C:\Users\Bruno\SimplicityStudio\v4_workspace\botao_panico_custom_board\protocol\bluetooth_2.7\lib\EFR32BG1B\GCC\libbluetooth.a(gatt_client.c.obj)
                0x000130e6                gatt_handle_find_by_type_value_response
 *fill*         0x0001318a        0x2 
 .text.gatt_handle_read_response
                0x0001318c       0xf0 C:\Users\Bruno\SimplicityStudio\v4_workspace\botao_panico_custom_board\protocol\bluetooth_2.7\lib\EFR32BG1B\GCC\libbluetooth.a(gatt_client.c.obj)
                0x0001318c                gatt_handle_read_response
 .text.read_long_value_handler
                0x0001327c       0x70 C:\Users\Bruno\SimplicityStudio\v4_workspace\botao_panico_custom_board\protocol\bluetooth_2.7\lib\EFR32BG1B\GCC\libbluetooth.a(gatt_client.c.obj)
 .text.gatt_handle_read_blob_response
                0x000132ec       0x3c C:\Users\Bruno\SimplicityStudio\v4_workspace\botao_panico_custom_board\protocol\bluetooth_2.7\lib\EFR32BG1B\GCC\libbluetooth.a(gatt_client.c.obj)
                0x000132ec                gatt_handle_read_blob_response
 .text.gatt_handle_read_multiple_response
                0x00013328       0x3c C:\Users\Bruno\SimplicityStudio\v4_workspace\botao_panico_custom_board\protocol\bluetooth_2.7\lib\EFR32BG1B\GCC\libbluetooth.a(gatt_client.c.obj)
                0x00013328                gatt_handle_read_multiple_response
 .text.gatt_handle_read_by_type_response
                0x00013364      0x148 C:\Users\Bruno\SimplicityStudio\v4_workspace\botao_panico_custom_board\protocol\bluetooth_2.7\lib\EFR32BG1B\GCC\libbluetooth.a(gatt_client.c.obj)
                0x00013364                gatt_handle_read_by_type_response
 .text.gatt_handle_read_by_group_type_response
                0x000134ac       0xa6 C:\Users\Bruno\SimplicityStudio\v4_workspace\botao_panico_custom_board\protocol\bluetooth_2.7\lib\EFR32BG1B\GCC\libbluetooth.a(gatt_client.c.obj)
                0x000134ac                gatt_handle_read_by_group_type_response
 .text.gatt_handle_write_response
                0x00013552       0x14 C:\Users\Bruno\SimplicityStudio\v4_workspace\botao_panico_custom_board\protocol\bluetooth_2.7\lib\EFR32BG1B\GCC\libbluetooth.a(gatt_client.c.obj)
                0x00013552                gatt_handle_write_response
 .text.gatt_handle_prepare_write_response
                0x00013566       0xc2 C:\Users\Bruno\SimplicityStudio\v4_workspace\botao_panico_custom_board\protocol\bluetooth_2.7\lib\EFR32BG1B\GCC\libbluetooth.a(gatt_client.c.obj)
                0x00013566                gatt_handle_prepare_write_response
 .text.gatt_handle_execute_write_response
                0x00013628       0x3c C:\Users\Bruno\SimplicityStudio\v4_workspace\botao_panico_custom_board\protocol\bluetooth_2.7\lib\EFR32BG1B\GCC\libbluetooth.a(gatt_client.c.obj)
                0x00013628                gatt_handle_execute_write_response
 .text.gatt_client_handle_value_notification
                0x00013664       0x12 C:\Users\Bruno\SimplicityStudio\v4_workspace\botao_panico_custom_board\protocol\bluetooth_2.7\lib\EFR32BG1B\GCC\libbluetooth.a(gatt_client.c.obj)
                0x00013664                gatt_client_handle_value_notification
 .text.gatt_client_handle_value_indication
                0x00013676       0x14 C:\Users\Bruno\SimplicityStudio\v4_workspace\botao_panico_custom_board\protocol\bluetooth_2.7\lib\EFR32BG1B\GCC\libbluetooth.a(gatt_client.c.obj)
                0x00013676                gatt_client_handle_value_indication
 *fill*         0x0001368a        0x2 
 .text.gatt_client_init
                0x0001368c        0xc C:\Users\Bruno\SimplicityStudio\v4_workspace\botao_panico_custom_board\protocol\bluetooth_2.7\lib\EFR32BG1B\GCC\libbluetooth.a(gatt_client.c.obj)
                0x0001368c                gatt_client_init
 .text.get_att_uuid16
                0x00013698       0x24 C:\Users\Bruno\SimplicityStudio\v4_workspace\botao_panico_custom_board\protocol\bluetooth_2.7\lib\EFR32BG1B\GCC\libbluetooth.a(gatt_db_minimal.c.obj)
 .text.get_client_conf
                0x000136bc       0x24 C:\Users\Bruno\SimplicityStudio\v4_workspace\botao_panico_custom_board\protocol\bluetooth_2.7\lib\EFR32BG1B\GCC\libbluetooth.a(gatt_db_minimal.c.obj)
 .text.gatt_db_set_db
                0x000136e0       0x14 C:\Users\Bruno\SimplicityStudio\v4_workspace\botao_panico_custom_board\protocol\bluetooth_2.7\lib\EFR32BG1B\GCC\libbluetooth.a(gatt_db_minimal.c.obj)
                0x000136e0                gatt_db_set_db
 .text.gatt_db_invalidate_checksum
                0x000136f4       0x10 C:\Users\Bruno\SimplicityStudio\v4_workspace\botao_panico_custom_board\protocol\bluetooth_2.7\lib\EFR32BG1B\GCC\libbluetooth.a(gatt_db_minimal.c.obj)
                0x000136f4                gatt_db_invalidate_checksum
 .text.gatt_db_get_checksum
                0x00013704       0x98 C:\Users\Bruno\SimplicityStudio\v4_workspace\botao_panico_custom_board\protocol\bluetooth_2.7\lib\EFR32BG1B\GCC\libbluetooth.a(gatt_db_minimal.c.obj)
                0x00013704                gatt_db_get_checksum
 .text.gatt_db_handle_inrange
                0x0001379c       0x18 C:\Users\Bruno\SimplicityStudio\v4_workspace\botao_panico_custom_board\protocol\bluetooth_2.7\lib\EFR32BG1B\GCC\libbluetooth.a(gatt_db_minimal.c.obj)
                0x0001379c                gatt_db_handle_inrange
 .text.gatt_db_handle_active
                0x000137b4       0x34 C:\Users\Bruno\SimplicityStudio\v4_workspace\botao_panico_custom_board\protocol\bluetooth_2.7\lib\EFR32BG1B\GCC\libbluetooth.a(gatt_db_minimal.c.obj)
                0x000137b4                gatt_db_handle_active
 .text.get_client_conf_index
                0x000137e8       0x44 C:\Users\Bruno\SimplicityStudio\v4_workspace\botao_panico_custom_board\protocol\bluetooth_2.7\lib\EFR32BG1B\GCC\libbluetooth.a(gatt_db_minimal.c.obj)
 .text.gatt_db_get_char_properties
                0x0001382c       0x4c C:\Users\Bruno\SimplicityStudio\v4_workspace\botao_panico_custom_board\protocol\bluetooth_2.7\lib\EFR32BG1B\GCC\libbluetooth.a(gatt_db_minimal.c.obj)
                0x0001382c                gatt_db_get_char_properties
 .text.gatt_db_user_value
                0x00013878       0x1c C:\Users\Bruno\SimplicityStudio\v4_workspace\botao_panico_custom_board\protocol\bluetooth_2.7\lib\EFR32BG1B\GCC\libbluetooth.a(gatt_db_minimal.c.obj)
                0x00013878                gatt_db_user_value
 .text.gatt_db_load_client_conf
                0x00013894       0x32 C:\Users\Bruno\SimplicityStudio\v4_workspace\botao_panico_custom_board\protocol\bluetooth_2.7\lib\EFR32BG1B\GCC\libbluetooth.a(gatt_db_minimal.c.obj)
                0x00013894                gatt_db_load_client_conf
 *fill*         0x000138c6        0x2 
 .text.gatt_db_get_client_conf
                0x000138c8       0x64 C:\Users\Bruno\SimplicityStudio\v4_workspace\botao_panico_custom_board\protocol\bluetooth_2.7\lib\EFR32BG1B\GCC\libbluetooth.a(gatt_db_minimal.c.obj)
                0x000138c8                gatt_db_get_client_conf
 .text.gatt_db_get_att_len
                0x0001392c       0x3c C:\Users\Bruno\SimplicityStudio\v4_workspace\botao_panico_custom_board\protocol\bluetooth_2.7\lib\EFR32BG1B\GCC\libbluetooth.a(gatt_db_minimal.c.obj)
                0x0001392c                gatt_db_get_att_len
 .text.gatt_db_check_permissions
                0x00013968      0x124 C:\Users\Bruno\SimplicityStudio\v4_workspace\botao_panico_custom_board\protocol\bluetooth_2.7\lib\EFR32BG1B\GCC\libbluetooth.a(gatt_db_minimal.c.obj)
                0x00013968                gatt_db_check_permissions
 .text.gatt_db_get_data
                0x00013a8c       0x88 C:\Users\Bruno\SimplicityStudio\v4_workspace\botao_panico_custom_board\protocol\bluetooth_2.7\lib\EFR32BG1B\GCC\libbluetooth.a(gatt_db_minimal.c.obj)
                0x00013a8c                gatt_db_get_data
 .text.gatt_db_find_attribute_by_type
                0x00013b14       0x38 C:\Users\Bruno\SimplicityStudio\v4_workspace\botao_panico_custom_board\protocol\bluetooth_2.7\lib\EFR32BG1B\GCC\libbluetooth.a(gatt_db_minimal.c.obj)
                0x00013b14                gatt_db_find_attribute_by_type
 .text.gatt_db_find_group_end
                0x00013b4c       0x48 C:\Users\Bruno\SimplicityStudio\v4_workspace\botao_panico_custom_board\protocol\bluetooth_2.7\lib\EFR32BG1B\GCC\libbluetooth.a(gatt_db_minimal.c.obj)
                0x00013b4c                gatt_db_find_group_end
 .text.gatt_db_find_by_type_value
                0x00013b94       0x90 C:\Users\Bruno\SimplicityStudio\v4_workspace\botao_panico_custom_board\protocol\bluetooth_2.7\lib\EFR32BG1B\GCC\libbluetooth.a(gatt_db_minimal.c.obj)
                0x00013b94                gatt_db_find_by_type_value
 .text.gatt_db_populate_adv_services
                0x00013c24      0x130 C:\Users\Bruno\SimplicityStudio\v4_workspace\botao_panico_custom_board\protocol\bluetooth_2.7\lib\EFR32BG1B\GCC\libbluetooth.a(gatt_db_minimal.c.obj)
                0x00013c24                gatt_db_populate_adv_services
 .text.gatt_db_get_attribute_type
                0x00013d54       0x34 C:\Users\Bruno\SimplicityStudio\v4_workspace\botao_panico_custom_board\protocol\bluetooth_2.7\lib\EFR32BG1B\GCC\libbluetooth.a(gatt_db_minimal.c.obj)
                0x00013d54                gatt_db_get_attribute_type
 .text.gatt_db_get_16bit_char_handle
                0x00013d88       0x26 C:\Users\Bruno\SimplicityStudio\v4_workspace\botao_panico_custom_board\protocol\bluetooth_2.7\lib\EFR32BG1B\GCC\libbluetooth.a(gatt_db_minimal.c.obj)
                0x00013d88                gatt_db_get_16bit_char_handle
 *fill*         0x00013dae        0x2 
 .text.set_client_conf
                0x00013db0       0xb4 C:\Users\Bruno\SimplicityStudio\v4_workspace\botao_panico_custom_board\protocol\bluetooth_2.7\lib\EFR32BG1B\GCC\libbluetooth.a(gatt_db_minimal.c.obj)
 .text.gatt_db_set_data
                0x00013e64      0x16c C:\Users\Bruno\SimplicityStudio\v4_workspace\botao_panico_custom_board\protocol\bluetooth_2.7\lib\EFR32BG1B\GCC\libbluetooth.a(gatt_db_minimal.c.obj)
                0x00013e64                gatt_db_set_data
 .text.gatt_db_reset_client_conf
                0x00013fd0       0x36 C:\Users\Bruno\SimplicityStudio\v4_workspace\botao_panico_custom_board\protocol\bluetooth_2.7\lib\EFR32BG1B\GCC\libbluetooth.a(gatt_db_minimal.c.obj)
                0x00013fd0                gatt_db_reset_client_conf
 .text.send_user_write_request_event
                0x00014006       0x3a C:\Users\Bruno\SimplicityStudio\v4_workspace\botao_panico_custom_board\protocol\bluetooth_2.7\lib\EFR32BG1B\GCC\libbluetooth.a(gatt_server.c.obj)
 .text.send_execute_write_completed_event
                0x00014040       0x2a C:\Users\Bruno\SimplicityStudio\v4_workspace\botao_panico_custom_board\protocol\bluetooth_2.7\lib\EFR32BG1B\GCC\libbluetooth.a(gatt_server.c.obj)
 .text.finish_read_req
                0x0001406a       0x42 C:\Users\Bruno\SimplicityStudio\v4_workspace\botao_panico_custom_board\protocol\bluetooth_2.7\lib\EFR32BG1B\GCC\libbluetooth.a(gatt_server.c.obj)
 .text.handle_read_req
                0x000140ac       0x96 C:\Users\Bruno\SimplicityStudio\v4_workspace\botao_panico_custom_board\protocol\bluetooth_2.7\lib\EFR32BG1B\GCC\libbluetooth.a(gatt_server.c.obj)
 .text.finish_execute_write_req
                0x00014142       0x9e C:\Users\Bruno\SimplicityStudio\v4_workspace\botao_panico_custom_board\protocol\bluetooth_2.7\lib\EFR32BG1B\GCC\libbluetooth.a(gatt_server.c.obj)
 .text.send_notification
                0x000141e0       0x70 C:\Users\Bruno\SimplicityStudio\v4_workspace\botao_panico_custom_board\protocol\bluetooth_2.7\lib\EFR32BG1B\GCC\libbluetooth.a(gatt_server.c.obj)
 .text.gatt_server_send_attribute_value_event
                0x00014250       0x3a C:\Users\Bruno\SimplicityStudio\v4_workspace\botao_panico_custom_board\protocol\bluetooth_2.7\lib\EFR32BG1B\GCC\libbluetooth.a(gatt_server.c.obj)
                0x00014250                gatt_server_send_attribute_value_event
 .text.gatt_server_send_characteristic_status_event
                0x0001428a       0x32 C:\Users\Bruno\SimplicityStudio\v4_workspace\botao_panico_custom_board\protocol\bluetooth_2.7\lib\EFR32BG1B\GCC\libbluetooth.a(gatt_server.c.obj)
                0x0001428a                gatt_server_send_characteristic_status_event
 .text.gatt_server_handle_exchange_mtu_req
                0x000142bc       0x3c C:\Users\Bruno\SimplicityStudio\v4_workspace\botao_panico_custom_board\protocol\bluetooth_2.7\lib\EFR32BG1B\GCC\libbluetooth.a(gatt_server.c.obj)
                0x000142bc                gatt_server_handle_exchange_mtu_req
 .text.gatt_server_handle_read_by_group_type
                0x000142f8      0x134 C:\Users\Bruno\SimplicityStudio\v4_workspace\botao_panico_custom_board\protocol\bluetooth_2.7\lib\EFR32BG1B\GCC\libbluetooth.a(gatt_server.c.obj)
                0x000142f8                gatt_server_handle_read_by_group_type
 .text.gatt_server_handle_read_by_type
                0x0001442c      0x138 C:\Users\Bruno\SimplicityStudio\v4_workspace\botao_panico_custom_board\protocol\bluetooth_2.7\lib\EFR32BG1B\GCC\libbluetooth.a(gatt_server.c.obj)
                0x0001442c                gatt_server_handle_read_by_type
 .text.gatt_server_handle_find_information
                0x00014564       0xf6 C:\Users\Bruno\SimplicityStudio\v4_workspace\botao_panico_custom_board\protocol\bluetooth_2.7\lib\EFR32BG1B\GCC\libbluetooth.a(gatt_server.c.obj)
                0x00014564                gatt_server_handle_find_information
 .text.gatt_server_handle_find_by_type_value_req
                0x0001465a       0xcc C:\Users\Bruno\SimplicityStudio\v4_workspace\botao_panico_custom_board\protocol\bluetooth_2.7\lib\EFR32BG1B\GCC\libbluetooth.a(gatt_server.c.obj)
                0x0001465a                gatt_server_handle_find_by_type_value_req
 .text.gatt_server_handle_read_req
                0x00014726        0xc C:\Users\Bruno\SimplicityStudio\v4_workspace\botao_panico_custom_board\protocol\bluetooth_2.7\lib\EFR32BG1B\GCC\libbluetooth.a(gatt_server.c.obj)
                0x00014726                gatt_server_handle_read_req
 .text.gatt_server_handle_read_blob_req
                0x00014732        0xa C:\Users\Bruno\SimplicityStudio\v4_workspace\botao_panico_custom_board\protocol\bluetooth_2.7\lib\EFR32BG1B\GCC\libbluetooth.a(gatt_server.c.obj)
                0x00014732                gatt_server_handle_read_blob_req
 .text.gatt_server_handle_read_multiple_req
                0x0001473c       0xcc C:\Users\Bruno\SimplicityStudio\v4_workspace\botao_panico_custom_board\protocol\bluetooth_2.7\lib\EFR32BG1B\GCC\libbluetooth.a(gatt_server.c.obj)
                0x0001473c                gatt_server_handle_read_multiple_req
 .text.gatt_server_handle_write_req
                0x00014808       0x70 C:\Users\Bruno\SimplicityStudio\v4_workspace\botao_panico_custom_board\protocol\bluetooth_2.7\lib\EFR32BG1B\GCC\libbluetooth.a(gatt_server.c.obj)
                0x00014808                gatt_server_handle_write_req
 .text.gatt_server_handle_write_cmd
                0x00014878       0x5e C:\Users\Bruno\SimplicityStudio\v4_workspace\botao_panico_custom_board\protocol\bluetooth_2.7\lib\EFR32BG1B\GCC\libbluetooth.a(gatt_server.c.obj)
                0x00014878                gatt_server_handle_write_cmd
 .text.gatt_server_handle_prepare_write_req
                0x000148d6       0x9e C:\Users\Bruno\SimplicityStudio\v4_workspace\botao_panico_custom_board\protocol\bluetooth_2.7\lib\EFR32BG1B\GCC\libbluetooth.a(gatt_server.c.obj)
                0x000148d6                gatt_server_handle_prepare_write_req
 .text.gatt_server_handle_execute_write_req
                0x00014974       0x28 C:\Users\Bruno\SimplicityStudio\v4_workspace\botao_panico_custom_board\protocol\bluetooth_2.7\lib\EFR32BG1B\GCC\libbluetooth.a(gatt_server.c.obj)
                0x00014974                gatt_server_handle_execute_write_req
 .text.gatt_server_handle_value_cfm
                0x0001499c       0x50 C:\Users\Bruno\SimplicityStudio\v4_workspace\botao_panico_custom_board\protocol\bluetooth_2.7\lib\EFR32BG1B\GCC\libbluetooth.a(gatt_server.c.obj)
                0x0001499c                gatt_server_handle_value_cfm
 .text.gatt_server_send_characteristic_notification
                0x000149ec       0x84 C:\Users\Bruno\SimplicityStudio\v4_workspace\botao_panico_custom_board\protocol\bluetooth_2.7\lib\EFR32BG1B\GCC\libbluetooth.a(gatt_server.c.obj)
                0x000149ec                gatt_server_send_characteristic_notification
 .text.gatt_server_send_user_write_response
                0x00014a70       0x6c C:\Users\Bruno\SimplicityStudio\v4_workspace\botao_panico_custom_board\protocol\bluetooth_2.7\lib\EFR32BG1B\GCC\libbluetooth.a(gatt_server.c.obj)
                0x00014a70                gatt_server_send_user_write_response
 .text.gatt_server_report_gattdb_change
                0x00014adc       0x60 C:\Users\Bruno\SimplicityStudio\v4_workspace\botao_panico_custom_board\protocol\bluetooth_2.7\lib\EFR32BG1B\GCC\libbluetooth.a(gatt_server.c.obj)
                0x00014adc                gatt_server_report_gattdb_change
 .text.gatt_server_report_client_config
                0x00014b3c       0xa8 C:\Users\Bruno\SimplicityStudio\v4_workspace\botao_panico_custom_board\protocol\bluetooth_2.7\lib\EFR32BG1B\GCC\libbluetooth.a(gatt_server.c.obj)
                0x00014b3c                gatt_server_report_client_config
 .text.gecko_bgapi_class_dfu_init
                0x00014be4       0x12 C:\Users\Bruno\SimplicityStudio\v4_workspace\botao_panico_custom_board\protocol\bluetooth_2.7\lib\EFR32BG1B\GCC\libbluetooth.a(gecko_bgapi_dfu.c.obj)
                0x00014be4                gecko_bgapi_class_dfu_init
 .text.gecko_bgapi_class_endpoint_init
                0x00014bf6       0x12 C:\Users\Bruno\SimplicityStudio\v4_workspace\botao_panico_custom_board\protocol\bluetooth_2.7\lib\EFR32BG1B\GCC\libbluetooth.a(gecko_bgapi_endpoint.c.obj)
                0x00014bf6                gecko_bgapi_class_endpoint_init
 .text.gecko_bgapi_class_experiment_init
                0x00014c08       0x12 C:\Users\Bruno\SimplicityStudio\v4_workspace\botao_panico_custom_board\protocol\bluetooth_2.7\lib\EFR32BG1B\GCC\libbluetooth.a(gecko_bgapi_experiment.c.obj)
                0x00014c08                gecko_bgapi_class_experiment_init
 .text.gecko_bgapi_class_flash_init
                0x00014c1a       0x12 C:\Users\Bruno\SimplicityStudio\v4_workspace\botao_panico_custom_board\protocol\bluetooth_2.7\lib\EFR32BG1B\GCC\libbluetooth.a(gecko_bgapi_flash.c.obj)
                0x00014c1a                gecko_bgapi_class_flash_init
 .text.gecko_bgapi_class_le_gap_init
                0x00014c2c       0x12 C:\Users\Bruno\SimplicityStudio\v4_workspace\botao_panico_custom_board\protocol\bluetooth_2.7\lib\EFR32BG1B\GCC\libbluetooth.a(gecko_bgapi_gap.c.obj)
                0x00014c2c                gecko_bgapi_class_le_gap_init
 .text.gecko_bgapi_class_gatt_init
                0x00014c3e       0x12 C:\Users\Bruno\SimplicityStudio\v4_workspace\botao_panico_custom_board\protocol\bluetooth_2.7\lib\EFR32BG1B\GCC\libbluetooth.a(gecko_bgapi_gatt.c.obj)
                0x00014c3e                gecko_bgapi_class_gatt_init
 .text.gecko_bgapi_class_gatt_server_init
                0x00014c50       0x12 C:\Users\Bruno\SimplicityStudio\v4_workspace\botao_panico_custom_board\protocol\bluetooth_2.7\lib\EFR32BG1B\GCC\libbluetooth.a(gecko_bgapi_gatt_server.c.obj)
                0x00014c50                gecko_bgapi_class_gatt_server_init
 .text.gecko_bgapi_class_hardware_init
                0x00014c62       0x12 C:\Users\Bruno\SimplicityStudio\v4_workspace\botao_panico_custom_board\protocol\bluetooth_2.7\lib\EFR32BG1B\GCC\libbluetooth.a(gecko_bgapi_hardware.c.obj)
                0x00014c62                gecko_bgapi_class_hardware_init
 .text.gecko_bgapi_class_le_connection_init
                0x00014c74       0x12 C:\Users\Bruno\SimplicityStudio\v4_workspace\botao_panico_custom_board\protocol\bluetooth_2.7\lib\EFR32BG1B\GCC\libbluetooth.a(gecko_bgapi_le_connection.c.obj)
                0x00014c74                gecko_bgapi_class_le_connection_init
 .text.gecko_bgapi_class_sm_init
                0x00014c86       0x12 C:\Users\Bruno\SimplicityStudio\v4_workspace\botao_panico_custom_board\protocol\bluetooth_2.7\lib\EFR32BG1B\GCC\libbluetooth.a(gecko_bgapi_sm.c.obj)
                0x00014c86                gecko_bgapi_class_sm_init
 .text.gecko_bgapi_class_system_init
                0x00014c98       0x12 C:\Users\Bruno\SimplicityStudio\v4_workspace\botao_panico_custom_board\protocol\bluetooth_2.7\lib\EFR32BG1B\GCC\libbluetooth.a(gecko_bgapi_system.c.obj)
                0x00014c98                gecko_bgapi_class_system_init
 .text.gecko_bgapi_class_test_init
                0x00014caa       0x12 C:\Users\Bruno\SimplicityStudio\v4_workspace\botao_panico_custom_board\protocol\bluetooth_2.7\lib\EFR32BG1B\GCC\libbluetooth.a(gecko_bgapi_test.c.obj)
                0x00014caa                gecko_bgapi_class_test_init
 .text.handle_bgapi_output
                0x00014cbc       0x70 C:\Users\Bruno\SimplicityStudio\v4_workspace\botao_panico_custom_board\protocol\bluetooth_2.7\lib\EFR32BG1B\GCC\libbluetooth.a(gecko_endpoints.c.obj)
 .text.finish_command.isra.0
                0x00014d2c       0x28 C:\Users\Bruno\SimplicityStudio\v4_workspace\botao_panico_custom_board\protocol\bluetooth_2.7\lib\EFR32BG1B\GCC\libbluetooth.a(gecko_endpoints.c.obj)
 .text.gecko_release_evt
                0x00014d54       0x14 C:\Users\Bruno\SimplicityStudio\v4_workspace\botao_panico_custom_board\protocol\bluetooth_2.7\lib\EFR32BG1B\GCC\libbluetooth.a(gecko_endpoints.c.obj)
                0x00014d54                gecko_release_evt
 .text.gecko_get_evt
                0x00014d68       0x10 C:\Users\Bruno\SimplicityStudio\v4_workspace\botao_panico_custom_board\protocol\bluetooth_2.7\lib\EFR32BG1B\GCC\libbluetooth.a(gecko_endpoints.c.obj)
                0x00014d68                gecko_get_evt
 .text.gecko_register_bgapi_library
                0x00014d78       0x38 C:\Users\Bruno\SimplicityStudio\v4_workspace\botao_panico_custom_board\protocol\bluetooth_2.7\lib\EFR32BG1B\GCC\libbluetooth.a(gecko_endpoints.c.obj)
                0x00014d78                gecko_register_bgapi_library
 .text.gecko_handle_library_packet
                0x00014db0       0x10 C:\Users\Bruno\SimplicityStudio\v4_workspace\botao_panico_custom_board\protocol\bluetooth_2.7\lib\EFR32BG1B\GCC\libbluetooth.a(gecko_endpoints.c.obj)
                0x00014db0                gecko_handle_library_packet
 .text.sli_bt_cmd_handler_delegate
                0x00014dc0       0x78 C:\Users\Bruno\SimplicityStudio\v4_workspace\botao_panico_custom_board\protocol\bluetooth_2.7\lib\EFR32BG1B\GCC\libbluetooth.a(gecko_endpoints.c.obj)
                0x00014dc0                sli_bt_cmd_handler_delegate
 .text.hci_increase_token
                0x00014e38       0x12 C:\Users\Bruno\SimplicityStudio\v4_workspace\botao_panico_custom_board\protocol\bluetooth_2.7\lib\EFR32BG1B\GCC\libbluetooth.a(hci.c.obj)
 *fill*         0x00014e4a        0x2 
 .text.hci_init
                0x00014e4c       0x1c C:\Users\Bruno\SimplicityStudio\v4_workspace\botao_panico_custom_board\protocol\bluetooth_2.7\lib\EFR32BG1B\GCC\libbluetooth.a(hci.c.obj)
                0x00014e4c                hci_init
 .text.hci_command_status_handle
                0x00014e68       0x40 C:\Users\Bruno\SimplicityStudio\v4_workspace\botao_panico_custom_board\protocol\bluetooth_2.7\lib\EFR32BG1B\GCC\libbluetooth.a(hci.c.obj)
                0x00014e68                hci_command_status_handle
 .text.hci_command_complete_handle
                0x00014ea8      0x168 C:\Users\Bruno\SimplicityStudio\v4_workspace\botao_panico_custom_board\protocol\bluetooth_2.7\lib\EFR32BG1B\GCC\libbluetooth.a(hci.c.obj)
                0x00014ea8                hci_command_complete_handle
 .text.hci_inject_acl
                0x00015010        0xc C:\Users\Bruno\SimplicityStudio\v4_workspace\botao_panico_custom_board\protocol\bluetooth_2.7\lib\EFR32BG1B\GCC\libbluetooth.a(hci.c.obj)
                0x00015010                hci_inject_acl
 .text.hci_packets_waiting
                0x0001501c       0x18 C:\Users\Bruno\SimplicityStudio\v4_workspace\botao_panico_custom_board\protocol\bluetooth_2.7\lib\EFR32BG1B\GCC\libbluetooth.a(hci.c.obj)
                0x0001501c                hci_packets_waiting
 .text.hci_get_acl_packet
                0x00015034       0x14 C:\Users\Bruno\SimplicityStudio\v4_workspace\botao_panico_custom_board\protocol\bluetooth_2.7\lib\EFR32BG1B\GCC\libbluetooth.a(hci.c.obj)
                0x00015034                hci_get_acl_packet
 .text.hci_send_command
                0x00015048       0x12 C:\Users\Bruno\SimplicityStudio\v4_workspace\botao_panico_custom_board\protocol\bluetooth_2.7\lib\EFR32BG1B\GCC\libbluetooth.a(hci.c.obj)
                0x00015048                hci_send_command
 .text.hci_read_bdaddr
                0x0001505a       0x1c C:\Users\Bruno\SimplicityStudio\v4_workspace\botao_panico_custom_board\protocol\bluetooth_2.7\lib\EFR32BG1B\GCC\libbluetooth.a(hci.c.obj)
                0x0001505a                hci_read_bdaddr
 *fill*         0x00015076        0x2 
 .text.hci_state_listener
                0x00015078       0x14 C:\Users\Bruno\SimplicityStudio\v4_workspace\botao_panico_custom_board\protocol\bluetooth_2.7\lib\EFR32BG1B\GCC\libbluetooth.a(hci.c.obj)
                0x00015078                hci_state_listener
 .text.hci_set_state
                0x0001508c       0x1c C:\Users\Bruno\SimplicityStudio\v4_workspace\botao_panico_custom_board\protocol\bluetooth_2.7\lib\EFR32BG1B\GCC\libbluetooth.a(hci.c.obj)
                0x0001508c                hci_set_state
 .text.hci_state_listener_init
                0x000150a8       0x10 C:\Users\Bruno\SimplicityStudio\v4_workspace\botao_panico_custom_board\protocol\bluetooth_2.7\lib\EFR32BG1B\GCC\libbluetooth.a(hci.c.obj)
                0x000150a8                hci_state_listener_init
 .text.hci_state_listener_init_default_data_length
                0x000150b8       0x68 C:\Users\Bruno\SimplicityStudio\v4_workspace\botao_panico_custom_board\protocol\bluetooth_2.7\lib\EFR32BG1B\GCC\libbluetooth.a(hci.c.obj)
                0x000150b8                hci_state_listener_init_default_data_length
 .text.hci_run  0x00015120        0x6 C:\Users\Bruno\SimplicityStudio\v4_workspace\botao_panico_custom_board\protocol\bluetooth_2.7\lib\EFR32BG1B\GCC\libbluetooth.a(hci.c.obj)
                0x00015120                hci_run
 .text.hci_start
                0x00015126        0x6 C:\Users\Bruno\SimplicityStudio\v4_workspace\botao_panico_custom_board\protocol\bluetooth_2.7\lib\EFR32BG1B\GCC\libbluetooth.a(hci.c.obj)
                0x00015126                hci_start
 .text.hci_cleanup_acl
                0x0001512c       0x28 C:\Users\Bruno\SimplicityStudio\v4_workspace\botao_panico_custom_board\protocol\bluetooth_2.7\lib\EFR32BG1B\GCC\libbluetooth.a(hci.c.obj)
                0x0001512c                hci_cleanup_acl
 .text.hci_send_acl
                0x00015154       0xb0 C:\Users\Bruno\SimplicityStudio\v4_workspace\botao_panico_custom_board\protocol\bluetooth_2.7\lib\EFR32BG1B\GCC\libbluetooth.a(hci.c.obj)
                0x00015154                hci_send_acl
 .text.hci_le_set_random_address
                0x00015204       0x30 C:\Users\Bruno\SimplicityStudio\v4_workspace\botao_panico_custom_board\protocol\bluetooth_2.7\lib\EFR32BG1B\GCC\libbluetooth.a(hci.c.obj)
                0x00015204                hci_le_set_random_address
 .text.hci_le_set_extended_advertising_parameters
                0x00015234       0xe8 C:\Users\Bruno\SimplicityStudio\v4_workspace\botao_panico_custom_board\protocol\bluetooth_2.7\lib\EFR32BG1B\GCC\libbluetooth.a(hci.c.obj)
                0x00015234                hci_le_set_extended_advertising_parameters
 .text.hci_le_set_advertising_set_random_address
                0x0001531c       0x30 C:\Users\Bruno\SimplicityStudio\v4_workspace\botao_panico_custom_board\protocol\bluetooth_2.7\lib\EFR32BG1B\GCC\libbluetooth.a(hci.c.obj)
                0x0001531c                hci_le_set_advertising_set_random_address
 .text.hci_le_set_extended_advertising_data
                0x0001534c       0x44 C:\Users\Bruno\SimplicityStudio\v4_workspace\botao_panico_custom_board\protocol\bluetooth_2.7\lib\EFR32BG1B\GCC\libbluetooth.a(hci.c.obj)
                0x0001534c                hci_le_set_extended_advertising_data
 .text.hci_le_set_extended_scan_response_data
                0x00015390       0x44 C:\Users\Bruno\SimplicityStudio\v4_workspace\botao_panico_custom_board\protocol\bluetooth_2.7\lib\EFR32BG1B\GCC\libbluetooth.a(hci.c.obj)
                0x00015390                hci_le_set_extended_scan_response_data
 .text.hci_le_set_extended_advertising_enable
                0x000153d4       0x40 C:\Users\Bruno\SimplicityStudio\v4_workspace\botao_panico_custom_board\protocol\bluetooth_2.7\lib\EFR32BG1B\GCC\libbluetooth.a(hci.c.obj)
                0x000153d4                hci_le_set_extended_advertising_enable
 .text.hci_le_set_scan_parameters
                0x00015414       0x40 C:\Users\Bruno\SimplicityStudio\v4_workspace\botao_panico_custom_board\protocol\bluetooth_2.7\lib\EFR32BG1B\GCC\libbluetooth.a(hci.c.obj)
                0x00015414                hci_le_set_scan_parameters
 .text.hci_le_set_scan_enable
                0x00015454       0x2c C:\Users\Bruno\SimplicityStudio\v4_workspace\botao_panico_custom_board\protocol\bluetooth_2.7\lib\EFR32BG1B\GCC\libbluetooth.a(hci.c.obj)
                0x00015454                hci_le_set_scan_enable
 .text.hci_le_create_connection_cancel
                0x00015480       0x14 C:\Users\Bruno\SimplicityStudio\v4_workspace\botao_panico_custom_board\protocol\bluetooth_2.7\lib\EFR32BG1B\GCC\libbluetooth.a(hci.c.obj)
                0x00015480                hci_le_create_connection_cancel
 .text.hci_close_acl
                0x00015494       0x42 C:\Users\Bruno\SimplicityStudio\v4_workspace\botao_panico_custom_board\protocol\bluetooth_2.7\lib\EFR32BG1B\GCC\libbluetooth.a(hci.c.obj)
                0x00015494                hci_close_acl
 *fill*         0x000154d6        0x2 
 .text.hci_le_connection_update
                0x000154d8       0x58 C:\Users\Bruno\SimplicityStudio\v4_workspace\botao_panico_custom_board\protocol\bluetooth_2.7\lib\EFR32BG1B\GCC\libbluetooth.a(hci.c.obj)
                0x000154d8                hci_le_connection_update
 .text.hci_le_start_encryption
                0x00015530       0x50 C:\Users\Bruno\SimplicityStudio\v4_workspace\botao_panico_custom_board\protocol\bluetooth_2.7\lib\EFR32BG1B\GCC\libbluetooth.a(hci.c.obj)
                0x00015530                hci_le_start_encryption
 .text.hci_le_ltk_reply
                0x00015580       0x4a C:\Users\Bruno\SimplicityStudio\v4_workspace\botao_panico_custom_board\protocol\bluetooth_2.7\lib\EFR32BG1B\GCC\libbluetooth.a(hci.c.obj)
                0x00015580                hci_le_ltk_reply
 *fill*         0x000155ca        0x2 
 .text.hci_le_remote_connection_parameter_request_reply
                0x000155cc       0x54 C:\Users\Bruno\SimplicityStudio\v4_workspace\botao_panico_custom_board\protocol\bluetooth_2.7\lib\EFR32BG1B\GCC\libbluetooth.a(hci.c.obj)
                0x000155cc                hci_le_remote_connection_parameter_request_reply
 .text.hci_event_handle_le_meta
                0x00015620      0x260 C:\Users\Bruno\SimplicityStudio\v4_workspace\botao_panico_custom_board\protocol\bluetooth_2.7\lib\EFR32BG1B\GCC\libbluetooth.a(hci.c.obj)
                0x00015620                hci_event_handle_le_meta
 .text.hci_event_handle
                0x00015880       0xf4 C:\Users\Bruno\SimplicityStudio\v4_workspace\botao_panico_custom_board\protocol\bluetooth_2.7\lib\EFR32BG1B\GCC\libbluetooth.a(hci.c.obj)
                0x00015880                hci_event_handle
 .text.hci_get_and_handle
                0x00015974       0x2e C:\Users\Bruno\SimplicityStudio\v4_workspace\botao_panico_custom_board\protocol\bluetooth_2.7\lib\EFR32BG1B\GCC\libbluetooth.a(hci.c.obj)
                0x00015974                hci_get_and_handle
 *fill*         0x000159a2        0x2 
 .text.hci_state_listener_idle
                0x000159a4       0x1c C:\Users\Bruno\SimplicityStudio\v4_workspace\botao_panico_custom_board\protocol\bluetooth_2.7\lib\EFR32BG1B\GCC\libbluetooth.a(hci.c.obj)
                0x000159a4                hci_state_listener_idle
 .text.cmd2bgbuf
                0x000159c0        0x4 C:\Users\Bruno\SimplicityStudio\v4_workspace\botao_panico_custom_board\protocol\bluetooth_2.7\lib\EFR32BG1B\GCC\libbluetooth.a(hci_pck.c.obj)
                0x000159c0                cmd2bgbuf
 .text.hci_command_alloc
                0x000159c4       0x2e C:\Users\Bruno\SimplicityStudio\v4_workspace\botao_panico_custom_board\protocol\bluetooth_2.7\lib\EFR32BG1B\GCC\libbluetooth.a(hci_pck.c.obj)
                0x000159c4                hci_command_alloc
 *fill*         0x000159f2        0x2 
 .text.hci_get_output_acl
                0x000159f4        0xc C:\Users\Bruno\SimplicityStudio\v4_workspace\botao_panico_custom_board\protocol\bluetooth_2.7\lib\EFR32BG1B\GCC\libbluetooth.a(hci_pck.c.obj)
                0x000159f4                hci_get_output_acl
 .text.hci_get_event
                0x00015a00       0x14 C:\Users\Bruno\SimplicityStudio\v4_workspace\botao_panico_custom_board\protocol\bluetooth_2.7\lib\EFR32BG1B\GCC\libbluetooth.a(hci_pck.c.obj)
                0x00015a00                hci_get_event
 .text.hci_inject_event
                0x00015a14       0x18 C:\Users\Bruno\SimplicityStudio\v4_workspace\botao_panico_custom_board\protocol\bluetooth_2.7\lib\EFR32BG1B\GCC\libbluetooth.a(hci_pck.c.obj)
                0x00015a14                hci_inject_event
 .text.bg_pre_sleep
                0x00015a2c        0x2 C:\Users\Bruno\SimplicityStudio\v4_workspace\botao_panico_custom_board\protocol\bluetooth_2.7\lib\EFR32BG1B\GCC\libbluetooth.a(init.c.obj)
                0x00015a2c                bg_pre_sleep
 .text.bg_post_wakeup
                0x00015a2e        0x2 C:\Users\Bruno\SimplicityStudio\v4_workspace\botao_panico_custom_board\protocol\bluetooth_2.7\lib\EFR32BG1B\GCC\libbluetooth.a(init.c.obj)
                0x00015a2e                bg_post_wakeup
 .text.set_power_curves.constprop.0
                0x00015a30       0x40 C:\Users\Bruno\SimplicityStudio\v4_workspace\botao_panico_custom_board\protocol\bluetooth_2.7\lib\EFR32BG1B\GCC\libbluetooth.a(init.c.obj)
 .text.bg_low_init
                0x00015a70       0x30 C:\Users\Bruno\SimplicityStudio\v4_workspace\botao_panico_custom_board\protocol\bluetooth_2.7\lib\EFR32BG1B\GCC\libbluetooth.a(init.c.obj)
                0x00015a70                bg_low_init
 .text.bg_radio_pa_set_tx_power
                0x00015aa0       0xb0 C:\Users\Bruno\SimplicityStudio\v4_workspace\botao_panico_custom_board\protocol\bluetooth_2.7\lib\EFR32BG1B\GCC\libbluetooth.a(init.c.obj)
                0x00015aa0                bg_radio_pa_set_tx_power
 .text.bg_radio_init
                0x00015b50       0xe0 C:\Users\Bruno\SimplicityStudio\v4_workspace\botao_panico_custom_board\protocol\bluetooth_2.7\lib\EFR32BG1B\GCC\libbluetooth.a(init.c.obj)
                0x00015b50                bg_radio_init
 .text.irq_init
                0x00015c30       0x78 C:\Users\Bruno\SimplicityStudio\v4_workspace\botao_panico_custom_board\protocol\bluetooth_2.7\lib\EFR32BG1B\GCC\libbluetooth.a(irq.c.obj)
                0x00015c30                irq_init
 .text.l2cap_send_update_parameters_response
                0x00015ca8       0x4a C:\Users\Bruno\SimplicityStudio\v4_workspace\botao_panico_custom_board\protocol\bluetooth_2.7\lib\EFR32BG1B\GCC\libbluetooth.a(l2cap.c.obj)
 *fill*         0x00015cf2        0x2 
 .text.l2cap_message_handler
                0x00015cf4       0x34 C:\Users\Bruno\SimplicityStudio\v4_workspace\botao_panico_custom_board\protocol\bluetooth_2.7\lib\EFR32BG1B\GCC\libbluetooth.a(l2cap.c.obj)
                0x00015cf4                l2cap_message_handler
 .text.l2cap_send_command_reject.constprop.1
                0x00015d28       0x4a C:\Users\Bruno\SimplicityStudio\v4_workspace\botao_panico_custom_board\protocol\bluetooth_2.7\lib\EFR32BG1B\GCC\libbluetooth.a(l2cap.c.obj)
 *fill*         0x00015d72        0x2 
 .text.l2cap_init
                0x00015d74       0x20 C:\Users\Bruno\SimplicityStudio\v4_workspace\botao_panico_custom_board\protocol\bluetooth_2.7\lib\EFR32BG1B\GCC\libbluetooth.a(l2cap.c.obj)
                0x00015d74                l2cap_init
 .text.l2cap_send_fixed_channel
                0x00015d94       0x40 C:\Users\Bruno\SimplicityStudio\v4_workspace\botao_panico_custom_board\protocol\bluetooth_2.7\lib\EFR32BG1B\GCC\libbluetooth.a(l2cap.c.obj)
                0x00015d94                l2cap_send_fixed_channel
 .text.l2cap_connection_parameters_update
                0x00015dd4       0x6c C:\Users\Bruno\SimplicityStudio\v4_workspace\botao_panico_custom_board\protocol\bluetooth_2.7\lib\EFR32BG1B\GCC\libbluetooth.a(l2cap.c.obj)
                0x00015dd4                l2cap_connection_parameters_update
 .text.acl_packet_handle
                0x00015e40      0x15c C:\Users\Bruno\SimplicityStudio\v4_workspace\botao_panico_custom_board\protocol\bluetooth_2.7\lib\EFR32BG1B\GCC\libbluetooth.a(l2cap.c.obj)
                0x00015e40                acl_packet_handle
 .text.ll_hciSetCommandCompleteHeader